Product: MDK-ARM Standard 5.10
Component: ARM Compiler 5.04 update 1 (build 49)
Tool: armlink [5040049]

==============================================================================

Section Cross References

    main.o(.text) refers to stm32f4xx_rcc.o(.text) for RCC_AHB1PeriphClockCmd
    main.o(.text) refers to stm32f4xx_gpio.o(.text) for GPIO_Init
    main.o(.text) refers to rt_cmsis.o(i.osDelay) for osDelay
    main.o(.text) refers to accelerometer.o(.text) for init_accel
    main.o(.text) refers to alarm.o(.text) for letThereBeLight
    main.o(.text) refers to keypad.o(.text) for keypad_read
    main.o(.text) refers to printf1.o(i.__0printf$1) for __2printf
    main.o(.text) refers to segmentdisplay.o(.text) for display
    main.o(.text) refers to temperature.o(.text) for readTemperature
    main.o(.text) refers to rt_cmsis.o(i.osKernelInitialize) for osKernelInitialize
    main.o(.text) refers to rt_cmsis.o(i.osThreadCreate) for osThreadCreate
    main.o(.text) refers to rt_cmsis.o(i.osKernelStart) for osKernelStart
    main.o(.text) refers to stm32f4xx_tim.o(.text) for TIM_GetITStatus
    main.o(.text) refers to rt_cmsis.o(i.osSignalSet) for osSignalSet
    main.o(.text) refers to main.o(.data) for temperatureValue
    main.o(.text) refers to main.o(.constdata) for os_thread_def_alarm_thread
    main.o(.constdata) refers to main.o(.text) for acc_thread
    lis3dsh.o(.text) refers to stm32f4xx_spi.o(.text) for SPI_I2S_GetFlagStatus
    lis3dsh.o(.text) refers to stm32f4xx_gpio.o(.text) for GPIO_ResetBits
    lis3dsh.o(.text) refers to stm32f4xx_rcc.o(.text) for RCC_APB2PeriphClockCmd
    lis3dsh.o(.text) refers to f2d.o(.text) for __aeabi_f2d
    lis3dsh.o(.text) refers to dmul.o(.text) for __aeabi_dmul
    lis3dsh.o(.text) refers to d2f.o(.text) for __aeabi_d2f
    lis3dsh.o(.text) refers to lis3dsh.o(.data) for LIS3DSHTimeout
    lis302dl.o(.text) refers to stm32f4xx_spi.o(.text) for SPI_I2S_GetFlagStatus
    lis302dl.o(.text) refers to stm32f4xx_gpio.o(.text) for GPIO_ResetBits
    lis302dl.o(.text) refers to stm32f4xx_rcc.o(.text) for RCC_APB2PeriphClockCmd
    lis302dl.o(.text) refers to lis302dl.o(.data) for LIS302DLTimeout
    keypad.o(.text) refers to stm32f4xx_rcc.o(.text) for RCC_AHB1PeriphClockCmd
    keypad.o(.text) refers to stm32f4xx_gpio.o(.text) for GPIO_Init
    keypad.o(.text) refers to keypad.o(.data) for GPIO_InitStructure
    segmentdisplay.o(.text) refers to stm32f4xx_rcc.o(.text) for RCC_APB1PeriphClockCmd
    segmentdisplay.o(.text) refers to stm32f4xx_tim.o(.text) for TIM_TimeBaseInit
    segmentdisplay.o(.text) refers to misc.o(.text) for NVIC_Init
    segmentdisplay.o(.text) refers to stm32f4xx_gpio.o(.text) for GPIO_Init
    segmentdisplay.o(.text) refers to rt_cmsis.o(i.osSignalWait) for osSignalWait
    segmentdisplay.o(.text) refers to printf1.o(i.__0printf$1) for __2printf
    segmentdisplay.o(.text) refers to segmentdisplay.o(.data) for NVIC_InitStructure
    movingaveragefloat.o(.text) refers to movingaveragefloat.o(.data) for BufferIndex
    movingaveragefloat.o(.text) refers to movingaveragefloat.o(.bss) for Buffer
    accelerometer.o(.text) refers to stm32f4xx_rcc.o(.text) for RCC_APB2PeriphClockCmd
    accelerometer.o(.text) refers to stm32f4xx_syscfg.o(.text) for SYSCFG_EXTILineConfig
    accelerometer.o(.text) refers to stm32f4xx_exti.o(.text) for EXTI_Init
    accelerometer.o(.text) refers to misc.o(.text) for NVIC_Init
    accelerometer.o(.text) refers to lis302dl.o(.text) for LIS302DL_Init
    accelerometer.o(.text) refers to f2d.o(.text) for __aeabi_f2d
    accelerometer.o(.text) refers to sqrt.o(i.__hardfp_sqrt) for __hardfp_sqrt
    accelerometer.o(.text) refers to ddiv.o(.text) for __aeabi_ddiv
    accelerometer.o(.text) refers to atan.o(i.__hardfp_atan) for __hardfp_atan
    accelerometer.o(.text) refers to dmul.o(.text) for __aeabi_dmul
    accelerometer.o(.text) refers to d2f.o(.text) for __aeabi_d2f
    accelerometer.o(.text) refers to rt_cmsis.o(i.osSignalSet) for osSignalSet
    accelerometer.o(.text) refers to movingaveragefloat.o(.text) for AddValuesToWindows
    accelerometer.o(.text) refers to rt_cmsis.o(i.osSignalWait) for osSignalWait
    accelerometer.o(.text) refers to accelerometer.o(.data) for GPIO_InitStructure
    accelerometer.o(.text) refers to accelerometer.o(.bss) for buffer
    temperature.o(.text) refers to stm32f4xx_rcc.o(.text) for RCC_APB1PeriphClockCmd
    temperature.o(.text) refers to stm32f4xx_tim.o(.text) for TIM_TimeBaseInit
    temperature.o(.text) refers to misc.o(.text) for NVIC_Init
    temperature.o(.text) refers to f2d.o(.text) for __aeabi_f2d
    temperature.o(.text) refers to dadd.o(.text) for __aeabi_dsub
    temperature.o(.text) refers to d2f.o(.text) for __aeabi_d2f
    temperature.o(.text) refers to ddiv.o(.text) for __aeabi_ddiv
    temperature.o(.text) refers to stm32f4xx_adc.o(.text) for ADC_CommonInit
    temperature.o(.text) refers to rt_cmsis.o(i.osSignalWait) for osSignalWait
[...]
    NVIC_InitStructure                       0x20000150   Data           4  accelerometer.o(.data)
    EXTI_InitStructure                       0x20000154   Data           8  accelerometer.o(.data)
    .data                                    0x20000160   Section       28  temperature.o(.data)
    GPIO_InitStructure                       0x20000164   Data           8  temperature.o(.data)
    NVIC_InitStructure                       0x2000016c   Data           4  temperature.o(.data)
    EXTI_InitStructure                       0x20000170   Data           8  temperature.o(.data)
    increment                                0x20000178   Data           4  temperature.o(.data)
    .data                                    0x2000017c   Section       20  alarm.o(.data)
    GPIO_InitStructure                       0x2000017c   Data           8  alarm.o(.data)
    NVIC_InitStructure                       0x20000184   Data           4  alarm.o(.data)
    EXTI_InitStructure                       0x20000188   Data           8  alarm.o(.data)
    .data                                    0x20000190   Section       32  rtx_conf_cm.o(.data)
    .data                                    0x200001b0   Section       16  stm32f4xx_rcc.o(.data)
    APBAHBPrescTable                         0x200001b0   Data          16  stm32f4xx_rcc.o(.data)
    .data                                    0x200001c0   Section       20  system_stm32f4xx.o(.data)
    .data                                    0x200001d4   Section        8  rt_cmsis.o(.data)
    .data                                    0x200001dc   Section        8  rt_task.o(.data)
    .data                                    0x200001e4   Section        8  rt_system.o(.data)
    os_lock                                  0x200001e4   Data           1  rt_system.o(.data)
    os_psh_flag                              0x200001e5   Data           1  rt_system.o(.data)
    pend_flags                               0x200001e6   Data           1  rt_system.o(.data)
    .data                                    0x200001ec   Section        4  rt_time.o(.data)
    .data                                    0x200001f0   Section        1  hal_cm.o(.data)
    .data                                    0x200001f4   Section        8  rt_robin.o(.data)
    .data                                    0x200001fc   Section        4  stdout.o(.data)
    .data                                    0x20000200   Section        4  errno.o(.data)
    _errno                                   0x20000200   Data           4  errno.o(.data)
    .bss                                     0x20000204   Section      856  movingaveragefloat.o(.bss)
    .bss                                     0x2000055c   Section       24  accelerometer.o(.bss)
    .bss                                     0x20000574   Section       72  temperature.o(.bss)
    TIM_InitStruct                           0x20000574   Data          12  temperature.o(.bss)
    TIM_OCInitStructure                      0x20000580   Data          20  temperature.o(.bss)
    adc_init_s                               0x20000594   Data          24  temperature.o(.bss)
    adc_common_init_s                        0x200005ac   Data          16  temperature.o(.bss)
    .bss                                     0x200005bc   Section       92  alarm.o(.bss)
    TIM_InitStruct                           0x200005bc   Data          12  alarm.o(.bss)
    TIM_OCInitStructure                      0x200005c8   Data          20  alarm.o(.bss)
    adc_init_s                               0x200005dc   Data          24  alarm.o(.bss)
    adc_common_init_s                        0x200005f4   Data          16  alarm.o(.bss)
    .bss                                     0x20000618   Section     9216  rtx_conf_cm.o(.bss)
    .bss                                     0x20002a18   Section       52  rt_task.o(.bss)
    .bss                                     0x20002a4c   Section       48  rt_list.o(.bss)
    STACK                                    0x20002a80   Section     1024  startup_stm32f40_41xxx.o(STACK)

    Global Symbols

    Symbol Name                              Value     Ov Type        Size  Object(Section)

    BuildAttributes$$THM_ISAv4$E$P$D$K$B$S$7EM$VFPi3$EXTD16$VFPS$VFMA$PE$A:L22UL41UL21$X:L11$S22US41US21$IEEE1$IW$USESV6$~STKCKD$USESV7$~SHL$OTIME$ROPI$IEEEX$EBA8$MICROLIB$REQ8$PRES8$EABIv2 0x00000000   Number         0  anon$$obj.o ABSOLUTE
    __ARM_use_no_argv                        0x00000000   Number         0  main.o ABSOLUTE
    _printf_a                                0x00000000   Number         0  stubs.o ABSOLUTE
    _printf_c                                0x00000000   Number         0  stubs.o ABSOLUTE
    _printf_charcount                        0x00000000   Number         0  stubs.o ABSOLUTE
    _printf_d                                0x00000000   Number         0  stubs.o ABSOLUTE
    _printf_e                                0x00000000   Number         0  stubs.o ABSOLUTE
    _printf_f                                0x00000000   Number         0  stubs.o ABSOLUTE
    _printf_flags                            0x00000000   Number         0  stubs.o ABSOLUTE
    _printf_fp_dec                           0x00000000   Number         0  stubs.o ABSOLUTE
    _printf_fp_hex                           0x00000000   Number         0  stubs.o ABSOLUTE
    _printf_g                                0x00000000   Number         0  stubs.o ABSOLUTE
    _printf_i                                0x00000000   Number         0  stubs.o ABSOLUTE
    _printf_int_dec                          0x00000000   Number         0  stubs.o ABSOLUTE
    _printf_l                                0x00000000   Number         0  stubs.o ABSOLUTE
    _printf_lc                               0x00000000   Number         0  stubs.o ABSOLUTE
    _printf_ll                               0x00000000   Number         0  stubs.o ABSOLUTE
    _printf_lld                              0x00000000   Number         0  stubs.o ABSOLUTE
    _printf_lli                              0x00000000   Number         0  stubs.o ABSOLUTE
    _printf_llo                              0x00000000   Number         0  stubs.o ABSOLUTE
    _printf_llu                              0x00000000   Number         0  stubs.o ABSOLUTE
    _printf_llx                              0x00000000   Number         0  stubs.o ABSOLUTE
    _printf_longlong_dec                     0x00000000   Number         0  stubs.o ABSOLUTE
    _printf_longlong_hex                     0x00000000   Number         0  stubs.o ABSOLUTE
    _printf_longlong_oct                     0x00000000   Number         0  stubs.o ABSOLUTE
    _printf_ls                               0x00000000   Number         0  stubs.o ABSOLUTE
    _printf_mbtowc                           0x00000000   Number         0  stubs.o ABSOLUTE
    _printf_n                                0x00000000   Number         0  stubs.o ABSOLUTE
    _printf_o                                0x00000000   Number         0  stubs.o ABSOLUTE
    _printf_p                                0x00000000   Number         0  stubs.o ABSOLUTE
    _printf_percent                          0x00000000   Number         0  stubs.o ABSOLUTE
    _printf_pre_padding                      0x00000000   Number         0  stubs.o ABSOLUTE
    _printf_return_value                     0x00000000   Number         0  stubs.o ABSOLUTE
    _printf_s                                0x00000000   Number         0  stubs.o ABSOLUTE
    _printf_sizespec                         0x00000000   Number         0  stubs.o ABSOLUTE
    _printf_str                              0x00000000   Number         0  stubs.o ABSOLUTE
    _printf_truncate_signed                  0x00000000   Number         0  stubs.o ABSOLUTE
    _printf_truncate_unsigned                0x00000000   Number         0  stubs.o ABSOLUTE
    _printf_u                                0x00000000   Number         0  stubs.o ABSOLUTE
    _printf_wc                               0x00000000   Number         0  stubs.o ABSOLUTE
    _printf_wctomb                           0x00000000   Number         0  stubs.o ABSOLUTE
    _printf_widthprec                        0x00000000   Number         0  stubs.o ABSOLUTE
    _printf_x                                0x00000000   Number         0  stubs.o ABSOLUTE
    __cpp_initialize__aeabi_                  - Undefined Weak Reference
    __cxa_finalize                            - Undefined Weak Reference
    _clock_init                               - Undefined Weak Reference
    _microlib_exit                            - Undefined Weak Reference
    __Vectors_Size                           0x00000188   Number         0  startup_stm32f40_41xxx.o ABSOLUTE
    __RL_RTX_VER                             0x00000473   Number         0  rt_system.o ABSOLUTE
    __Vectors                                0x08000000   Data           4  startup_stm32f40_41xxx.o(RESET)
    __Vectors_End                            0x08000188   Data           0  startup_stm32f40_41xxx.o(RESET)
    __main                                   0x08000189   Thumb Code     0  entry.o(.ARM.Collect$$$$00000000)
    _main_stk                                0x08000189   Thumb Code     0  entry2.o(.ARM.Collect$$$$00000001)
    _main_scatterload                        0x0800018d   Thumb Code     0  entry5.o(.ARM.Collect$$$$00000004)
    __main_after_scatterload                 0x08000191   Thumb Code     0  entry5.o(.ARM.Collect$$$$00000004)
    __rt_final_cpp                           0x08000191   Thumb Code     0  entry10a.o(.ARM.Collect$$$$0000000D)
    __rt_final_exit                          0x08000191   Thumb Code     0  entry11a.o(.ARM.Collect$$$$0000000F)
    _main_clock                              0x08000191   Thumb Code     0  entry7b.o(.ARM.Collect$$$$00000008)
    _main_cpp_init                           0x08000191   Thumb Code     0  entry8b.o(.ARM.Collect$$$$0000000A)
    _main_init                               0x08000191   Thumb Code    18  rtx_conf_cm.o(.ARM.Collect$$$$000000FF)
    rt_set_PSP                               0x080001ad   Thumb Code     6  hal_cm4.o(.emb_text)
    rt_get_PSP                               0x080001b3   Thumb Code     6  hal_cm4.o(.emb_text)
    os_set_env                               0x080001b9   Thumb Code    24  hal_cm4.o(.emb_text)
    _alloc_box                               0x080001d5   Thumb Code    28  hal_cm4.o(.emb_text)
    _free_box                                0x080001f5   Thumb Code    28  hal_cm4.o(.emb_text)
    SVC_Handler                              0x08000215   Thumb Code   148  hal_cm4.o(.emb_text)
    PendSV_Handler                           0x080002b5   Thumb Code    96  hal_cm4.o(.emb_text)
    SysTick_Handler                          0x08000319   Thumb Code     8  hal_cm4.o(.emb_text)
    OS_Tick_Handler                          0x08000321   Thumb Code    12  hal_cm4.o(.emb_text)
    Blinky_GPIO_Init                         0x0800032d   Thumb Code    50  main.o(.text)
    alarm_thread                             0x0800035f   Thumb Code    44  main.o(.text)
    acc_thread                               0x0800038b   Thumb Code   106  main.o(.text)
    keypad_thread                            0x080003f5   Thumb Code    86  main.o(.text)
    display_thread                           0x0800044b   Thumb Code    42  main.o(.text)
    temp_thread                              0x08000475   Thumb Code    14  main.o(.text)
    main                                     0x08000483   Thumb Code    90  main.o(.text)
    TIM2_IRQHandler                          0x080004dd   Thumb Code    32  main.o(.text)
    TIM3_IRQHandler                          0x080004fd   Thumb Code    32  main.o(.text)
    fputc                                    0x08000579   Thumb Code    50  fputc_debug.o(.text)
    LIS302DL_TIMEOUT_UserCallback            0x080005b1   Thumb Code     4  lis302dl.o(.text)
    LIS302DL_Write                           0x08000617   Thumb Code    58  lis302dl.o(.text)
    LIS302DL_Init                            0x08000777   Thumb Code    44  lis302dl.o(.text)
    LIS302DL_Read                            0x080007a3   Thumb Code    66  lis302dl.o(.text)
    LIS302DL_FilterConfig                    0x080007e5   Thumb Code    58  lis302dl.o(.text)
    LIS302DL_InterruptConfig                 0x0800081f   Thumb Code    42  lis302dl.o(.text)
    LIS302DL_LowpowerCmd                     0x08000849   Thumb Code    44  lis302dl.o(.text)
    LIS302DL_DataRateCmd                     0x08000875   Thumb Code    44  lis302dl.o(.text)
    LIS302DL_FullScaleCmd                    0x080008a1   Thumb Code    44  lis302dl.o(.text)
    LIS302DL_RebootCmd                       0x080008cd   Thumb Code    34  lis302dl.o(.text)
    LIS302DL_ReadACC                         0x080008ef   Thumb Code   112  lis302dl.o(.text)
    keypad_init                              0x08000971   Thumb Code   102  keypad.o(.text)
    set_col_read                             0x080009d7   Thumb Code    46  keypad.o(.text)
    set_row_read                             0x08000a05   Thumb Code    46  keypad.o(.text)
    keypad_read                              0x08000a33   Thumb Code   280  keypad.o(.text)
    init_TIM3                                0x08000b69   Thumb Code    90  segmentdisplay.o(.text)
    init_segment                             0x08000bc3   Thumb Code    52  segmentdisplay.o(.text)
    segments                                 0x08000bf7   Thumb Code   166  segmentdisplay.o(.text)
    display                                  0x08000c9d   Thumb Code   458  segmentdisplay.o(.text)
    displayGuessedValue                      0x08000e67   Thumb Code   382  segmentdisplay.o(.text)
    AddValueToWindow                         0x08000fed   Thumb Code    50  movingaveragefloat.o(.text)
    GetAverageWindow                         0x0800101f   Thumb Code   104  movingaveragefloat.o(.text)
    AddValuesToWindows                       0x08001087   Thumb Code    88  movingaveragefloat.o(.text)
    GetAverageX                              0x080010df   Thumb Code    70  movingaveragefloat.o(.text)
    GetAverageY                              0x08001125   Thumb Code    70  movingaveragefloat.o(.text)
    GetAverageZ                              0x0800116b   Thumb Code    70  movingaveragefloat.o(.text)
    EXTI_NVIC_init                           0x080011d5   Thumb Code    96  accelerometer.o(.text)
    init_accel                               0x08001235   Thumb Code    54  accelerometer.o(.text)
    roll                                     0x0800126b   Thumb Code   218  accelerometer.o(.text)
    pitch                                    0x08001345   Thumb Code   218  accelerometer.o(.text)
    EXTI1_IRQHandler                         0x0800141f   Thumb Code    34  accelerometer.o(.text)
    calibrate                                0x08001441   Thumb Code   184  accelerometer.o(.text)
    filter                                   0x080014f9   Thumb Code    32  accelerometer.o(.text)
    getRoll                                  0x08001519   Thumb Code    56  accelerometer.o(.text)
    tempTimerInit                            0x08001595   Thumb Code   146  temperature.o(.text)
    ConvertToTemperature                     0x08001627   Thumb Code   140  temperature.o(.text)
    initTemperatureSensor                    0x080016b3   Thumb Code   100  temperature.o(.text)
    readTemperature                          0x08001717   Thumb Code    78  temperature.o(.text)
    initializeTimer                          0x08001795   Thumb Code    54  alarm.o(.text)
    initializeLEDs                           0x080017cb   Thumb Code    88  alarm.o(.text)
    initializePWMChannel                     0x08001823   Thumb Code    50  alarm.o(.text)
    setGreen                                 0x08001855   Thumb Code    20  alarm.o(.text)
    setOrange                                0x08001869   Thumb Code    20  alarm.o(.text)
    setBlue                                  0x0800187d   Thumb Code    20  alarm.o(.text)
    setRed                                   0x08001891   Thumb Code    20  alarm.o(.text)
    letThereBeLight                          0x080018a5   Thumb Code   130  alarm.o(.text)
    timerInit                                0x08001927   Thumb Code   146  alarm.o(.text)
    initAlarm                                0x080019b9   Thumb Code    16  alarm.o(.text)
    os_idle_demon                            0x080019e9   Thumb Code     4  rtx_conf_cm.o(.text)
    os_error                                 0x080019ed   Thumb Code    26  rtx_conf_cm.o(.text)
    NVIC_PriorityGroupConfig                 0x08001a09   Thumb Code    10  misc.o(.text)
    NVIC_Init                                0x08001a13   Thumb Code   106  misc.o(.text)
    NVIC_SetVectorTable                      0x08001a7d   Thumb Code    14  misc.o(.text)
    NVIC_SystemLPConfig                      0x08001a8b   Thumb Code    34  misc.o(.text)
    SysTick_CLKSourceConfig                  0x08001aad   Thumb Code    40  misc.o(.text)
    ADC_DeInit                               0x08001ae9   Thumb Code    22  stm32f4xx_adc.o(.text)
    ADC_Init                                 0x08001aff   Thumb Code    74  stm32f4xx_adc.o(.text)
    ADC_StructInit                           0x08001b49   Thumb Code    20  stm32f4xx_adc.o(.text)
    ADC_CommonInit                           0x08001b5d   Thumb Code    34  stm32f4xx_adc.o(.text)
    ADC_CommonStructInit                     0x08001b7f   Thumb Code    12  stm32f4xx_adc.o(.text)
    ADC_Cmd                                  0x08001b8b   Thumb Code    22  stm32f4xx_adc.o(.text)
    ADC_AnalogWatchdogCmd                    0x08001ba1   Thumb Code    16  stm32f4xx_adc.o(.text)
    ADC_AnalogWatchdogThresholdsConfig       0x08001bb1   Thumb Code     6  stm32f4xx_adc.o(.text)
    ADC_AnalogWatchdogSingleChannelConfig    0x08001bb7   Thumb Code    16  stm32f4xx_adc.o(.text)
    ADC_TempSensorVrefintCmd                 0x08001bc7   Thumb Code    34  stm32f4xx_adc.o(.text)
    ADC_VBATCmd                              0x08001be9   Thumb Code    34  stm32f4xx_adc.o(.text)
    ADC_RegularChannelConfig                 0x08001c0b   Thumb Code   184  stm32f4xx_adc.o(.text)
    ADC_SoftwareStartConv                    0x08001cc3   Thumb Code    10  stm32f4xx_adc.o(.text)
    ADC_GetSoftwareStartConvStatus           0x08001ccd   Thumb Code    20  stm32f4xx_adc.o(.text)
    ADC_EOCOnEachRegularChannelCmd           0x08001ce1   Thumb Code    22  stm32f4xx_adc.o(.text)
    ADC_ContinuousModeCmd                    0x08001cf7   Thumb Code    22  stm32f4xx_adc.o(.text)
    ADC_DiscModeChannelCountConfig           0x08001d0d   Thumb Code    24  stm32f4xx_adc.o(.text)
    ADC_DiscModeCmd                          0x08001d25   Thumb Code    22  stm32f4xx_adc.o(.text)
    ADC_GetConversionValue                   0x08001d3b   Thumb Code     8  stm32f4xx_adc.o(.text)
    ADC_GetMultiModeConversionValue          0x08001d43   Thumb Code     8  stm32f4xx_adc.o(.text)
    ADC_DMACmd                               0x08001d4b   Thumb Code    22  stm32f4xx_adc.o(.text)
    ADC_DMARequestAfterLastTransferCmd       0x08001d61   Thumb Code    22  stm32f4xx_adc.o(.text)
    ADC_MultiModeDMARequestAfterLastTransferCmd 0x08001d77   Thumb Code    34  stm32f4xx_adc.o(.text)
    ADC_InjectedChannelConfig                0x08001d99   Thumb Code   130  stm32f4xx_adc.o(.text)
    ADC_InjectedSequencerLengthConfig        0x08001e1b   Thumb Code    24  stm32f4xx_adc.o(.text)
    ADC_SetInjectedOffset                    0x08001e33   Thumb Code    20  stm32f4xx_adc.o(.text)
    ADC_ExternalTrigInjectedConvConfig       0x08001e47   Thumb Code    16  stm32f4xx_adc.o(.text)
    ADC_ExternalTrigInjectedConvEdgeConfig   0x08001e57   Thumb Code    16  stm32f4xx_adc.o(.text)
    ADC_SoftwareStartInjectedConv            0x08001e67   Thumb Code    10  stm32f4xx_adc.o(.text)
    ADC_GetSoftwareStartInjectedConvCmdStatus 0x08001e71   Thumb Code    20  stm32f4xx_adc.o(.text)
    ADC_AutoInjectedConvCmd                  0x08001e85   Thumb Code    22  stm32f4xx_adc.o(.text)
    ADC_InjectedDiscModeCmd                  0x08001e9b   Thumb Code    22  stm32f4xx_adc.o(.text)
    ADC_GetInjectedConversionValue           0x08001eb1   Thumb Code    28  stm32f4xx_adc.o(.text)
    ADC_ITConfig                             0x08001ecd   Thumb Code    56  stm32f4xx_adc.o(.text)
    ADC_GetFlagStatus                        0x08001f05   Thumb Code    18  stm32f4xx_adc.o(.text)
    ADC_ClearFlag                            0x08001f17   Thumb Code     6  stm32f4xx_adc.o(.text)
    ADC_GetITStatus                          0x08001f1d   Thumb Code    38  stm32f4xx_adc.o(.text)
    ADC_ClearITPendingBit                    0x08001f43   Thumb Code    10  stm32f4xx_adc.o(.text)
    EXTI_DeInit                              0x08001f4d   Thumb Code    28  stm32f4xx_exti.o(.text)
    EXTI_Init                                0x08001f69   Thumb Code   142  stm32f4xx_exti.o(.text)
    EXTI_StructInit                          0x08001ff7   Thumb Code    16  stm32f4xx_exti.o(.text)
    EXTI_GenerateSWInterrupt                 0x08002007   Thumb Code    16  stm32f4xx_exti.o(.text)
    EXTI_GetFlagStatus                       0x08002017   Thumb Code    22  stm32f4xx_exti.o(.text)
    EXTI_ClearFlag                           0x0800202d   Thumb Code     8  stm32f4xx_exti.o(.text)
    EXTI_GetITStatus                         0x08002035   Thumb Code    22  stm32f4xx_exti.o(.text)
    EXTI_ClearITPendingBit                   0x0800204b   Thumb Code     8  stm32f4xx_exti.o(.text)
    GPIO_DeInit                              0x0800205d   Thumb Code   268  stm32f4xx_gpio.o(.text)
    GPIO_Init                                0x08002169   Thumb Code   144  stm32f4xx_gpio.o(.text)
    GPIO_StructInit                          0x080021f9   Thumb Code    18  stm32f4xx_gpio.o(.text)
    GPIO_PinLockConfig                       0x0800220b   Thumb Code    34  stm32f4xx_gpio.o(.text)
    GPIO_ReadInputDataBit                    0x0800222d   Thumb Code    18  stm32f4xx_gpio.o(.text)
    GPIO_ReadInputData                       0x0800223f   Thumb Code     8  stm32f4xx_gpio.o(.text)
    GPIO_ReadOutputDataBit                   0x08002247   Thumb Code    18  stm32f4xx_gpio.o(.text)
    GPIO_ReadOutputData                      0x08002259   Thumb Code     8  stm32f4xx_gpio.o(.text)
    GPIO_SetBits                             0x08002261   Thumb Code     4  stm32f4xx_gpio.o(.text)
    GPIO_ResetBits                           0x08002265   Thumb Code     4  stm32f4xx_gpio.o(.text)
    GPIO_WriteBit                            0x08002269   Thumb Code    10  stm32f4xx_gpio.o(.text)
    GPIO_Write                               0x08002273   Thumb Code     4  stm32f4xx_gpio.o(.text)
    GPIO_ToggleBits                          0x08002277   Thumb Code     8  stm32f4xx_gpio.o(.text)
    GPIO_PinAFConfig                         0x0800227f   Thumb Code    70  stm32f4xx_gpio.o(.text)
    RCC_DeInit                               0x080022f1   Thumb Code    82  stm32f4xx_rcc.o(.text)
    RCC_HSEConfig                            0x08002343   Thumb Code    14  stm32f4xx_rcc.o(.text)
    RCC_GetFlagStatus                        0x08002351   Thumb Code    60  stm32f4xx_rcc.o(.text)
    RCC_WaitForHSEStartUp                    0x0800238d   Thumb Code    56  stm32f4xx_rcc.o(.text)
    RCC_AdjustHSICalibrationValue            0x080023c5   Thumb Code    20  stm32f4xx_rcc.o(.text)
    RCC_HSICmd                               0x080023d9   Thumb Code     6  stm32f4xx_rcc.o(.text)
    RCC_LSEConfig                            0x080023df   Thumb Code    46  stm32f4xx_rcc.o(.text)
    RCC_LSICmd                               0x0800240d   Thumb Code     6  stm32f4xx_rcc.o(.text)
    RCC_PLLConfig                            0x08002413   Thumb Code    32  stm32f4xx_rcc.o(.text)
    RCC_PLLCmd                               0x08002433   Thumb Code     6  stm32f4xx_rcc.o(.text)
    RCC_PLLI2SConfig                         0x08002439   Thumb Code    14  stm32f4xx_rcc.o(.text)
    RCC_PLLI2SCmd                            0x08002447   Thumb Code     6  stm32f4xx_rcc.o(.text)
    RCC_PLLSAIConfig                         0x0800244d   Thumb Code    20  stm32f4xx_rcc.o(.text)
    RCC_PLLSAICmd                            0x08002461   Thumb Code     6  stm32f4xx_rcc.o(.text)
    RCC_ClockSecuritySystemCmd               0x08002467   Thumb Code     6  stm32f4xx_rcc.o(.text)
    RCC_MCO1Config                           0x0800246d   Thumb Code    28  stm32f4xx_rcc.o(.text)
    RCC_MCO2Config                           0x08002489   Thumb Code    28  stm32f4xx_rcc.o(.text)
    RCC_SYSCLKConfig                         0x080024a5   Thumb Code    20  stm32f4xx_rcc.o(.text)
    RCC_GetSYSCLKSource                      0x080024b9   Thumb Code    12  stm32f4xx_rcc.o(.text)
    RCC_HCLKConfig                           0x080024c5   Thumb Code    20  stm32f4xx_rcc.o(.text)
    RCC_PCLK1Config                          0x080024d9   Thumb Code    20  stm32f4xx_rcc.o(.text)
    RCC_PCLK2Config                          0x080024ed   Thumb Code    22  stm32f4xx_rcc.o(.text)
    RCC_GetClocksFreq                        0x08002503   Thumb Code   222  stm32f4xx_rcc.o(.text)
    RCC_RTCCLKConfig                         0x080025e1   Thumb Code    54  stm32f4xx_rcc.o(.text)
    RCC_RTCCLKCmd                            0x08002617   Thumb Code     8  stm32f4xx_rcc.o(.text)
    RCC_BackupResetCmd                       0x0800261f   Thumb Code     8  stm32f4xx_rcc.o(.text)
    RCC_I2SCLKConfig                         0x08002627   Thumb Code     6  stm32f4xx_rcc.o(.text)
    RCC_SAIPLLI2SClkDivConfig                0x0800262d   Thumb Code    26  stm32f4xx_rcc.o(.text)
    RCC_SAIPLLSAIClkDivConfig                0x08002647   Thumb Code    28  stm32f4xx_rcc.o(.text)
    RCC_SAIBlockACLKConfig                   0x08002663   Thumb Code    20  stm32f4xx_rcc.o(.text)
    RCC_SAIBlockBCLKConfig                   0x08002677   Thumb Code    20  stm32f4xx_rcc.o(.text)
    RCC_LTDCCLKDivConfig                     0x0800268b   Thumb Code    20  stm32f4xx_rcc.o(.text)
    RCC_TIMCLKPresConfig                     0x0800269f   Thumb Code     6  stm32f4xx_rcc.o(.text)
    RCC_AHB1PeriphClockCmd                   0x080026a5   Thumb Code    34  stm32f4xx_rcc.o(.text)
    RCC_AHB2PeriphClockCmd                   0x080026c7   Thumb Code    78  stm32f4xx_rcc.o(.text)
    RCC_AHB3PeriphClockCmd                   0x08002715   Thumb Code    34  stm32f4xx_rcc.o(.text)
    RCC_APB1PeriphClockCmd                   0x08002737   Thumb Code    34  stm32f4xx_rcc.o(.text)
    RCC_APB2PeriphClockCmd                   0x08002759   Thumb Code    34  stm32f4xx_rcc.o(.text)
    RCC_AHB1PeriphResetCmd                   0x0800277b   Thumb Code    34  stm32f4xx_rcc.o(.text)
    RCC_AHB2PeriphResetCmd                   0x0800279d   Thumb Code    34  stm32f4xx_rcc.o(.text)
    RCC_AHB3PeriphResetCmd                   0x080027bf   Thumb Code    34  stm32f4xx_rcc.o(.text)
    RCC_APB1PeriphResetCmd                   0x080027e1   Thumb Code    34  stm32f4xx_rcc.o(.text)
    RCC_APB2PeriphResetCmd                   0x08002803   Thumb Code    34  stm32f4xx_rcc.o(.text)
    RCC_AHB1PeriphClockLPModeCmd             0x08002825   Thumb Code    34  stm32f4xx_rcc.o(.text)
    RCC_AHB2PeriphClockLPModeCmd             0x08002847   Thumb Code    34  stm32f4xx_rcc.o(.text)
    RCC_AHB3PeriphClockLPModeCmd             0x08002869   Thumb Code    34  stm32f4xx_rcc.o(.text)
    RCC_APB1PeriphClockLPModeCmd             0x0800288b   Thumb Code    34  stm32f4xx_rcc.o(.text)
    RCC_APB2PeriphClockLPModeCmd             0x080028ad   Thumb Code    34  stm32f4xx_rcc.o(.text)
    RCC_ITConfig                             0x080028cf   Thumb Code    34  stm32f4xx_rcc.o(.text)
    RCC_ClearFlag                            0x080028f1   Thumb Code    18  stm32f4xx_rcc.o(.text)
    RCC_GetITStatus                          0x08002903   Thumb Code    22  stm32f4xx_rcc.o(.text)
    RCC_ClearITPendingBit                    0x08002919   Thumb Code     8  stm32f4xx_rcc.o(.text)
    SPI_I2S_DeInit                           0x08002925   Thumb Code   152  stm32f4xx_spi.o(.text)
    SPI_Init                                 0x080029bd   Thumb Code    60  stm32f4xx_spi.o(.text)
    I2S_Init                                 0x080029f9   Thumb Code   350  stm32f4xx_spi.o(.text)
    SPI_StructInit                           0x08002b57   Thumb Code    24  stm32f4xx_spi.o(.text)
    I2S_StructInit                           0x08002b6f   Thumb Code    20  stm32f4xx_spi.o(.text)
    SPI_Cmd                                  0x08002b83   Thumb Code    24  stm32f4xx_spi.o(.text)
    I2S_Cmd                                  0x08002b9b   Thumb Code    24  stm32f4xx_spi.o(.text)
    SPI_DataSizeConfig                       0x08002bb3   Thumb Code    18  stm32f4xx_spi.o(.text)
    SPI_BiDirectionalLineConfig              0x08002bc5   Thumb Code    28  stm32f4xx_spi.o(.text)
    SPI_NSSInternalSoftwareConfig            0x08002be1   Thumb Code    30  stm32f4xx_spi.o(.text)
    SPI_SSOutputCmd                          0x08002bff   Thumb Code    24  stm32f4xx_spi.o(.text)
    SPI_TIModeCmd                            0x08002c17   Thumb Code    24  stm32f4xx_spi.o(.text)
    I2S_FullDuplexConfig                     0x08002c2f   Thumb Code    80  stm32f4xx_spi.o(.text)
    SPI_I2S_ReceiveData                      0x08002c7f   Thumb Code     6  stm32f4xx_spi.o(.text)
    SPI_I2S_SendData                         0x08002c85   Thumb Code     4  stm32f4xx_spi.o(.text)
    SPI_CalculateCRC                         0x08002c89   Thumb Code    24  stm32f4xx_spi.o(.text)
    SPI_TransmitCRC                          0x08002ca1   Thumb Code    10  stm32f4xx_spi.o(.text)
    SPI_GetCRC                               0x08002cab   Thumb Code    16  stm32f4xx_spi.o(.text)
    SPI_GetCRCPolynomial                     0x08002cbb   Thumb Code     6  stm32f4xx_spi.o(.text)
    SPI_I2S_DMACmd                           0x08002cc1   Thumb Code    18  stm32f4xx_spi.o(.text)
    SPI_I2S_ITConfig                         0x08002cd3   Thumb Code    32  stm32f4xx_spi.o(.text)
    SPI_I2S_GetFlagStatus                    0x08002cf3   Thumb Code    50  stm32f4xx_spi.o(.text)
    SPI_I2S_ClearFlag                        0x08002d25   Thumb Code     6  stm32f4xx_spi.o(.text)
    SPI_I2S_GetITStatus                      0x08002d2b   Thumb Code    52  stm32f4xx_spi.o(.text)
    SPI_I2S_ClearITPendingBit                0x08002d5f   Thumb Code    20  stm32f4xx_spi.o(.text)
    SYSCFG_DeInit                            0x08002d75   Thumb Code    22  stm32f4xx_syscfg.o(.text)
    SYSCFG_MemoryRemapConfig                 0x08002d8b   Thumb Code     6  stm32f4xx_syscfg.o(.text)
    SYSCFG_MemorySwappingBank                0x08002d91   Thumb Code     6  stm32f4xx_syscfg.o(.text)
    SYSCFG_EXTILineConfig                    0x08002d97   Thumb Code    66  stm32f4xx_syscfg.o(.text)
    SYSCFG_ETH_MediaInterfaceConfig          0x08002dd9   Thumb Code     8  stm32f4xx_syscfg.o(.text)
    SYSCFG_CompensationCellCmd               0x08002de1   Thumb Code     6  stm32f4xx_syscfg.o(.text)
    SYSCFG_GetCompensationCellStatus         0x08002de7   Thumb Code    22  stm32f4xx_syscfg.o(.text)
    TIM_DeInit                               0x08002e09   Thumb Code   346  stm32f4xx_tim.o(.text)
    TIM_TimeBaseInit                         0x08002f63   Thumb Code   104  stm32f4xx_tim.o(.text)
    TIM_TimeBaseStructInit                   0x08002fcb   Thumb Code    18  stm32f4xx_tim.o(.text)
    TIM_PrescalerConfig                      0x08002fdd   Thumb Code     6  stm32f4xx_tim.o(.text)
    TIM_CounterModeConfig                    0x08002fe3   Thumb Code    18  stm32f4xx_tim.o(.text)
    TIM_SetCounter                           0x08002ff5   Thumb Code     4  stm32f4xx_tim.o(.text)
    TIM_SetAutoreload                        0x08002ff9   Thumb Code     4  stm32f4xx_tim.o(.text)
    TIM_GetCounter                           0x08002ffd   Thumb Code     6  stm32f4xx_tim.o(.text)
    TIM_GetPrescaler                         0x08003003   Thumb Code     6  stm32f4xx_tim.o(.text)
    TIM_UpdateDisableConfig                  0x08003009   Thumb Code    24  stm32f4xx_tim.o(.text)
    TIM_UpdateRequestConfig                  0x08003021   Thumb Code    24  stm32f4xx_tim.o(.text)
    TIM_ARRPreloadConfig                     0x08003039   Thumb Code    24  stm32f4xx_tim.o(.text)
    TIM_SelectOnePulseMode                   0x08003051   Thumb Code    18  stm32f4xx_tim.o(.text)
    TIM_SetClockDivision                     0x08003063   Thumb Code    18  stm32f4xx_tim.o(.text)
    TIM_Cmd                                  0x08003075   Thumb Code    24  stm32f4xx_tim.o(.text)
    TIM_OC1Init                              0x0800308d   Thumb Code   114  stm32f4xx_tim.o(.text)
    TIM_OC2Init                              0x080030ff   Thumb Code   154  stm32f4xx_tim.o(.text)
    TIM_OC3Init                              0x08003199   Thumb Code   204  stm32f4xx_tim.o(.text)
    TIM_OC4Init                              0x08003265   Thumb Code   112  stm32f4xx_tim.o(.text)
    TIM_OCStructInit                         0x080032d5   Thumb Code    20  stm32f4xx_tim.o(.text)
    TIM_SelectOCxM                           0x080032e9   Thumb Code    86  stm32f4xx_tim.o(.text)
    TIM_SetCompare1                          0x0800333f   Thumb Code     4  stm32f4xx_tim.o(.text)
    TIM_SetCompare2                          0x08003343   Thumb Code     4  stm32f4xx_tim.o(.text)
    TIM_SetCompare3                          0x08003347   Thumb Code     4  stm32f4xx_tim.o(.text)
    TIM_SetCompare4                          0x0800334b   Thumb Code     4  stm32f4xx_tim.o(.text)
    TIM_ForcedOC1Config                      0x0800334f   Thumb Code    18  stm32f4xx_tim.o(.text)
    TIM_ForcedOC2Config                      0x08003361   Thumb Code    26  stm32f4xx_tim.o(.text)
    TIM_ForcedOC3Config                      0x0800337b   Thumb Code    18  stm32f4xx_tim.o(.text)
    TIM_ForcedOC4Config                      0x0800338d   Thumb Code    26  stm32f4xx_tim.o(.text)
    TIM_OC1PreloadConfig                     0x080033a7   Thumb Code    18  stm32f4xx_tim.o(.text)
    TIM_OC2PreloadConfig                     0x080033b9   Thumb Code    26  stm32f4xx_tim.o(.text)
    TIM_OC3PreloadConfig                     0x080033d3   Thumb Code    18  stm32f4xx_tim.o(.text)
    TIM_OC4PreloadConfig                     0x080033e5   Thumb Code    26  stm32f4xx_tim.o(.text)
    TIM_OC1FastConfig                        0x080033ff   Thumb Code    18  stm32f4xx_tim.o(.text)
    TIM_OC2FastConfig                        0x08003411   Thumb Code    26  stm32f4xx_tim.o(.text)
    TIM_OC3FastConfig                        0x0800342b   Thumb Code    18  stm32f4xx_tim.o(.text)
    TIM_OC4FastConfig                        0x0800343d   Thumb Code    26  stm32f4xx_tim.o(.text)
    TIM_ClearOC1Ref                          0x08003457   Thumb Code    18  stm32f4xx_tim.o(.text)
    TIM_ClearOC2Ref                          0x08003469   Thumb Code    24  stm32f4xx_tim.o(.text)
    TIM_ClearOC3Ref                          0x08003481   Thumb Code    18  stm32f4xx_tim.o(.text)
    TIM_ClearOC4Ref                          0x08003493   Thumb Code    24  stm32f4xx_tim.o(.text)
    TIM_OC1PolarityConfig                    0x080034ab   Thumb Code    18  stm32f4xx_tim.o(.text)
    TIM_OC1NPolarityConfig                   0x080034bd   Thumb Code    18  stm32f4xx_tim.o(.text)
    TIM_OC2PolarityConfig                    0x080034cf   Thumb Code    26  stm32f4xx_tim.o(.text)
    TIM_OC2NPolarityConfig                   0x080034e9   Thumb Code    26  stm32f4xx_tim.o(.text)
    TIM_OC3PolarityConfig                    0x08003503   Thumb Code    26  stm32f4xx_tim.o(.text)
    TIM_OC3NPolarityConfig                   0x0800351d   Thumb Code    26  stm32f4xx_tim.o(.text)
    TIM_OC4PolarityConfig                    0x08003537   Thumb Code    26  stm32f4xx_tim.o(.text)
    TIM_CCxCmd                               0x08003551   Thumb Code    30  stm32f4xx_tim.o(.text)
    TIM_CCxNCmd                              0x0800356f   Thumb Code    30  stm32f4xx_tim.o(.text)
    TIM_SetIC4Prescaler                      0x0800358d   Thumb Code    26  stm32f4xx_tim.o(.text)
    TIM_SetIC3Prescaler                      0x080035f7   Thumb Code    18  stm32f4xx_tim.o(.text)
    TIM_SetIC2Prescaler                      0x08003651   Thumb Code    26  stm32f4xx_tim.o(.text)
    TIM_SetIC1Prescaler                      0x080036c5   Thumb Code    18  stm32f4xx_tim.o(.text)
    TIM_ICInit                               0x08003711   Thumb Code   110  stm32f4xx_tim.o(.text)
    TIM_ICStructInit                         0x0800377f   Thumb Code    18  stm32f4xx_tim.o(.text)
    TIM_PWMIConfig                           0x08003791   Thumb Code   124  stm32f4xx_tim.o(.text)
    TIM_GetCapture1                          0x0800380d   Thumb Code     6  stm32f4xx_tim.o(.text)
    TIM_GetCapture2                          0x08003813   Thumb Code     6  stm32f4xx_tim.o(.text)
    TIM_GetCapture3                          0x08003819   Thumb Code     6  stm32f4xx_tim.o(.text)
    TIM_GetCapture4                          0x0800381f   Thumb Code     6  stm32f4xx_tim.o(.text)
    TIM_BDTRConfig                           0x08003825   Thumb Code    32  stm32f4xx_tim.o(.text)
    TIM_BDTRStructInit                       0x08003845   Thumb Code    18  stm32f4xx_tim.o(.text)
    TIM_CtrlPWMOutputs                       0x08003857   Thumb Code    30  stm32f4xx_tim.o(.text)
    TIM_SelectCOM                            0x08003875   Thumb Code    24  stm32f4xx_tim.o(.text)
    TIM_CCPreloadControl                     0x0800388d   Thumb Code    24  stm32f4xx_tim.o(.text)
    TIM_ITConfig                             0x080038a5   Thumb Code    18  stm32f4xx_tim.o(.text)
    TIM_GenerateEvent                        0x080038b7   Thumb Code     4  stm32f4xx_tim.o(.text)
    TIM_GetFlagStatus                        0x080038bb   Thumb Code    18  stm32f4xx_tim.o(.text)
    TIM_ClearFlag                            0x080038cd   Thumb Code     6  stm32f4xx_tim.o(.text)
    TIM_GetITStatus                          0x080038d3   Thumb Code    34  stm32f4xx_tim.o(.text)
    TIM_ClearITPendingBit                    0x080038f5   Thumb Code     6  stm32f4xx_tim.o(.text)
    TIM_DMAConfig                            0x080038fb   Thumb Code    10  stm32f4xx_tim.o(.text)
    TIM_DMACmd                               0x08003905   Thumb Code    18  stm32f4xx_tim.o(.text)
    TIM_SelectCCDMA                          0x08003917   Thumb Code    24  stm32f4xx_tim.o(.text)
    TIM_InternalClockConfig                  0x0800392f   Thumb Code    12  stm32f4xx_tim.o(.text)
    TIM_SelectInputTrigger                   0x0800393b   Thumb Code    18  stm32f4xx_tim.o(.text)
    TIM_ITRxExternalClockConfig              0x0800394d   Thumb Code    24  stm32f4xx_tim.o(.text)
    TIM_TIxExternalClockConfig               0x08003965   Thumb Code    62  stm32f4xx_tim.o(.text)
    TIM_ETRConfig                            0x080039a3   Thumb Code    28  stm32f4xx_tim.o(.text)
    TIM_ETRClockMode1Config                  0x080039bf   Thumb Code    54  stm32f4xx_tim.o(.text)
    TIM_ETRClockMode2Config                  0x080039f5   Thumb Code    32  stm32f4xx_tim.o(.text)
    TIM_SelectOutputTrigger                  0x08003a15   Thumb Code    18  stm32f4xx_tim.o(.text)
    TIM_SelectSlaveMode                      0x08003a27   Thumb Code    18  stm32f4xx_tim.o(.text)
    TIM_SelectMasterSlaveMode                0x08003a39   Thumb Code    18  stm32f4xx_tim.o(.text)
    TIM_EncoderInterfaceConfig               0x08003a4b   Thumb Code    66  stm32f4xx_tim.o(.text)
    TIM_SelectHallSensor                     0x08003a8d   Thumb Code    24  stm32f4xx_tim.o(.text)
    TIM_RemapConfig                          0x08003aa5   Thumb Code     6  stm32f4xx_tim.o(.text)
    Reset_Handler                            0x08003aad   Thumb Code     8  startup_stm32f40_41xxx.o(.text)
    NMI_Handler                              0x08003ab5   Thumb Code     2  startup_stm32f40_41xxx.o(.text)
    HardFault_Handler                        0x08003ab7   Thumb Code     2  startup_stm32f40_41xxx.o(.text)
    MemManage_Handler                        0x08003ab9   Thumb Code     2  startup_stm32f40_41xxx.o(.text)
    BusFault_Handler                         0x08003abb   Thumb Code     2  startup_stm32f40_41xxx.o(.text)
    UsageFault_Handler                       0x08003abd   Thumb Code     2  startup_stm32f40_41xxx.o(.text)
    DebugMon_Handler                         0x08003ac1   Thumb Code     2  startup_stm32f40_41xxx.o(.text)
    ADC_IRQHandler                           0x08003ac7   Thumb Code     0  startup_stm32f40_41xxx.o(.text)
    CAN1_RX0_IRQHandler                      0x08003ac7   Thumb Code     0  startup_stm32f40_41xxx.o(.text)
    CAN1_RX1_IRQHandler                      0x08003ac7   Thumb Code     0  startup_stm32f40_41xxx.o(.text)
    CAN1_SCE_IRQHandler                      0x08003ac7   Thumb Code     0  startup_stm32f40_41xxx.o(.text)
    CAN1_TX_IRQHandler                       0x08003ac7   Thumb Code     0  startup_stm32f40_41xxx.o(.text)
    CAN2_RX0_IRQHandler                      0x08003ac7   Thumb Code     0  startup_stm32f40_41xxx.o(.text)
    CAN2_RX1_IRQHandler                      0x08003ac7   Thumb Code     0  startup_stm32f40_41xxx.o(.text)
    CAN2_SCE_IRQHandler                      0x08003ac7   Thumb Code     0  startup_stm32f40_41xxx.o(.text)
    CAN2_TX_IRQHandler                       0x08003ac7   Thumb Code     0  startup_stm32f40_41xxx.o(.text)
    CRYP_IRQHandler                          0x08003ac7   Thumb Code     0  startup_stm32f40_41xxx.o(.text)
    DCMI_IRQHandler                          0x08003ac7   Thumb Code     0  startup_stm32f40_41xxx.o(.text)
    DMA1_Stream0_IRQHandler                  0x08003ac7   Thumb Code     0  startup_stm32f40_41xxx.o(.text)
    DMA1_Stream1_IRQHandler                  0x08003ac7   Thumb Code     0  startup_stm32f40_41xxx.o(.text)
    DMA1_Stream2_IRQHandler                  0x08003ac7   Thumb Code     0  startup_stm32f40_41xxx.o(.text)
    DMA1_Stream3_IRQHandler                  0x08003ac7   Thumb Code     0  startup_stm32f40_41xxx.o(.text)
    DMA1_Stream4_IRQHandler                  0x08003ac7   Thumb Code     0  startup_stm32f40_41xxx.o(.text)
    DMA1_Stream5_IRQHandler                  0x08003ac7   Thumb Code     0  startup_stm32f40_41xxx.o(.text)
    DMA1_Stream6_IRQHandler                  0x08003ac7   Thumb Code     0  startup_stm32f40_41xxx.o(.text)
    DMA1_Stream7_IRQHandler                  0x08003ac7   Thumb Code     0  startup_stm32f40_41xxx.o(.text)
    DMA2_Stream0_IRQHandler                  0x08003ac7   Thumb Code     0  startup_stm32f40_41xxx.o(.text)
    DMA2_Stream1_IRQHandler                  0x08003ac7   Thumb Code     0  startup_stm32f40_41xxx.o(.text)
    DMA2_Stream2_IRQHandler                  0x08003ac7   Thumb Code     0  startup_stm32f40_41xxx.o(.text)
    DMA2_Stream3_IRQHandler                  0x08003ac7   Thumb Code     0  startup_stm32f40_41xxx.o(.text)
    DMA2_Stream4_IRQHandler                  0x08003ac7   Thumb Code     0  startup_stm32f40_41xxx.o(.text)
    DMA2_Stream5_IRQHandler                  0x08003ac7   Thumb Code     0  startup_stm32f40_41xxx.o(.text)
    DMA2_Stream6_IRQHandler                  0x08003ac7   Thumb Code     0  startup_stm32f40_41xxx.o(.text)
    DMA2_Stream7_IRQHandler                  0x08003ac7   Thumb Code     0  startup_stm32f40_41xxx.o(.text)
    ETH_IRQHandler                           0x08003ac7   Thumb Code     0  startup_stm32f40_41xxx.o(.text)
    ETH_WKUP_IRQHandler                      0x08003ac7   Thumb Code     0  startup_stm32f40_41xxx.o(.text)
    EXTI0_IRQHandler                         0x08003ac7   Thumb Code     0  startup_stm32f40_41xxx.o(.text)
    EXTI15_10_IRQHandler                     0x08003ac7   Thumb Code     0  startup_stm32f40_41xxx.o(.text)
    EXTI2_IRQHandler                         0x08003ac7   Thumb Code     0  startup_stm32f40_41xxx.o(.text)
    EXTI3_IRQHandler                         0x08003ac7   Thumb Code     0  startup_stm32f40_41xxx.o(.text)
    EXTI4_IRQHandler                         0x08003ac7   Thumb Code     0  startup_stm32f40_41xxx.o(.text)
    EXTI9_5_IRQHandler                       0x08003ac7   Thumb Code     0  startup_stm32f40_41xxx.o(.text)
    FLASH_IRQHandler                         0x08003ac7   Thumb Code     0  startup_stm32f40_41xxx.o(.text)
    FPU_IRQHandler                           0x08003ac7   Thumb Code     0  startup_stm32f40_41xxx.o(.text)
    FSMC_IRQHandler                          0x08003ac7   Thumb Code     0  startup_stm32f40_41xxx.o(.text)
    HASH_RNG_IRQHandler                      0x08003ac7   Thumb Code     0  startup_stm32f40_41xxx.o(.text)
    I2C1_ER_IRQHandler                       0x08003ac7   Thumb Code     0  startup_stm32f40_41xxx.o(.text)
    I2C1_EV_IRQHandler                       0x08003ac7   Thumb Code     0  startup_stm32f40_41xxx.o(.text)
    I2C2_ER_IRQHandler                       0x08003ac7   Thumb Code     0  startup_stm32f40_41xxx.o(.text)
    I2C2_EV_IRQHandler                       0x08003ac7   Thumb Code     0  startup_stm32f40_41xxx.o(.text)
    I2C3_ER_IRQHandler                       0x08003ac7   Thumb Code     0  startup_stm32f40_41xxx.o(.text)
    I2C3_EV_IRQHandler                       0x08003ac7   Thumb Code     0  startup_stm32f40_41xxx.o(.text)
    OTG_FS_IRQHandler                        0x08003ac7   Thumb Code     0  startup_stm32f40_41xxx.o(.text)
    OTG_FS_WKUP_IRQHandler                   0x08003ac7   Thumb Code     0  startup_stm32f40_41xxx.o(.text)
    OTG_HS_EP1_IN_IRQHandler                 0x08003ac7   Thumb Code     0  startup_stm32f40_41xxx.o(.text)
    OTG_HS_EP1_OUT_IRQHandler                0x08003ac7   Thumb Code     0  startup_stm32f40_41xxx.o(.text)
    OTG_HS_IRQHandler                        0x08003ac7   Thumb Code     0  startup_stm32f40_41xxx.o(.text)
    OTG_HS_WKUP_IRQHandler                   0x08003ac7   Thumb Code     0  startup_stm32f40_41xxx.o(.text)
    PVD_IRQHandler                           0x08003ac7   Thumb Code     0  startup_stm32f40_41xxx.o(.text)
    RCC_IRQHandler                           0x08003ac7   Thumb Code     0  startup_stm32f40_41xxx.o(.text)
    RTC_Alarm_IRQHandler                     0x08003ac7   Thumb Code     0  startup_stm32f40_41xxx.o(.text)
    RTC_WKUP_IRQHandler                      0x08003ac7   Thumb Code     0  startup_stm32f40_41xxx.o(.text)
    SDIO_IRQHandler                          0x08003ac7   Thumb Code     0  startup_stm32f40_41xxx.o(.text)
    SPI1_IRQHandler                          0x08003ac7   Thumb Code     0  startup_stm32f40_41xxx.o(.text)
    SPI2_IRQHandler                          0x08003ac7   Thumb Code     0  startup_stm32f40_41xxx.o(.text)
    SPI3_IRQHandler                          0x08003ac7   Thumb Code     0  startup_stm32f40_41xxx.o(.text)
    TAMP_STAMP_IRQHandler                    0x08003ac7   Thumb Code     0  startup_stm32f40_41xxx.o(.text)
    TIM1_BRK_TIM9_IRQHandler                 0x08003ac7   Thumb Code     0  startup_stm32f40_41xxx.o(.text)
    TIM1_CC_IRQHandler                       0x08003ac7   Thumb Code     0  startup_stm32f40_41xxx.o(.text)
    TIM1_TRG_COM_TIM11_IRQHandler            0x08003ac7   Thumb Code     0  startup_stm32f40_41xxx.o(.text)
    TIM1_UP_TIM10_IRQHandler                 0x08003ac7   Thumb Code     0  startup_stm32f40_41xxx.o(.text)
    TIM4_IRQHandler                          0x08003ac7   Thumb Code     0  startup_stm32f40_41xxx.o(.text)
    TIM5_IRQHandler                          0x08003ac7   Thumb Code     0  startup_stm32f40_41xxx.o(.text)
    TIM6_DAC_IRQHandler                      0x08003ac7   Thumb Code     0  startup_stm32f40_41xxx.o(.text)
    TIM7_IRQHandler                          0x08003ac7   Thumb Code     0  startup_stm32f40_41xxx.o(.text)
    TIM8_BRK_TIM12_IRQHandler                0x08003ac7   Thumb Code     0  startup_stm32f40_41xxx.o(.text)
    TIM8_CC_IRQHandler                       0x08003ac7   Thumb Code     0  startup_stm32f40_41xxx.o(.text)
    TIM8_TRG_COM_TIM14_IRQHandler            0x08003ac7   Thumb Code     0  startup_stm32f40_41xxx.o(.text)
    TIM8_UP_TIM13_IRQHandler                 0x08003ac7   Thumb Code     0  startup_stm32f40_41xxx.o(.text)
    UART4_IRQHandler                         0x08003ac7   Thumb Code     0  startup_stm32f40_41xxx.o(.text)
    UART5_IRQHandler                         0x08003ac7   Thumb Code     0  startup_stm32f40_41xxx.o(.text)
    USART1_IRQHandler                        0x08003ac7   Thumb Code     0  startup_stm32f40_41xxx.o(.text)
    USART2_IRQHandler                        0x08003ac7   Thumb Code     0  startup_stm32f40_41xxx.o(.text)
    USART3_IRQHandler                        0x08003ac7   Thumb Code     0  startup_stm32f40_41xxx.o(.text)
    USART6_IRQHandler                        0x08003ac7   Thumb Code     0  startup_stm32f40_41xxx.o(.text)
    WWDG_IRQHandler                          0x08003ac7   Thumb Code     0  startup_stm32f40_41xxx.o(.text)
    SystemInit                               0x08003bad   Thumb Code    88  system_stm32f4xx.o(.text)
    SystemCoreClockUpdate                    0x08003c05   Thumb Code   174  system_stm32f4xx.o(.text)
    __aeabi_dadd                             0x08003ce1   Thumb Code   322  dadd.o(.text)
    __aeabi_dsub                             0x08003e23   Thumb Code     6  dadd.o(.text)
    __aeabi_drsub                            0x08003e29   Thumb Code     6  dadd.o(.text)
    __aeabi_dmul                             0x08003e2f   Thumb Code   228  dmul.o(.text)
    __aeabi_ddiv                             0x08003f13   Thumb Code   222  ddiv.o(.text)
    __aeabi_f2d                              0x08003ff1   Thumb Code    38  f2d.o(.text)
    __aeabi_d2f                              0x08004017   Thumb Code    56  d2f.o(.text)
    __aeabi_uidiv                            0x0800404f   Thumb Code     0  uidiv.o(.text)
    __aeabi_uidivmod                         0x0800404f   Thumb Code    44  uidiv.o(.text)
    __aeabi_llsl                             0x0800407b   Thumb Code    30  llshl.o(.text)
    _ll_shift_l                              0x0800407b   Thumb Code     0  llshl.o(.text)
    __aeabi_lasr                             0x08004099   Thumb Code    36  llsshr.o(.text)
    _ll_sshift_r                             0x08004099   Thumb Code     0  llsshr.o(.text)
    __I$use$fp                               0x080040bd   Thumb Code     0  iusefp.o(.text)
    _float_round                             0x080040bd   Thumb Code    18  fepilogue.o(.text)
    _float_epilogue                          0x080040cf   Thumb Code    92  fepilogue.o(.text)
    _double_round                            0x0800412b   Thumb Code    26  depilogue.o(.text)
    _double_epilogue                         0x08004145   Thumb Code   156  depilogue.o(.text)
    _dsqrt                                   0x080041e1   Thumb Code   162  dsqrt.o(.text)
    __scatterload                            0x08004285   Thumb Code    28  init.o(.text)
    __scatterload_rt2                        0x08004285   Thumb Code     0  init.o(.text)
    __aeabi_llsr                             0x080042a9   Thumb Code    32  llushr.o(.text)
    _ll_ushift_r                             0x080042a9   Thumb Code     0  llushr.o(.text)
    __decompress                             0x080042c9   Thumb Code     0  __dczerorl2.o(.text)
    __decompress1                            0x080042c9   Thumb Code    86  __dczerorl2.o(.text)
    SVC_Count                                0x08004320   Data           4  svc_table.o(SVC_TABLE)
    SVC_Table                                0x08004324   Data           0  svc_table.o(SVC_TABLE)
    __0printf$1                              0x08004325   Thumb Code    22  printf1.o(i.__0printf$1)
    __1printf$1                              0x08004325   Thumb Code     0  printf1.o(i.__0printf$1)
    __2printf                                0x08004325   Thumb Code     0  printf1.o(i.__0printf$1)
    __ARM_fpclassify                         0x08004345   Thumb Code    48  fpclassify.o(i.__ARM_fpclassify)
    __hardfp_atan                            0x08004379   Thumb Code   632  atan.o(i.__hardfp_atan)
    __hardfp_sqrt                            0x08004659   Thumb Code   122  sqrt.o(i.__hardfp_sqrt)
    __kernel_poly                            0x080046d3   Thumb Code   248  poly.o(i.__kernel_poly)
    __mathlib_dbl_underflow                  0x080047d1   Thumb Code    24  dunder.o(i.__mathlib_dbl_underflow)
    __scatterload_copy                       0x080047f1   Thumb Code    14  handlers.o(i.__scatterload_copy)
    __scatterload_null                       0x080047ff   Thumb Code     2  handlers.o(i.__scatterload_null)
    __scatterload_zeroinit                   0x08004801   Thumb Code    14  handlers.o(i.__scatterload_zeroinit)
    __set_errno                              0x08004811   Thumb Code     6  errno.o(i.__set_errno)
    _init_box                                0x0800481d   Thumb Code    70  rt_membox.o(i._init_box)
    dbg_init                                 0x080049b9   Thumb Code    34  hal_cm.o(i.dbg_init)
    dbg_task_notify                          0x080049e9   Thumb Code    32  hal_cm.o(i.dbg_task_notify)
    dbg_task_switch                          0x08004a09   Thumb Code    16  hal_cm.o(i.dbg_task_switch)
    fabs                                     0x08004a19   Thumb Code    24  fabs.o(i.fabs)
    isr_evt_set                              0x08004a5d   Thumb Code    34  rt_event.o(i.isr_evt_set)
    isr_mbx_receive                          0x08004a85   Thumb Code    80  rt_mailbox.o(i.isr_mbx_receive)
    isr_mbx_send                             0x08004ad5   Thumb Code    14  rt_mailbox.o(i.isr_mbx_send)
    osDelay                                  0x08004ae5   Thumb Code    18  rt_cmsis.o(i.osDelay)
    osKernelInitialize                       0x08004afd   Thumb Code    30  rt_cmsis.o(i.osKernelInitialize)
    osKernelStart                            0x08004b21   Thumb Code    98  rt_cmsis.o(i.osKernelStart)
    osMessageGet                             0x08004b8d   Thumb Code    62  rt_cmsis.o(i.osMessageGet)
    osSignalSet                              0x08004bd1   Thumb Code    48  rt_cmsis.o(i.osSignalSet)
    osSignalWait                             0x08004c05   Thumb Code    18  rt_cmsis.o(i.osSignalWait)
    osThreadCreate                           0x08004c1d   Thumb Code    38  rt_cmsis.o(i.osThreadCreate)
    osThreadExit                             0x08004c4d   Thumb Code    14  rt_cmsis.o(i.osThreadExit)
    osTimerCall                              0x08004c65   Thumb Code     8  rt_cmsis.o(i.osTimerCall)
    osTimerThread                            0x08004c71   Thumb Code    38  rt_cmsis.o(i.osTimerThread)
    os_tick_init                             0x08004c9d   Thumb Code    32  rt_system.o(i.os_tick_init)
    os_tick_irqack                           0x08004cc5   Thumb Code     2  rt_system.o(i.os_tick_irqack)
    rt_alloc_box                             0x08004cc7   Thumb Code    26  rt_membox.o(i.rt_alloc_box)
    rt_alloc_mem                             0x08004ce1   Thumb Code    60  rt_memory.o(i.rt_alloc_mem)
    rt_block                                 0x08004d1d   Thumb Code    48  rt_task.o(i.rt_block)
    rt_chk_robin                             0x08004d55   Thumb Code    60  rt_robin.o(i.rt_chk_robin)
    rt_dec_dly                               0x08004d9d   Thumb Code   102  rt_list.o(i.rt_dec_dly)
    rt_dispatch                              0x08004e0d   Thumb Code    60  rt_task.o(i.rt_dispatch)
    rt_dly_wait                              0x08004e51   Thumb Code     6  rt_time.o(i.rt_dly_wait)
    rt_evt_psh                               0x08004e59   Thumb Code    76  rt_event.o(i.rt_evt_psh)
    rt_evt_set                               0x08004ea9   Thumb Code    88  rt_event.o(i.rt_evt_set)
    rt_evt_wait                              0x08004f05   Thumb Code    56  rt_event.o(i.rt_evt_wait)
    rt_free_box                              0x08004f41   Thumb Code    32  rt_membox.o(i.rt_free_box)
    rt_free_mem                              0x08004f61   Thumb Code    40  rt_memory.o(i.rt_free_mem)
    rt_get_first                             0x08004f89   Thumb Code    40  rt_list.o(i.rt_get_first)
    rt_init_mem                              0x08005001   Thumb Code    26  rt_memory.o(i.rt_init_mem)
    rt_init_robin                            0x0800501d   Thumb Code    14  rt_robin.o(i.rt_init_robin)
    rt_init_stack                            0x08005035   Thumb Code    70  hal_cm.o(i.rt_init_stack)
    rt_mbx_check                             0x08005085   Thumb Code     8  rt_mailbox.o(i.rt_mbx_check)
    rt_mbx_init                              0x0800508d   Thumb Code    28  rt_mailbox.o(i.rt_mbx_init)
    rt_mbx_psh                               0x080050a9   Thumb Code   234  rt_mailbox.o(i.rt_mbx_psh)
    rt_mbx_wait                              0x08005199   Thumb Code   172  rt_mailbox.o(i.rt_mbx_wait)
    rt_pop_req                               0x08005285   Thumb Code   110  rt_system.o(i.rt_pop_req)
    rt_psh_req                               0x08005301   Thumb Code    22  rt_system.o(i.rt_psh_req)
    rt_psq_enq                               0x08005321   Thumb Code    82  rt_list.o(i.rt_psq_enq)
    rt_put_dly                               0x08005379   Thumb Code    68  rt_list.o(i.rt_put_dly)
    rt_put_prio                              0x080053c1   Thumb Code    54  rt_list.o(i.rt_put_prio)
    rt_put_rdy_first                         0x080053f9   Thumb Code    14  rt_list.o(i.rt_put_rdy_first)
    rt_resort_prio                           0x0800540d   Thumb Code    46  rt_list.o(i.rt_resort_prio)
    rt_ret_val                               0x08005451   Thumb Code    12  hal_cm.o(i.rt_ret_val)
    rt_ret_val2                              0x0800545d   Thumb Code    16  hal_cm.o(i.rt_ret_val2)
    rt_rmv_dly                               0x0800546d   Thumb Code    40  rt_list.o(i.rt_rmv_dly)
    rt_rmv_list                              0x08005495   Thumb Code    44  rt_list.o(i.rt_rmv_list)
    rt_sem_psh                               0x080054c5   Thumb Code    48  rt_semaphore.o(i.rt_sem_psh)
    rt_stk_check                             0x080054f9   Thumb Code    28  rt_system.o(i.rt_stk_check)
    rt_switch_req                            0x0800551d   Thumb Code    30  rt_task.o(i.rt_switch_req)
    rt_sys_init                              0x08005545   Thumb Code   200  rt_task.o(i.rt_sys_init)
    rt_sys_start                             0x08005651   Thumb Code    44  rt_task.o(i.rt_sys_start)
    rt_systick                               0x08005685   Thumb Code    50  rt_system.o(i.rt_systick)
    rt_tsk_create                            0x08005711   Thumb Code   116  rt_task.o(i.rt_tsk_create)
    rt_tsk_delete                            0x08005795   Thumb Code   342  rt_task.o(i.rt_tsk_delete)
    rt_tsk_prio                              0x08005909   Thumb Code   108  rt_task.o(i.rt_tsk_prio)
    rt_tsk_self                              0x08005985   Thumb Code    12  rt_task.o(i.rt_tsk_self)
    svcDelay                                 0x08005995   Thumb Code    20  rt_cmsis.o(i.svcDelay)
    svcKernelInitialize                      0x080059a9   Thumb Code    80  rt_cmsis.o(i.svcKernelInitialize)
    svcKernelStart                           0x08005a19   Thumb Code    62  rt_cmsis.o(i.svcKernelStart)
    svcMessageCreate                         0x08005a61   Thumb Code    36  rt_cmsis.o(i.svcMessageCreate)
    svcMessageGet                            0x08005a85   Thumb Code    58  rt_cmsis.o(i.svcMessageGet)
    svcSignalSet                             0x08005abf   Thumb Code    36  rt_cmsis.o(i.svcSignalSet)
    svcSignalWait                            0x08005ae5   Thumb Code    80  rt_cmsis.o(i.svcSignalWait)
    svcThreadCreate                          0x08005b39   Thumb Code   100  rt_cmsis.o(i.svcThreadCreate)
    svcThreadGetId                           0x08005ba9   Thumb Code    22  rt_cmsis.o(i.svcThreadGetId)
    svcThreadTerminate                       0x08005bc5   Thumb Code    50  rt_cmsis.o(i.svcThreadTerminate)
    svcTimerCall                             0x08005bfd   Thumb Code    24  rt_cmsis.o(i.svcTimerCall)
    sysTimerTick                             0x08005c15   Thumb Code    76  rt_cmsis.o(i.sysTimerTick)
    os_thread_def_acc_thread                 0x08005c68   Data          16  main.o(.constdata)
    os_thread_def_keypad_thread              0x08005c78   Data          16  main.o(.constdata)
    os_thread_def_display_thread             0x08005c88   Data          16  main.o(.constdata)
    os_thread_def_temp_thread                0x08005c98   Data          16  main.o(.constdata)
    os_thread_def_alarm_thread               0x08005ca8   Data          16  main.o(.constdata)
    os_maxtaskrun                            0x08005cb8   Data           2  rtx_conf_cm.o(.constdata)
    os_stackinfo                             0x08005cbc   Data           4  rtx_conf_cm.o(.constdata)
    os_rrobin                                0x08005cc0   Data           4  rtx_conf_cm.o(.constdata)
    os_tickfreq                              0x08005cc4   Data           4  rtx_conf_cm.o(.constdata)
    os_tickus_i                              0x08005cc8   Data           2  rtx_conf_cm.o(.constdata)
    os_tickus_f                              0x08005cca   Data           2  rtx_conf_cm.o(.constdata)
    os_trv                                   0x08005ccc   Data           4  rtx_conf_cm.o(.constdata)
    os_flags                                 0x08005cd0   Data           1  rtx_conf_cm.o(.constdata)
    CMSIS_RTOS_API_Version                   0x08005cd4   Data           4  rtx_conf_cm.o(.constdata)
    CMSIS_RTOS_RTX_Version                   0x08005cd8   Data           4  rtx_conf_cm.o(.constdata)
    os_clockrate                             0x08005cdc   Data           4  rtx_conf_cm.o(.constdata)
    os_timernum                              0x08005ce0   Data           4  rtx_conf_cm.o(.constdata)
    mp_tcb_size                              0x08005ce4   Data           2  rtx_conf_cm.o(.constdata)
    mp_stk_size                              0x08005ce8   Data           4  rtx_conf_cm.o(.constdata)
    os_stack_sz                              0x08005cec   Data           4  rtx_conf_cm.o(.constdata)
    os_fifo_size                             0x08005cf0   Data           1  rtx_conf_cm.o(.constdata)
    os_thread_def_osTimerThread              0x08005cf4   Data          16  rtx_conf_cm.o(.constdata)
    os_messageQ_def_osTimerMessageQ          0x08005d04   Data           8  rtx_conf_cm.o(.constdata)
    mp_tmr_size                              0x08005d0c   Data           2  rtx_conf_cm.o(.constdata)
    Region$$Table$$Base                      0x08005da8   Number         0  anon$$obj.o(Region$$Table)
    Region$$Table$$Limit                     0x08005dc8   Number         0  anon$$obj.o(Region$$Table)
    displayMode                              0x20000060   Data           4  main.o(.data)
    rollValue                                0x20000064   Data           4  main.o(.data)
    temperatureValue                         0x20000068   Data           4  main.o(.data)
    alarmState                               0x2000006c   Data           4  main.o(.data)
    keyRead                                  0x20000070   Data           4  main.o(.data)
    chosenLED                                0x20000074   Data           4  main.o(.data)
    pwmScale                                 0x20000078   Data           4  main.o(.data)
    tid_keypad                               0x2000007c   Data           4  main.o(.data)
    tid_display                              0x20000080   Data           4  main.o(.data)
    tid_accel                                0x20000084   Data           4  main.o(.data)
    tid_temperature                          0x20000088   Data           4  main.o(.data)
    tid_alarm                                0x2000008c   Data           4  main.o(.data)
    LIS302DLTimeout                          0x20000090   Data           4  lis302dl.o(.data)
    select                                   0x200000d8   Data           1  keypad.o(.data)
    readrow                                  0x200000d9   Data           1  keypad.o(.data)
    readcol                                  0x200000da   Data           1  keypad.o(.data)
    previousValueRow                         0x200000dc   Data           4  keypad.o(.data)
    previousValueCol                         0x200000e0   Data           4  keypad.o(.data)
    TIM_select                               0x200000e8   Data           4  segmentdisplay.o(.data)
    count                                    0x200000ec   Data           4  segmentdisplay.o(.data)
    skippedDisplay                           0x200000f0   Data           4  segmentdisplay.o(.data)
    BufferIndex                              0x200000f4   Data           4  movingaveragefloat.o(.data)
    IsBufferFull                             0x200000f8   Data           2  movingaveragefloat.o(.data)
    CoordsIndex                              0x200000fc   Data           4  movingaveragefloat.o(.data)
    AreCoordsFull                            0x20000100   Data           2  movingaveragefloat.o(.data)
    roll_value                               0x20000134   Data           4  accelerometer.o(.data)
    pitch_value                              0x20000138   Data           4  accelerometer.o(.data)
    acc_flag                                 0x2000013c   Data           4  accelerometer.o(.data)
    LIS302DL_InitStruct                      0x20000140   Data           5  accelerometer.o(.data)
    LIS302DL_FilterStruct                    0x20000145   Data           3  accelerometer.o(.data)
    t_id                                     0x2000015c   Data           4  accelerometer.o(.data)
    AlarmFlag                                0x20000160   Data           4  temperature.o(.data)
    osThreadId_osTimerThread                 0x20000190   Data           4  rtx_conf_cm.o(.data)
    osMessageQId_osTimerMessageQ             0x20000194   Data           4  rtx_conf_cm.o(.data)
    os_tmr                                   0x20000198   Data           4  rtx_conf_cm.o(.data)
    m_tmr                                    0x2000019c   Data           4  rtx_conf_cm.o(.data)
    os_thread_def_main                       0x200001a0   Data          16  rtx_conf_cm.o(.data)
    SystemCoreClock                          0x200001c0   Data           4  system_stm32f4xx.o(.data)
    AHBPrescTable                            0x200001c4   Data          16  system_stm32f4xx.o(.data)
    os_initialized                           0x200001d4   Data           1  rt_cmsis.o(.data)
    os_running                               0x200001d5   Data           1  rt_cmsis.o(.data)
    os_timer_head                            0x200001d8   Data           4  rt_cmsis.o(.data)
    os_tsk                                   0x200001dc   Data           8  rt_task.o(.data)
    os_tick_irqn                             0x200001e8   Data           4  rt_system.o(.data)
    os_time                                  0x200001ec   Data           4  rt_time.o(.data)
    dbg_msg                                  0x200001f0   Data           1  hal_cm.o(.data)
    os_robin                                 0x200001f4   Data           8  rt_robin.o(.data)
    __stdout                                 0x200001fc   Data           4  stdout.o(.data)
    Buffer                                   0x20000204   Data         124  movingaveragefloat.o(.bss)
    BufferX                                  0x20000280   Data         244  movingaveragefloat.o(.bss)
    BufferY                                  0x20000374   Data         244  movingaveragefloat.o(.bss)
    BufferZ                                  0x20000468   Data         244  movingaveragefloat.o(.bss)
    buffer                                   0x2000055c   Data          12  accelerometer.o(.bss)
    calibratedBuffer                         0x20000568   Data          12  accelerometer.o(.bss)
    TIM_OCStruct                             0x20000604   Data          20  alarm.o(.bss)
    mp_tcb                                   0x20000618   Data         376  rtx_conf_cm.o(.bss)
    mp_stk                                   0x20000790   Data        7216  rtx_conf_cm.o(.bss)
    os_stack_mem                             0x200023c0   Data        1432  rtx_conf_cm.o(.bss)
    os_fifo                                  0x20002958   Data         132  rtx_conf_cm.o(.bss)
    os_active_TCB                            0x200029dc   Data          28  rtx_conf_cm.o(.bss)
    os_messageQ_q_osTimerMessageQ            0x200029f8   Data          32  rtx_conf_cm.o(.bss)
    os_idle_TCB                              0x20002a18   Data          52  rt_task.o(.bss)
    os_rdy                                   0x20002a4c   Data          24  rt_list.o(.bss)
    os_dly                                   0x20002a64   Data          24  rt_list.o(.bss)
    __initial_sp                             0x20002e80   Data           0  startup_stm32f40_41xxx.o(STACK)



==============================================================================

Memory Map of the image

  Image Entry point : 0x08000189

  Load Region LR_IROM1 (Base: 0x08000000, Size: 0x00005fcc, Max: 0x00100000, ABSOLUTE, COMPRESSED[0x00005e50])

    Execution Region ER_IROM1 (Base: 0x08000000, Size: 0x00005dc8, Max: 0x00100000, ABSOLUTE)

    Base Addr    Size         Type   Attr      Idx    E Section Name        Object

    0x08000000   0x00000188   Data   RO         1066    RESET               startup_stm32f40_41xxx.o
    0x08000188   0x00000000   Code   RO         2314  * .ARM.Collect$$$$00000000  mc_w.l(entry.o)
    0x08000188   0x00000004   Code   RO         2600    .ARM.Collect$$$$00000001  mc_w.l(entry2.o)
    0x0800018c   0x00000004   Code   RO         2603    .ARM.Collect$$$$00000004  mc_w.l(entry5.o)
    0x08000190   0x00000000   Code   RO         2605    .ARM.Collect$$$$00000008  mc_w.l(entry7b.o)
    0x08000190   0x00000000   Code   RO         2607    .ARM.Collect$$$$0000000A  mc_w.l(entry8b.o)
    0x08000190   0x00000000   Code   RO         2608    .ARM.Collect$$$$0000000D  mc_w.l(entry10a.o)
    0x08000190   0x00000000   Code   RO         2610    .ARM.Collect$$$$0000000F  mc_w.l(entry11a.o)
    0x08000190   0x00000018   Code   RO          410    .ARM.Collect$$$$000000FF  rtx_conf_cm.o
    0x080001a8   0x00000004   Code   RO         2601    .ARM.Collect$$$$00002712  mc_w.l(entry2.o)
    0x080001ac   0x00000180   Code   RO         2275    .emb_text           RTX_CM4.lib(hal_cm4.o)
    0x0800032c   0x0000024c   Code   RO            3    .text               main.o
    0x08000578   0x00000038   Code   RO          179    .text               fputc_debug.o
    0x080005b0   0x000003c0   Code   RO          229    .text               lis302dl.o
    0x08000970   0x000001f8   Code   RO          252    .text               keypad.o
    0x08000b68   0x00000484   Code   RO          276    .text               segmentdisplay.o
    0x08000fec   0x000001e8   Code   RO          313    .text               movingaveragefloat.o
    0x080011d4   0x000003c0   Code   RO          340    .text               accelerometer.o
    0x08001594   0x00000200   Code   RO          364    .text               temperature.o
    0x08001794   0x00000254   Code   RO          388    .text               alarm.o
    0x080019e8   0x0000001e   Code   RO          411    .text               rtx_conf_cm.o
    0x08001a06   0x00000002   PAD
    0x08001a08   0x000000e0   Code   RO          444    .text               misc.o
    0x08001ae8   0x00000464   Code   RO          464    .text               stm32f4xx_adc.o
    0x08001f4c   0x00000110   Code   RO          684    .text               stm32f4xx_exti.o
    0x0800205c   0x00000294   Code   RO          744    .text               stm32f4xx_gpio.o
    0x080022f0   0x00000634   Code   RO          884    .text               stm32f4xx_rcc.o
    0x08002924   0x0000044e   Code   RO          966    .text               stm32f4xx_spi.o
    0x08002d72   0x00000002   PAD
    0x08002d74   0x00000094   Code   RO          986    .text               stm32f4xx_syscfg.o
    0x08002e08   0x00000ca2   Code   RO         1006    .text               stm32f4xx_tim.o
    0x08003aaa   0x00000002   PAD
    0x08003aac   0x00000024   Code   RO         1067    .text               startup_stm32f40_41xxx.o
    0x08003ad0   0x00000210   Code   RO         1073    .text               system_stm32f4xx.o
    0x08003ce0   0x0000014e   Code   RO         2578    .text               mf_w.l(dadd.o)
    0x08003e2e   0x000000e4   Code   RO         2580    .text               mf_w.l(dmul.o)
    0x08003f12   0x000000de   Code   RO         2582    .text               mf_w.l(ddiv.o)
    0x08003ff0   0x00000026   Code   RO         2584    .text               mf_w.l(f2d.o)
    0x08004016   0x00000038   Code   RO         2586    .text               mf_w.l(d2f.o)
    0x0800404e   0x0000002c   Code   RO         2613    .text               mc_w.l(uidiv.o)
    0x0800407a   0x0000001e   Code   RO         2617    .text               mc_w.l(llshl.o)
    0x08004098   0x00000024   Code   RO         2619    .text               mc_w.l(llsshr.o)
    0x080040bc   0x00000000   Code   RO         2628    .text               mc_w.l(iusefp.o)
    0x080040bc   0x0000006e   Code   RO         2629    .text               mf_w.l(fepilogue.o)
    0x0800412a   0x000000b6   Code   RO         2631    .text               mf_w.l(depilogue.o)
    0x080041e0   0x000000a2   Code   RO         2635    .text               mf_w.l(dsqrt.o)
    0x08004282   0x00000002   PAD
    0x08004284   0x00000024   Code   RO         2643    .text               mc_w.l(init.o)
    0x080042a8   0x00000020   Code   RO         2645    .text               mc_w.l(llushr.o)
    0x080042c8   0x00000056   Code   RO         2655    .text               mc_w.l(__dczerorl2.o)
    0x0800431e   0x00000002   PAD
    0x08004320   0x00000004   Code   RO         2285    SVC_TABLE           RTX_CM4.lib(svc_table.o)
    0x08004324   0x00000020   Code   RO         2362    i.__0printf$1       mc_w.l(printf1.o)
    0x08004344   0x00000030   Code   RO         2596    i.__ARM_fpclassify  m_wm.l(fpclassify.o)
    0x08004374   0x00000004   PAD
    0x08004378   0x000002e0   Code   RO         2288    i.__hardfp_atan     m_wm.l(atan.o)
    0x08004658   0x0000007a   Code   RO         2302    i.__hardfp_sqrt     m_wm.l(sqrt.o)
    0x080046d2   0x000000f8   Code   RO         2598    i.__kernel_poly     m_wm.l(poly.o)
    0x080047ca   0x00000006   PAD
    0x080047d0   0x00000020   Code   RO         2588    i.__mathlib_dbl_underflow  m_wm.l(dunder.o)
    0x080047f0   0x0000000e   Code   RO         2649    i.__scatterload_copy  mc_w.l(handlers.o)
    0x080047fe   0x00000002   Code   RO         2650    i.__scatterload_null  mc_w.l(handlers.o)
    0x08004800   0x0000000e   Code   RO         2651    i.__scatterload_zeroinit  mc_w.l(handlers.o)
    0x0800480e   0x00000002   PAD
    0x08004810   0x0000000c   Code   RO         2623    i.__set_errno       mc_w.l(errno.o)
    0x0800481c   0x00000046   Code   RO         2148    i._init_box         RTX_CM4.lib(rt_membox.o)
    0x08004862   0x00000002   PAD
    0x08004864   0x00000154   Code   RO         2369    i._printf_core      mc_w.l(printf1.o)
    0x080049b8   0x00000030   Code   RO         2201    i.dbg_init          RTX_CM4.lib(hal_cm.o)
    0x080049e8   0x00000020   Code   RO         2202    i.dbg_task_notify   RTX_CM4.lib(hal_cm.o)
    0x08004a08   0x00000010   Code   RO         2203    i.dbg_task_switch   RTX_CM4.lib(hal_cm.o)
    0x08004a18   0x00000018   Code   RO         2592    i.fabs              m_wm.l(fabs.o)
    0x08004a30   0x0000002c   Code   RO         1099    i.isrMessagePut     RTX_CM4.lib(rt_cmsis.o)
    0x08004a5c   0x00000028   Code   RO         1876    i.isr_evt_set       RTX_CM4.lib(rt_event.o)
    0x08004a84   0x00000050   Code   RO         1994    i.isr_mbx_receive   RTX_CM4.lib(rt_mailbox.o)
    0x08004ad4   0x0000000e   Code   RO         1995    i.isr_mbx_send      RTX_CM4.lib(rt_mailbox.o)
    0x08004ae2   0x00000002   PAD
    0x08004ae4   0x00000018   Code   RO         1100    i.osDelay           RTX_CM4.lib(rt_cmsis.o)
    0x08004afc   0x00000024   Code   RO         1101    i.osKernelInitialize  RTX_CM4.lib(rt_cmsis.o)
    0x08004b20   0x0000006c   Code   RO         1103    i.osKernelStart     RTX_CM4.lib(rt_cmsis.o)
    0x08004b8c   0x00000044   Code   RO         1112    i.osMessageGet      RTX_CM4.lib(rt_cmsis.o)
    0x08004bd0   0x00000034   Code   RO         1127    i.osSignalSet       RTX_CM4.lib(rt_cmsis.o)
    0x08004c04   0x00000018   Code   RO         1128    i.osSignalWait      RTX_CM4.lib(rt_cmsis.o)
    0x08004c1c   0x00000030   Code   RO         1129    i.osThreadCreate    RTX_CM4.lib(rt_cmsis.o)
    0x08004c4c   0x00000018   Code   RO         1130    i.osThreadExit      RTX_CM4.lib(rt_cmsis.o)
    0x08004c64   0x0000000c   Code   RO         1136    i.osTimerCall       RTX_CM4.lib(rt_cmsis.o)
    0x08004c70   0x0000002c   Code   RO         1141    i.osTimerThread     RTX_CM4.lib(rt_cmsis.o)
    0x08004c9c   0x00000028   Code   RO         1786    i.os_tick_init      RTX_CM4.lib(rt_system.o)
    0x08004cc4   0x00000002   Code   RO         1787    i.os_tick_irqack    RTX_CM4.lib(rt_system.o)
    0x08004cc6   0x0000001a   Code   RO         2149    i.rt_alloc_box      RTX_CM4.lib(rt_membox.o)
    0x08004ce0   0x0000003c   Code   RO         2177    i.rt_alloc_mem      RTX_CM4.lib(rt_memory.o)
    0x08004d1c   0x00000038   Code   RO         1701    i.rt_block          RTX_CM4.lib(rt_task.o)
    0x08004d54   0x00000048   Code   RO         2254    i.rt_chk_robin      RTX_CM4.lib(rt_robin.o)
    0x08004d9c   0x00000070   Code   RO         1918    i.rt_dec_dly        RTX_CM4.lib(rt_list.o)
    0x08004e0c   0x00000044   Code   RO         1702    i.rt_dispatch       RTX_CM4.lib(rt_task.o)
    0x08004e50   0x00000006   Code   RO         2084    i.rt_dly_wait       RTX_CM4.lib(rt_time.o)
    0x08004e56   0x00000002   PAD
    0x08004e58   0x00000050   Code   RO         1879    i.rt_evt_psh        RTX_CM4.lib(rt_event.o)
    0x08004ea8   0x0000005c   Code   RO         1880    i.rt_evt_set        RTX_CM4.lib(rt_event.o)
    0x08004f04   0x0000003c   Code   RO         1881    i.rt_evt_wait       RTX_CM4.lib(rt_event.o)
    0x08004f40   0x00000020   Code   RO         2150    i.rt_free_box       RTX_CM4.lib(rt_membox.o)
    0x08004f60   0x00000028   Code   RO         2178    i.rt_free_mem       RTX_CM4.lib(rt_memory.o)
    0x08004f88   0x00000028   Code   RO         1919    i.rt_get_first      RTX_CM4.lib(rt_list.o)
    0x08004fb0   0x00000008   Code   RO         1146    i.rt_id2obj         RTX_CM4.lib(rt_cmsis.o)
    0x08004fb8   0x00000048   Code   RO         1703    i.rt_init_context   RTX_CM4.lib(rt_task.o)
    0x08005000   0x0000001a   Code   RO         2179    i.rt_init_mem       RTX_CM4.lib(rt_memory.o)
    0x0800501a   0x00000002   PAD
    0x0800501c   0x00000018   Code   RO         2255    i.rt_init_robin     RTX_CM4.lib(rt_robin.o)
    0x08005034   0x00000050   Code   RO         2204    i.rt_init_stack     RTX_CM4.lib(hal_cm.o)
    0x08005084   0x00000008   Code   RO         1996    i.rt_mbx_check      RTX_CM4.lib(rt_mailbox.o)
    0x0800508c   0x0000001c   Code   RO         1997    i.rt_mbx_init       RTX_CM4.lib(rt_mailbox.o)
    0x080050a8   0x000000f0   Code   RO         1998    i.rt_mbx_psh        RTX_CM4.lib(rt_mailbox.o)
    0x08005198   0x000000b0   Code   RO         2000    i.rt_mbx_wait       RTX_CM4.lib(rt_mailbox.o)
    0x08005248   0x0000003c   Code   RO         1147    i.rt_ms2tick        RTX_CM4.lib(rt_cmsis.o)
    0x08005284   0x0000007c   Code   RO         1790    i.rt_pop_req        RTX_CM4.lib(rt_system.o)
    0x08005300   0x00000020   Code   RO         1791    i.rt_psh_req        RTX_CM4.lib(rt_system.o)
    0x08005320   0x00000058   Code   RO         1921    i.rt_psq_enq        RTX_CM4.lib(rt_list.o)
    0x08005378   0x00000048   Code   RO         1922    i.rt_put_dly        RTX_CM4.lib(rt_list.o)
    0x080053c0   0x00000036   Code   RO         1923    i.rt_put_prio       RTX_CM4.lib(rt_list.o)
    0x080053f6   0x00000002   PAD
    0x080053f8   0x00000014   Code   RO         1924    i.rt_put_rdy_first  RTX_CM4.lib(rt_list.o)
    0x0800540c   0x00000034   Code   RO         1925    i.rt_resort_prio    RTX_CM4.lib(rt_list.o)
    0x08005440   0x00000010   Code   RO         2205    i.rt_ret_regs       RTX_CM4.lib(hal_cm.o)
    0x08005450   0x0000000c   Code   RO         2206    i.rt_ret_val        RTX_CM4.lib(hal_cm.o)
    0x0800545c   0x00000010   Code   RO         2207    i.rt_ret_val2       RTX_CM4.lib(hal_cm.o)
    0x0800546c   0x00000028   Code   RO         1926    i.rt_rmv_dly        RTX_CM4.lib(rt_list.o)
    0x08005494   0x00000030   Code   RO         1927    i.rt_rmv_list       RTX_CM4.lib(rt_list.o)
    0x080054c4   0x00000034   Code   RO         2045    i.rt_sem_psh        RTX_CM4.lib(rt_semaphore.o)
    0x080054f8   0x00000024   Code   RO         1793    i.rt_stk_check      RTX_CM4.lib(rt_system.o)
    0x0800551c   0x00000028   Code   RO         1704    i.rt_switch_req     RTX_CM4.lib(rt_task.o)
    0x08005544   0x0000010c   Code   RO         1705    i.rt_sys_init       RTX_CM4.lib(rt_task.o)
    0x08005650   0x00000034   Code   RO         1706    i.rt_sys_start      RTX_CM4.lib(rt_task.o)
    0x08005684   0x00000040   Code   RO         1795    i.rt_systick        RTX_CM4.lib(rt_system.o)
    0x080056c4   0x00000012   Code   RO         1148    i.rt_tid2ptcb       RTX_CM4.lib(rt_cmsis.o)
    0x080056d6   0x00000002   PAD
    0x080056d8   0x00000038   Code   RO         1149    i.rt_timer_insert   RTX_CM4.lib(rt_cmsis.o)
    0x08005710   0x00000084   Code   RO         1707    i.rt_tsk_create     RTX_CM4.lib(rt_task.o)
    0x08005794   0x00000174   Code   RO         1708    i.rt_tsk_delete     RTX_CM4.lib(rt_task.o)
    0x08005908   0x0000007c   Code   RO         1710    i.rt_tsk_prio       RTX_CM4.lib(rt_task.o)
    0x08005984   0x00000010   Code   RO         1711    i.rt_tsk_self       RTX_CM4.lib(rt_task.o)
    0x08005994   0x00000014   Code   RO         1151    i.svcDelay          RTX_CM4.lib(rt_cmsis.o)
    0x080059a8   0x00000070   Code   RO         1152    i.svcKernelInitialize  RTX_CM4.lib(rt_cmsis.o)
    0x08005a18   0x00000048   Code   RO         1154    i.svcKernelStart    RTX_CM4.lib(rt_cmsis.o)
    0x08005a60   0x00000024   Code   RO         1157    i.svcMessageCreate  RTX_CM4.lib(rt_cmsis.o)
    0x08005a84   0x0000003a   Code   RO         1158    i.svcMessageGet     RTX_CM4.lib(rt_cmsis.o)
    0x08005abe   0x00000024   Code   RO         1170    i.svcSignalSet      RTX_CM4.lib(rt_cmsis.o)
    0x08005ae2   0x00000002   PAD
    0x08005ae4   0x00000054   Code   RO         1171    i.svcSignalWait     RTX_CM4.lib(rt_cmsis.o)
    0x08005b38   0x00000070   Code   RO         1172    i.svcThreadCreate   RTX_CM4.lib(rt_cmsis.o)
    0x08005ba8   0x0000001c   Code   RO         1173    i.svcThreadGetId    RTX_CM4.lib(rt_cmsis.o)
    0x08005bc4   0x00000038   Code   RO         1176    i.svcThreadTerminate  RTX_CM4.lib(rt_cmsis.o)
    0x08005bfc   0x00000018   Code   RO         1178    i.svcTimerCall      RTX_CM4.lib(rt_cmsis.o)
    0x08005c14   0x00000054   Code   RO         1187    i.sysTimerTick      RTX_CM4.lib(rt_cmsis.o)
    0x08005c68   0x00000050   Data   RO            4    .constdata          main.o
    0x08005cb8   0x00000056   Data   RO          413    .constdata          rtx_conf_cm.o
    0x08005d0e   0x00000002   PAD
    0x08005d10   0x00000098   Data   RO         2291    .constdata          m_wm.l(atan.o)
    0x08005da8   0x00000020   Data   RO         2647    Region$$Table       anon$$obj.o


    Execution Region RW_IRAM1 (Base: 0x20000000, Size: 0x00002e80, Max: 0x00020000, ABSOLUTE, COMPRESSED[0x00000088])

    Base Addr    Size         Type   Attr      Idx    E Section Name        Object

    0x20000000   0x00000090   Data   RW            5    .data               main.o
    0x20000090   0x00000004   Data   RW          230    .data               lis302dl.o
    0x20000094   0x00000050   Data   RW          254    .data               keypad.o
    0x200000e4   0x00000010   Data   RW          278    .data               segmentdisplay.o
    0x200000f4   0x0000000e   Data   RW          315    .data               movingaveragefloat.o
    0x20000102   0x00000002   PAD
    0x20000104   0x0000005c   Data   RW          342    .data               accelerometer.o
    0x20000160   0x0000001c   Data   RW          366    .data               temperature.o
    0x2000017c   0x00000014   Data   RW          390    .data               alarm.o
    0x20000190   0x00000020   Data   RW          414    .data               rtx_conf_cm.o
    0x200001b0   0x00000010   Data   RW          885    .data               stm32f4xx_rcc.o
    0x200001c0   0x00000014   Data   RW         1074    .data               system_stm32f4xx.o
    0x200001d4   0x00000008   Data   RW         1190    .data               RTX_CM4.lib(rt_cmsis.o)
    0x200001dc   0x00000008   Data   RW         1713    .data               RTX_CM4.lib(rt_task.o)
    0x200001e4   0x00000008   Data   RW         1798    .data               RTX_CM4.lib(rt_system.o)
    0x200001ec   0x00000004   Data   RW         2088    .data               RTX_CM4.lib(rt_time.o)
    0x200001f0   0x00000001   Data   RW         2208    .data               RTX_CM4.lib(hal_cm.o)
    0x200001f1   0x00000003   PAD
    0x200001f4   0x00000008   Data   RW         2256    .data               RTX_CM4.lib(rt_robin.o)
    0x200001fc   0x00000004   Data   RW         2612    .data               mc_w.l(stdout.o)
    0x20000200   0x00000004   Data   RW         2624    .data               mc_w.l(errno.o)
    0x20000204   0x00000358   Zero   RW          314    .bss                movingaveragefloat.o
    0x2000055c   0x00000018   Zero   RW          341    .bss                accelerometer.o
    0x20000574   0x00000048   Zero   RW          365    .bss                temperature.o
    0x200005bc   0x0000005c   Zero   RW          389    .bss                alarm.o
    0x20000618   0x00002400   Zero   RW          412    .bss                rtx_conf_cm.o
    0x20002a18   0x00000034   Zero   RW         1712    .bss                RTX_CM4.lib(rt_task.o)
    0x20002a4c   0x00000030   Zero   RW         1928    .bss                RTX_CM4.lib(rt_list.o)
    0x20002a7c   0x00000004   PAD
    0x20002a80   0x00000400   Zero   RW         1064    STACK               startup_stm32f40_41xxx.o


==============================================================================

Image component sizes


      Code (inc. data)   RO Data    RW Data    ZI Data      Debug   Object Name

       960         68          0         92         24       3286   accelerometer.o
       596         32          0         20         92       2539   alarm.o
        56          6          0          0          0      27127   fputc_debug.o
       504         30          0         80          0       1903   keypad.o
       960         18          0          4          0       4280   lis302dl.o
       588         92         80        144          0     333476   main.o
       224         20          0          0          0       2025   misc.o
       488         36          0         14        856       3499   movingaveragefloat.o
        54          6         86         32       9216       7326   rtx_conf_cm.o
      1156         54          0         16          0       6234   segmentdisplay.o
        36          8        392          0       1024        864   startup_stm32f40_41xxx.o
      1124         24          0          0          0      10698   stm32f4xx_adc.o
       272         10          0          0          0       2467   stm32f4xx_exti.o
       660         44          0          0          0       4301   stm32f4xx_gpio.o
      1588         52          0         16          0      12950   stm32f4xx_rcc.o
      1102         32          0          0          0       7069   stm32f4xx_spi.o
       148         12          0          0          0       1917   stm32f4xx_syscfg.o
      3234         60          0          0          0      22504   stm32f4xx_tim.o
       528         46          0         20          0       1963   system_stm32f4xx.o
       512         48          0         28         72       1891   temperature.o

    ----------------------------------------------------------------------
     14796        698        592        468      11284     458319   Object Totals
         0          0         32          0          0          0   (incl. Generated)
         6          0          2          2          0          0   (incl. Padding)

    ----------------------------------------------------------------------

      Code (inc. data)   RO Data    RW Data    ZI Data      Debug   Library Member Name

       220         24          0          1          0       3528   hal_cm.o
       384         28          0          0          0        728   hal_cm4.o
      1348        162          0          8          0      30975   rt_cmsis.o
       272         18          0          0          0       2230   rt_event.o
       526         36          0          0         48       7069   rt_list.o
       546         10          0          0          0       3285   rt_mailbox.o
       128          0          0          0          0       1621   rt_membox.o
       126          0          0          0          0       1935   rt_memory.o
        96         22          0          8          0       1050   rt_robin.o
        52          4          0          0          0        497   rt_semaphore.o
       298         54          0          8          0       5667   rt_system.o
      1200        174          0          8         52       8409   rt_task.o
         6          0          0          4          0        548   rt_time.o
         4          4          0          0          0        132   svc_table.o
       736        104        152          0          0        220   atan.o
        32          8          0          0          0        124   dunder.o
        24          0          0          0          0        124   fabs.o
        48          0          0          0          0        124   fpclassify.o
       248          0          0          0          0        152   poly.o
       122          0          0          0          0        148   sqrt.o
        86          0          0          0          0          0   __dczerorl2.o
         0          0          0          0          0          0   entry.o
         0          0          0          0          0          0   entry10a.o
         0          0          0          0          0          0   entry11a.o
         8          4          0          0          0          0   entry2.o
         4          0          0          0          0          0   entry5.o
         0          0          0          0          0          0   entry7b.o
         0          0          0          0          0          0   entry8b.o
        12          6          0          4          0         68   errno.o
        30          0          0          0          0          0   handlers.o
        36          8          0          0          0         68   init.o
         0          0          0          0          0          0   iusefp.o
        30          0          0          0          0         68   llshl.o
        36          0          0          0          0         68   llsshr.o
        32          0          0          0          0         68   llushr.o
       372         14          0          0          0        184   printf1.o
         0          0          0          4          0          0   stdout.o
        44          0          0          0          0         80   uidiv.o
        56          0          0          0          0         88   d2f.o
       334          0          0          0          0        148   dadd.o
       222          0          0          0          0        100   ddiv.o
       182          0          0          0          0        176   depilogue.o
       228          0          0          0          0         96   dmul.o
       162          0          0          0          0        100   dsqrt.o
        38          0          0          0          0         68   f2d.o
       110          0          0          0          0        168   fepilogue.o

    ----------------------------------------------------------------------
      8468        680        152         48        104      70114   Library Totals
        30          0          0          3          4          0   (incl. Padding)

    ----------------------------------------------------------------------

      Code (inc. data)   RO Data    RW Data    ZI Data      Debug   Library Name

      5206        536          0         37        100      67674   RTX_CM4.lib
      1210        112        152          0          0        892   m_wm.l
       690         32          0          8          0        604   mc_w.l
      1332          0          0          0          0        944   mf_w.l

    ----------------------------------------------------------------------
      8468        680        152         48        104      70114   Library Totals

    ----------------------------------------------------------------------

==============================================================================


      Code (inc. data)   RO Data    RW Data    ZI Data      Debug   

     23264       1378        744        516      11388     515941   Grand Totals
     23264       1378        744        136      11388     515941   ELF Image Totals (compressed)
     23264       1378        744        136          0          0   ROM Totals

==============================================================================

    Total RO  Size (Code + RO Data)                24008 (  23.45kB)
    Total RW  Size (RW Data + ZI Data)             11904 (  11.63kB)
    Total ROM Size (Code + RO Data + RW Data)      24144 (  23.58kB)

==============================================================================

