<html>
<body>
<pre>
<h1>µVision Build Log</h1>
<h2>Tool Versions:</h2>
IDE-Version: µVision V5.12.0.0
Copyright (C) 2014 ARM Ltd and ARM Germany GmbH. All rights reserved.
License Information: john doe, john doe inc, LIC=CRMWF-6D45K-D3WM3-ADKV0-RF78H-IMI8A
 
Tool Versions:
Toolchain:       MDK-ARM Professional  Version: 5.12.0.0
Toolchain Path:  C:\Keil_v5\ARM\ARMCC\Bin
C Compiler:      Armcc.exe V5.05 (build 41)
Assembler:       Armasm.exe V5.05 (build 41)
Linker/Locator:  ArmLink.exe V5.05 (build 41)
Library Manager: ArmAr.exe V5.05 (build 41)
Hex Converter:   FromElf.exe V5.05 (build 41)
CPU DLL:         SARMCM3.DLL V5.12.0.0
Dialog DLL:      DCM.DLL V1.13.0.0
    Target DLL: STLink\ST-LINKIII-KEIL_SWO.dll
Dialog DLL:      TCM.DLL V1.14.2.0
 
<h2>Project:</h2>
C:\Users\Maxime\microp\WirelessDriver\WirelessDriver.uvprojx
Project File Date:  11/09/2014

<h2>Output:</h2>
Rebuild target 'Target 1'
compiling fput_debug.c...
compiling main.c...
src\main.c(27): warning:  #177-D: function "InitMainTimer" was declared but never referenced
  static void InitMainTimer()
src\main.c(63): warning:  #177-D: variable "regs" was declared but never referenced
  static uint8_t regs[50];
src\main.c: 2 warnings, 0 errors
compiling cc2500.c...
src\cc2500.c(33): warning:  #177-D: variable "CC2500_BR_SINGLE_MODE" was declared but never referenced
  static const uint32_t CC2500_BR_SINGLE_MODE =         9000000;
src\cc2500.c: 1 warning, 0 errors
compiling RTX_Conf_CM.c...
compiling system_stm32f4xx.c...
compiling misc.c...
compiling stm32f4xx_adc.c...
compiling stm32f4xx_can.c...
compiling stm32f4xx_crc.c...
compiling stm32f4xx_cryp.c...
compiling stm32f4xx_cryp_aes.c...
compiling stm32f4xx_cryp_des.c...
compiling stm32f4xx_cryp_tdes.c...
compiling stm32f4xx_dac.c...
compiling stm32f4xx_dbgmcu.c...
compiling stm32f4xx_dcmi.c...
compiling stm32f4xx_dma.c...
compiling stm32f4xx_dma2d.c...
compiling stm32f4xx_exti.c...
compiling stm32f4xx_flash.c...
compiling stm32f4xx_fmc.c...
compiling stm32f4xx_gpio.c...
compiling stm32f4xx_hash.c...
compiling stm32f4xx_hash_md5.c...
compiling stm32f4xx_hash_sha1.c...
compiling stm32f4xx_i2c.c...
compiling stm32f4xx_iwdg.c...
compiling stm32f4xx_ltdc.c...
compiling stm32f4xx_pwr.c...
compiling stm32f4xx_rcc.c...
compiling stm32f4xx_rng.c...
compiling stm32f4xx_rtc.c...
compiling stm32f4xx_sai.c...
compiling stm32f4xx_sdio.c...
compiling stm32f4xx_spi.c...
compiling stm32f4xx_syscfg.c...
compiling stm32f4xx_tim.c...
compiling stm32f4xx_usart.c...
compiling stm32f4xx_wwdg.c...
assembling startup_stm32f429_439xx.s...
compiling GUI_X_RTE.c...
compiling GUIConf.c...
compiling LCDConf.c...
RTE\Graphics\LCDConf.c(182): warning:  #550-D: variable "p" was set but never used
      LCD_X_SETVRAMADDR_INFO * p;
RTE\Graphics\LCDConf.c(191): warning:  #550-D: variable "p" was set but never used
      LCD_X_SETORG_INFO * p;
RTE\Graphics\LCDConf.c(200): warning:  #550-D: variable "p" was set but never used
      LCD_X_SHOWBUFFER_INFO * p;
RTE\Graphics\LCDConf.c(209): warning:  #550-D: variable "p" was set but never used
      LCD_X_SETLUTENTRY_INFO * p;
RTE\Graphics\LCDConf.c: 4 warnings, 0 errors
linking...
Program Size: Code=33408 RO-data=8900 RW-data=412 ZI-data=174644  
".\obj\WirelessDriver.axf" - 0 Error(s), 7 Warning(s).

<h2>Software Packages used:</h2>

Package Vendor: ARM
                http://www.keil.com/pack/ARM.CMSIS.4.2.0.pack
                ::CMSIS:RTOS:1.0 (API)
                CMSIS (Cortex Microcontroller Software Interface Standard)
   * Component: RTOS Version: 1.0
   * Component: CORE Version: 3.40.0
   * Component: Keil RTX Version: 4.75.0

Package Vendor: Keil
                http://www.keil.com/pack/Keil.MDK-Middleware.6.2.0.pack
                Segger.MDK-Pro::Graphics:CORE:5.26.1
                Keil MDK-ARM Professional Middleware for ARM Cortex-M based devices
   * Component: CORE Version: 5.26.1
   * Component: Interface Template Version: 5.26.1

Package Vendor: Keil
                http://www.keil.com/pack/Keil.STM32F4xx_DFP.1.0.8.pack
                Keil::Device:Startup:1.3.1
                STMicroelectronics STM32F4 Series Device Support, Drivers and Examples
   * Component: Startup Version: 1.3.1
   * Component: DAC Version: 1.3.0
   * Component: EXTI Version: 1.3.0
   * Component: I2C Version: 1.3.0
   * Component: CAN Version: 1.3.0
   * Component: IWDG Version: 1.3.0
   * Component: DCMI Version: 1.3.0
   * Component: HASH Version: 1.3.0
   * Component: ADC Version: 1.3.0
   * Component: CRC Version: 1.3.0
   * Component: FMC Version: 1.3.0
   * Component: GPIO Version: 1.3.0
   * Component: Flash Version: 1.3.0
   * Component: CRYP Version: 1.3.0
   * Component: DMA Version: 1.3.0
   * Component: DMA2D Version: 1.3.0
   * Component: Framework Version: 1.3.1
   * Component: DBGMCU Version: 1.3.0
   * Component: WWDG Version: 1.3.0
   * Component: RNG Version: 1.3.0
   * Component: SDIO Version: 1.3.0
   * Component: LTDC Version: 1.3.0
   * Component: RCC Version: 1.3.0
   * Component: USART Version: 1.3.0
   * Component: SYSCFG Version: 1.3.0
   * Component: TIM Version: 1.3.0
   * Component: SAI Version: 1.3.0
   * Component: PWR Version: 1.3.0
   * Component: RTC Version: 1.3.0
   * Component: SPI Version: 1.3.0

<h2>Collection of Component include folders:</h2>
  C:\Users\Maxime\microp\WirelessDriver\RTE
  C:\Users\Maxime\microp\WirelessDriver\RTE\Device\STM32F429ZI
  C:\Keil_v5\ARM\PACK\ARM\CMSIS\4.2.0\CMSIS\Include
  C:\Keil_v5\ARM\PACK\ARM\CMSIS\4.2.0\CMSIS_RTX\INC
  C:\Keil_v5\ARM\PACK\Keil\MDK-Middleware\6.2.0\emWin\Include
  C:\Keil_v5\ARM\PACK\Keil\STM32F4xx_DFP\1.0.8\Device\Include
  C:\Keil_v5\ARM\PACK\Keil\STM32F4xx_DFP\1.0.8\Device\StdPeriph_Driver\inc

<h2>Collection of Component Files used:</h2>

   * Component: ::CMSIS:RTOS:1.0 (API)

   * Component: ARM::CMSIS:CORE:3.40.0
      Source file:   CMSIS\UserCodeTemplates\ARM\ITM_Retarget.c

   * Component: ARM::CMSIS:RTOS:Keil RTX:4.75.0
      Include file:  CMSIS_RTX\INC\cmsis_os.h
      Source file:   CMSIS_RTX\UserCodeTemplates\Semaphore.c
      Source file:   CMSIS_RTX\UserCodeTemplates\Timer.c
      Source file:   CMSIS_RTX\SRC\ARM\SVC_Table.s
      Source file:   CMSIS_RTX\Templates\RTX_Conf_CM.c
      Source file:   CMSIS_RTX\UserCodeTemplates\MemPool.c
      Source file:   CMSIS_RTX\UserCodeTemplates\main.c
      Source file:   CMSIS_RTX\UserCodeTemplates\MailQueue.c
      Include file:  CMSIS_RTX\UserCodeTemplates\osObjects.h
      Source file:   CMSIS_RTX\UserCodeTemplates\MsgQueue.c
      Source file:   CMSIS_RTX\UserCodeTemplates\Thread.c
      Source file:   CMSIS_RTX\UserCodeTemplates\Mutex.c
      Library file:  CMSIS_RTX\LIB\ARM\RTX_CM4.lib

   * Component: Segger.MDK-Pro::Graphics:CORE:5.26.1
      Source file:   emWin\Sample\Template\GUI_TemplateThread.c
      Library file:  emWin\Lib\ARM\GUI_CM4F_L.lib
      Source file:   emWin\Sample\Template\GUI_SingleThread.c
      Source file:   emWin\Sample\Config\GUIConf.c
      Include file:  emWin\Include\GUI.h
      Source file:   emWin\Sample\Template\GUI_MultiThread.c
      Source file:   emWin\Sample\GUI_X\GUI_X_RTE.c

   * Component: Segger.MDK-Pro::Graphics:Display:Interface Template:5.26.1
      Source file:   emWin\Sample\Config\LCDConf.c

   * Component: Keil::Device:Startup:1.3.1
      Include file:  RTE_Driver\Config\RTE_Device.h
      Source file:   Device\Source\ARM\startup_stm32f429_439xx.s
      Source file:   Device\Source\ARM\STM32F42xxx_43xxx_OPT.s
      Source file:   Device\Source\system_stm32f4xx.c
      Source file:   Device\Source\ARM\STM32F4xx_OTP.s
      Include file:  Device\Include\stm32f4xx.h

   * Component: Keil::Device:StdPeriph Drivers:DAC:1.3.0
      Source file:   Device\StdPeriph_Driver\src\stm32f4xx_dac.c
      Include file:  Device\StdPeriph_Driver\inc\stm32f4xx_dac.h

   * Component: Keil::Device:StdPeriph Drivers:EXTI:1.3.0
      Source file:   Device\StdPeriph_Driver\src\stm32f4xx_exti.c
      Include file:  Device\StdPeriph_Driver\inc\stm32f4xx_exti.h

   * Component: Keil::Device:StdPeriph Drivers:I2C:1.3.0
      Include file:  Device\StdPeriph_Driver\inc\stm32f4xx_i2c.h
      Source file:   Device\StdPeriph_Driver\src\stm32f4xx_i2c.c

   * Component: Keil::Device:StdPeriph Drivers:CAN:1.3.0
      Source file:   Device\StdPeriph_Driver\src\stm32f4xx_can.c
      Include file:  Device\StdPeriph_Driver\inc\stm32f4xx_can.h

   * Component: Keil::Device:StdPeriph Drivers:IWDG:1.3.0
      Include file:  Device\StdPeriph_Driver\inc\stm32f4xx_iwdg.h
      Source file:   Device\StdPeriph_Driver\src\stm32f4xx_iwdg.c

   * Component: Keil::Device:StdPeriph Drivers:DCMI:1.3.0
      Include file:  Device\StdPeriph_Driver\inc\stm32f4xx_dcmi.h
      Source file:   Device\StdPeriph_Driver\src\stm32f4xx_dcmi.c

   * Component: Keil::Device:StdPeriph Drivers:HASH:1.3.0
      Source file:   Device\StdPeriph_Driver\src\stm32f4xx_hash.c
      Include file:  Device\StdPeriph_Driver\inc\stm32f4xx_hash.h
      Source file:   Device\StdPeriph_Driver\src\stm32f4xx_hash_md5.c
      Source file:   Device\StdPeriph_Driver\src\stm32f4xx_hash_sha1.c

   * Component: Keil::Device:StdPeriph Drivers:ADC:1.3.0
      Include file:  Device\StdPeriph_Driver\inc\stm32f4xx_adc.h
      Source file:   Device\StdPeriph_Driver\src\stm32f4xx_adc.c

   * Component: Keil::Device:StdPeriph Drivers:CRC:1.3.0
      Include file:  Device\StdPeriph_Driver\inc\stm32f4xx_crc.h
      Source file:   Device\StdPeriph_Driver\src\stm32f4xx_crc.c

   * Component: Keil::Device:StdPeriph Drivers:FMC:1.3.0
      Include file:  Device\StdPeriph_Driver\inc\stm32f4xx_fmc.h
      Source file:   Device\StdPeriph_Driver\src\stm32f4xx_fmc.c

   * Component: Keil::Device:StdPeriph Drivers:GPIO:1.3.0
      Include file:  Device\StdPeriph_Driver\inc\stm32f4xx_gpio.h
      Source file:   Device\StdPeriph_Driver\src\stm32f4xx_gpio.c

   * Component: Keil::Device:StdPeriph Drivers:Flash:1.3.0
      Source file:   Device\StdPeriph_Driver\src\stm32f4xx_flash.c
      Include file:  Device\StdPeriph_Driver\inc\stm32f4xx_flash.h

   * Component: Keil::Device:StdPeriph Drivers:CRYP:1.3.0
      Source file:   Device\StdPeriph_Driver\src\stm32f4xx_cryp_aes.c
      Source file:   Device\StdPeriph_Driver\src\stm32f4xx_cryp_tdes.c
      Source file:   Device\StdPeriph_Driver\src\stm32f4xx_cryp_des.c
      Include file:  Device\StdPeriph_Driver\inc\stm32f4xx_cryp.h
      Source file:   Device\StdPeriph_Driver\src\stm32f4xx_cryp.c

   * Component: Keil::Device:StdPeriph Drivers:DMA:1.3.0
      Include file:  Device\StdPeriph_Driver\inc\stm32f4xx_dma.h
      Source file:   Device\StdPeriph_Driver\src\stm32f4xx_dma.c

   * Component: Keil::Device:StdPeriph Drivers:DMA2D:1.3.0
      Source file:   Device\StdPeriph_Driver\src\stm32f4xx_dma2d.c
      Include file:  Device\StdPeriph_Driver\inc\stm32f4xx_dma2d.h

   * Component: Keil::Device:StdPeriph Drivers:Framework:1.3.1
      Source file:   Device\StdPeriph_Driver\src\misc.c
      Source file:   Device\StdPeriph_Driver\templates\stm32f4xx_it.c
      Source file:   Device\StdPeriph_Driver\templates\stm32f4xx_conf.h
      Include file:  Device\StdPeriph_Driver\templates\stm32f4xx_it.h

   * Component: Keil::Device:StdPeriph Drivers:DBGMCU:1.3.0
      Source file:   Device\StdPeriph_Driver\src\stm32f4xx_dbgmcu.c
      Include file:  Device\StdPeriph_Driver\inc\stm32f4xx_dbgmcu.h

   * Component: Keil::Device:StdPeriph Drivers:WWDG:1.3.0
      Source file:   Device\StdPeriph_Driver\src\stm32f4xx_wwdg.c
      Include file:  Device\StdPeriph_Driver\inc\stm32f4xx_wwdg.h

   * Component: Keil::Device:StdPeriph Drivers:RNG:1.3.0
      Source file:   Device\StdPeriph_Driver\src\stm32f4xx_rng.c
      Include file:  Device\StdPeriph_Driver\inc\stm32f4xx_rng.h

   * Component: Keil::Device:StdPeriph Drivers:SDIO:1.3.0
      Source file:   Device\StdPeriph_Driver\src\stm32f4xx_sdio.c
      Include file:  Device\StdPeriph_Driver\inc\stm32f4xx_sdio.h

   * Component: Keil::Device:StdPeriph Drivers:LTDC:1.3.0
      Include file:  Device\StdPeriph_Driver\inc\stm32f4xx_ltdc.h
      Source file:   Device\StdPeriph_Driver\src\stm32f4xx_ltdc.c

   * Component: Keil::Device:StdPeriph Drivers:RCC:1.3.0
      Include file:  Device\StdPeriph_Driver\inc\stm32f4xx_rcc.h
      Source file:   Device\StdPeriph_Driver\src\stm32f4xx_rcc.c

   * Component: Keil::Device:StdPeriph Drivers:USART:1.3.0
      Source file:   Device\StdPeriph_Driver\src\stm32f4xx_usart.c
      Include file:  Device\StdPeriph_Driver\inc\stm32f4xx_usart.h

   * Component: Keil::Device:StdPeriph Drivers:SYSCFG:1.3.0
      Include file:  Device\StdPeriph_Driver\inc\stm32f4xx_syscfg.h
      Source file:   Device\StdPeriph_Driver\src\stm32f4xx_syscfg.c

   * Component: Keil::Device:StdPeriph Drivers:TIM:1.3.0
      Source file:   Device\StdPeriph_Driver\src\stm32f4xx_tim.c
      Include file:  Device\StdPeriph_Driver\inc\stm32f4xx_tim.h

   * Component: Keil::Device:StdPeriph Drivers:SAI:1.3.0
      Include file:  Device\StdPeriph_Driver\inc\stm32f4xx_sai.h
      Source file:   Device\StdPeriph_Driver\src\stm32f4xx_sai.c

   * Component: Keil::Device:StdPeriph Drivers:PWR:1.3.0
      Include file:  Device\StdPeriph_Driver\inc\stm32f4xx_pwr.h
      Source file:   Device\StdPeriph_Driver\src\stm32f4xx_pwr.c

   * Component: Keil::Device:StdPeriph Drivers:RTC:1.3.0
      Include file:  Device\StdPeriph_Driver\inc\stm32f4xx_rtc.h
      Source file:   Device\StdPeriph_Driver\src\stm32f4xx_rtc.c

   * Component: Keil::Device:StdPeriph Drivers:SPI:1.3.0
      Include file:  Device\StdPeriph_Driver\inc\stm32f4xx_spi.h
      Source file:   Device\StdPeriph_Driver\src\stm32f4xx_spi.c
