Product: MDK-ARM Standard 5.10
Component: ARM Compiler 5.04 update 1 (build 49)
Tool: armlink [5040049]

==============================================================================

Section Cross References

    main.o(.text) refers to stm32f4xx_tim.o(.text) for TIM_ClearITPendingBit
    main.o(.text) refers to stm32f4xx_gpio.o(.text) for GPIO_ToggleBits
    main.o(.text) refers to misc.o(.text) for NVIC_Init
    main.o(.text) refers to stm32f4xx_rcc.o(.text) for RCC_APB1PeriphClockCmd
    main.o(.text) refers to rt_cmsis.o(i.osKernelInitialize) for osKernelInitialize
    main.o(.text) refers to wireless.o(.text) for WLESS_Init
    main.o(.text) refers to rt_cmsis.o(i.osThreadCreate) for osThreadCreate
    main.o(.text) refers to rt_cmsis.o(i.osKernelStart) for osKernelStart
    main.o(.text) refers to main.o(.data) for ticks
    main.o(.text) refers to main.o(.constdata) for os_thread_def_ROLES_SlaveStationThread
    main.o(.constdata) refers to slavestation.o(.text) for ROLES_SlaveStationThread
    cc2500.o(.text) refers to stm32f4xx_gpio.o(.text) for GPIO_SetBits
    cc2500.o(.text) refers to stm32f4xx_spi.o(.text) for SPI_I2S_GetFlagStatus
    cc2500.o(.text) refers to stm32f4xx_rcc.o(.text) for RCC_AHB1PeriphClockCmd
    cc2500.o(.text) refers to startup_stm32f429_439xx.o(.text) for HardFault_Handler
    cc2500.o(.text) refers to cc2500_config_f429.o(.data) for CC2500_SPI_CSN_GPIO_PIN
    cc2500.o(.text) refers to cc2500.o(.constdata) for baudRatePrescalers
    wireless.o(.text) refers to stm32f4xx_gpio.o(.text) for GPIO_ReadInputDataBit
    wireless.o(.text) refers to stm32f4xx_exti.o(.text) for EXTI_ClearITPendingBit
    wireless.o(.text) refers to rt_cmsis.o(i.osSignalSet) for osSignalSet
    wireless.o(.text) refers to stm32f4xx_rcc.o(.text) for RCC_APB2PeriphClockCmd
    wireless.o(.text) refers to stm32f4xx_syscfg.o(.text) for SYSCFG_EXTILineConfig
    wireless.o(.text) refers to misc.o(.text) for NVIC_Init
    wireless.o(.text) refers to cc2500.o(.text) for CC2500_StructInit
    wireless.o(.text) refers to rt_cmsis.o(i.osThreadGetId) for osThreadGetId
    wireless.o(.text) refers to rt_cmsis.o(i.osSignalWait) for osSignalWait
    wireless.o(.text) refers to wireless.o(.data) for expected_trigger_level
    slavestation.o(.text) refers to wireless.o(.text) for WLESS_ReceivePacketVerified
    rtx_conf_cm.o(.ARM.Collect$$$$000000FF) refers to rt_cmsis.o(i.osKernelInitialize) for osKernelInitialize
    rtx_conf_cm.o(.ARM.Collect$$$$000000FF) refers to rt_cmsis.o(i.osThreadCreate) for osThreadCreate
    rtx_conf_cm.o(.ARM.Collect$$$$000000FF) refers to rt_cmsis.o(i.osKernelStart) for osKernelStart
    rtx_conf_cm.o(.ARM.Collect$$$$000000FF) refers to rtx_conf_cm.o(.data) for .data
    rtx_conf_cm.o(.constdata) refers to rt_cmsis.o(i.osTimerThread) for osTimerThread
    rtx_conf_cm.o(.constdata) refers to rtx_conf_cm.o(.bss) for os_messageQ_q_osTimerMessageQ
    rtx_conf_cm.o(.data) refers to main.o(.text) for main
    stm32f4xx_adc.o(.text) refers to stm32f4xx_rcc.o(.text) for RCC_APB2PeriphResetCmd
    stm32f4xx_can.o(.text) refers to stm32f4xx_rcc.o(.text) for RCC_APB1PeriphResetCmd
    stm32f4xx_cryp.o(.text) refers to stm32f4xx_rcc.o(.text) for RCC_AHB2PeriphResetCmd
    stm32f4xx_cryp_aes.o(.text) refers to stm32f4xx_cryp.o(.text) for CRYP_KeyStructInit
    stm32f4xx_cryp_des.o(.text) refers to stm32f4xx_cryp.o(.text) for CRYP_KeyStructInit
    stm32f4xx_cryp_tdes.o(.text) refers to stm32f4xx_cryp.o(.text) for CRYP_KeyStructInit
    stm32f4xx_dac.o(.text) refers to stm32f4xx_rcc.o(.text) for RCC_APB1PeriphResetCmd
    stm32f4xx_dma2d.o(.text) refers to stm32f4xx_rcc.o(.text) for RCC_AHB1PeriphResetCmd
    stm32f4xx_gpio.o(.text) refers to stm32f4xx_rcc.o(.text) for RCC_AHB1PeriphResetCmd
    stm32f4xx_hash.o(.text) refers to stm32f4xx_rcc.o(.text) for RCC_AHB2PeriphResetCmd
    stm32f4xx_hash_md5.o(.text) refers to stm32f4xx_hash.o(.text) for HASH_DeInit
    stm32f4xx_hash_sha1.o(.text) refers to stm32f4xx_hash.o(.text) for HASH_DeInit
    stm32f4xx_i2c.o(.text) refers to stm32f4xx_rcc.o(.text) for RCC_APB1PeriphResetCmd
    stm32f4xx_ltdc.o(.text) refers to stm32f4xx_rcc.o(.text) for RCC_APB2PeriphResetCmd
    stm32f4xx_pwr.o(.text) refers to stm32f4xx_rcc.o(.text) for RCC_APB1PeriphResetCmd
    stm32f4xx_rcc.o(.text) refers to stm32f4xx_rcc.o(.data) for APBAHBPrescTable
    stm32f4xx_rng.o(.text) refers to stm32f4xx_rcc.o(.text) for RCC_AHB2PeriphResetCmd
    stm32f4xx_sai.o(.text) refers to stm32f4xx_rcc.o(.text) for RCC_APB2PeriphResetCmd
    stm32f4xx_sdio.o(.text) refers to stm32f4xx_rcc.o(.text) for RCC_APB2PeriphResetCmd
    stm32f4xx_spi.o(.text) refers to stm32f4xx_rcc.o(.text) for RCC_APB2PeriphResetCmd
    stm32f4xx_syscfg.o(.text) refers to stm32f4xx_rcc.o(.text) for RCC_APB2PeriphResetCmd
    stm32f4xx_tim.o(.text) refers to stm32f4xx_rcc.o(.text) for RCC_APB2PeriphResetCmd
    stm32f4xx_usart.o(.text) refers to stm32f4xx_rcc.o(.text) for RCC_APB2PeriphResetCmd
[...]
    C:\Keil_v5\ARM\PACK\Keil\STM32F4xx_DFP\1.0.8\Device\StdPeriph_Driver\src\stm32f4xx_pwr.c 0x00000000   Number         0  stm32f4xx_pwr.o ABSOLUTE
    C:\Keil_v5\ARM\PACK\Keil\STM32F4xx_DFP\1.0.8\Device\StdPeriph_Driver\src\stm32f4xx_rcc.c 0x00000000   Number         0  stm32f4xx_rcc.o ABSOLUTE
    C:\Keil_v5\ARM\PACK\Keil\STM32F4xx_DFP\1.0.8\Device\StdPeriph_Driver\src\stm32f4xx_rng.c 0x00000000   Number         0  stm32f4xx_rng.o ABSOLUTE
    C:\Keil_v5\ARM\PACK\Keil\STM32F4xx_DFP\1.0.8\Device\StdPeriph_Driver\src\stm32f4xx_rtc.c 0x00000000   Number         0  stm32f4xx_rtc.o ABSOLUTE
    C:\Keil_v5\ARM\PACK\Keil\STM32F4xx_DFP\1.0.8\Device\StdPeriph_Driver\src\stm32f4xx_sai.c 0x00000000   Number         0  stm32f4xx_sai.o ABSOLUTE
    C:\Keil_v5\ARM\PACK\Keil\STM32F4xx_DFP\1.0.8\Device\StdPeriph_Driver\src\stm32f4xx_sdio.c 0x00000000   Number         0  stm32f4xx_sdio.o ABSOLUTE
    C:\Keil_v5\ARM\PACK\Keil\STM32F4xx_DFP\1.0.8\Device\StdPeriph_Driver\src\stm32f4xx_spi.c 0x00000000   Number         0  stm32f4xx_spi.o ABSOLUTE
    C:\Keil_v5\ARM\PACK\Keil\STM32F4xx_DFP\1.0.8\Device\StdPeriph_Driver\src\stm32f4xx_syscfg.c 0x00000000   Number         0  stm32f4xx_syscfg.o ABSOLUTE
    C:\Keil_v5\ARM\PACK\Keil\STM32F4xx_DFP\1.0.8\Device\StdPeriph_Driver\src\stm32f4xx_tim.c 0x00000000   Number         0  stm32f4xx_tim.o ABSOLUTE
    C:\Keil_v5\ARM\PACK\Keil\STM32F4xx_DFP\1.0.8\Device\StdPeriph_Driver\src\stm32f4xx_usart.c 0x00000000   Number         0  stm32f4xx_usart.o ABSOLUTE
    C:\Keil_v5\ARM\PACK\Keil\STM32F4xx_DFP\1.0.8\Device\StdPeriph_Driver\src\stm32f4xx_wwdg.c 0x00000000   Number         0  stm32f4xx_wwdg.o ABSOLUTE
    C:\\Keil_v5\\ARM\\PACK\\Keil\\STM32F4xx_DFP\\1.0.8\\Device\\StdPeriph_Driver\\src\\misc.c 0x00000000   Number         0  misc.o ABSOLUTE
    C:\\Keil_v5\\ARM\\PACK\\Keil\\STM32F4xx_DFP\\1.0.8\\Device\\StdPeriph_Driver\\src\\stm32f4xx_adc.c 0x00000000   Number         0  stm32f4xx_adc.o ABSOLUTE
    C:\\Keil_v5\\ARM\\PACK\\Keil\\STM32F4xx_DFP\\1.0.8\\Device\\StdPeriph_Driver\\src\\stm32f4xx_can.c 0x00000000   Number         0  stm32f4xx_can.o ABSOLUTE
    C:\\Keil_v5\\ARM\\PACK\\Keil\\STM32F4xx_DFP\\1.0.8\\Device\\StdPeriph_Driver\\src\\stm32f4xx_crc.c 0x00000000   Number         0  stm32f4xx_crc.o ABSOLUTE
    C:\\Keil_v5\\ARM\\PACK\\Keil\\STM32F4xx_DFP\\1.0.8\\Device\\StdPeriph_Driver\\src\\stm32f4xx_cryp.c 0x00000000   Number         0  stm32f4xx_cryp.o ABSOLUTE
    C:\\Keil_v5\\ARM\\PACK\\Keil\\STM32F4xx_DFP\\1.0.8\\Device\\StdPeriph_Driver\\src\\stm32f4xx_cryp_aes.c 0x00000000   Number         0  stm32f4xx_cryp_aes.o ABSOLUTE
    C:\\Keil_v5\\ARM\\PACK\\Keil\\STM32F4xx_DFP\\1.0.8\\Device\\StdPeriph_Driver\\src\\stm32f4xx_cryp_des.c 0x00000000   Number         0  stm32f4xx_cryp_des.o ABSOLUTE
    C:\\Keil_v5\\ARM\\PACK\\Keil\\STM32F4xx_DFP\\1.0.8\\Device\\StdPeriph_Driver\\src\\stm32f4xx_cryp_tdes.c 0x00000000   Number         0  stm32f4xx_cryp_tdes.o ABSOLUTE
    C:\\Keil_v5\\ARM\\PACK\\Keil\\STM32F4xx_DFP\\1.0.8\\Device\\StdPeriph_Driver\\src\\stm32f4xx_dac.c 0x00000000   Number         0  stm32f4xx_dac.o ABSOLUTE
    C:\\Keil_v5\\ARM\\PACK\\Keil\\STM32F4xx_DFP\\1.0.8\\Device\\StdPeriph_Driver\\src\\stm32f4xx_dbgmcu.c 0x00000000   Number         0  stm32f4xx_dbgmcu.o ABSOLUTE
    C:\\Keil_v5\\ARM\\PACK\\Keil\\STM32F4xx_DFP\\1.0.8\\Device\\StdPeriph_Driver\\src\\stm32f4xx_dcmi.c 0x00000000   Number         0  stm32f4xx_dcmi.o ABSOLUTE
    C:\\Keil_v5\\ARM\\PACK\\Keil\\STM32F4xx_DFP\\1.0.8\\Device\\StdPeriph_Driver\\src\\stm32f4xx_dma.c 0x00000000   Number         0  stm32f4xx_dma.o ABSOLUTE
    C:\\Keil_v5\\ARM\\PACK\\Keil\\STM32F4xx_DFP\\1.0.8\\Device\\StdPeriph_Driver\\src\\stm32f4xx_dma2d.c 0x00000000   Number         0  stm32f4xx_dma2d.o ABSOLUTE
    C:\\Keil_v5\\ARM\\PACK\\Keil\\STM32F4xx_DFP\\1.0.8\\Device\\StdPeriph_Driver\\src\\stm32f4xx_exti.c 0x00000000   Number         0  stm32f4xx_exti.o ABSOLUTE
    C:\\Keil_v5\\ARM\\PACK\\Keil\\STM32F4xx_DFP\\1.0.8\\Device\\StdPeriph_Driver\\src\\stm32f4xx_flash.c 0x00000000   Number         0  stm32f4xx_flash.o ABSOLUTE
    C:\\Keil_v5\\ARM\\PACK\\Keil\\STM32F4xx_DFP\\1.0.8\\Device\\StdPeriph_Driver\\src\\stm32f4xx_fmc.c 0x00000000   Number         0  stm32f4xx_fmc.o ABSOLUTE
    C:\\Keil_v5\\ARM\\PACK\\Keil\\STM32F4xx_DFP\\1.0.8\\Device\\StdPeriph_Driver\\src\\stm32f4xx_gpio.c 0x00000000   Number         0  stm32f4xx_gpio.o ABSOLUTE
    C:\\Keil_v5\\ARM\\PACK\\Keil\\STM32F4xx_DFP\\1.0.8\\Device\\StdPeriph_Driver\\src\\stm32f4xx_hash.c 0x00000000   Number         0  stm32f4xx_hash.o ABSOLUTE
    C:\\Keil_v5\\ARM\\PACK\\Keil\\STM32F4xx_DFP\\1.0.8\\Device\\StdPeriph_Driver\\src\\stm32f4xx_hash_md5.c 0x00000000   Number         0  stm32f4xx_hash_md5.o ABSOLUTE
    C:\\Keil_v5\\ARM\\PACK\\Keil\\STM32F4xx_DFP\\1.0.8\\Device\\StdPeriph_Driver\\src\\stm32f4xx_hash_sha1.c 0x00000000   Number         0  stm32f4xx_hash_sha1.o ABSOLUTE
    C:\\Keil_v5\\ARM\\PACK\\Keil\\STM32F4xx_DFP\\1.0.8\\Device\\StdPeriph_Driver\\src\\stm32f4xx_i2c.c 0x00000000   Number         0  stm32f4xx_i2c.o ABSOLUTE
    C:\\Keil_v5\\ARM\\PACK\\Keil\\STM32F4xx_DFP\\1.0.8\\Device\\StdPeriph_Driver\\src\\stm32f4xx_iwdg.c 0x00000000   Number         0  stm32f4xx_iwdg.o ABSOLUTE
    C:\\Keil_v5\\ARM\\PACK\\Keil\\STM32F4xx_DFP\\1.0.8\\Device\\StdPeriph_Driver\\src\\stm32f4xx_ltdc.c 0x00000000   Number         0  stm32f4xx_ltdc.o ABSOLUTE
    C:\\Keil_v5\\ARM\\PACK\\Keil\\STM32F4xx_DFP\\1.0.8\\Device\\StdPeriph_Driver\\src\\stm32f4xx_pwr.c 0x00000000   Number         0  stm32f4xx_pwr.o ABSOLUTE
    C:\\Keil_v5\\ARM\\PACK\\Keil\\STM32F4xx_DFP\\1.0.8\\Device\\StdPeriph_Driver\\src\\stm32f4xx_rcc.c 0x00000000   Number         0  stm32f4xx_rcc.o ABSOLUTE
    C:\\Keil_v5\\ARM\\PACK\\Keil\\STM32F4xx_DFP\\1.0.8\\Device\\StdPeriph_Driver\\src\\stm32f4xx_rng.c 0x00000000   Number         0  stm32f4xx_rng.o ABSOLUTE
    C:\\Keil_v5\\ARM\\PACK\\Keil\\STM32F4xx_DFP\\1.0.8\\Device\\StdPeriph_Driver\\src\\stm32f4xx_rtc.c 0x00000000   Number         0  stm32f4xx_rtc.o ABSOLUTE
    C:\\Keil_v5\\ARM\\PACK\\Keil\\STM32F4xx_DFP\\1.0.8\\Device\\StdPeriph_Driver\\src\\stm32f4xx_sai.c 0x00000000   Number         0  stm32f4xx_sai.o ABSOLUTE
    C:\\Keil_v5\\ARM\\PACK\\Keil\\STM32F4xx_DFP\\1.0.8\\Device\\StdPeriph_Driver\\src\\stm32f4xx_sdio.c 0x00000000   Number         0  stm32f4xx_sdio.o ABSOLUTE
    C:\\Keil_v5\\ARM\\PACK\\Keil\\STM32F4xx_DFP\\1.0.8\\Device\\StdPeriph_Driver\\src\\stm32f4xx_spi.c 0x00000000   Number         0  stm32f4xx_spi.o ABSOLUTE
    C:\\Keil_v5\\ARM\\PACK\\Keil\\STM32F4xx_DFP\\1.0.8\\Device\\StdPeriph_Driver\\src\\stm32f4xx_syscfg.c 0x00000000   Number         0  stm32f4xx_syscfg.o ABSOLUTE
    C:\\Keil_v5\\ARM\\PACK\\Keil\\STM32F4xx_DFP\\1.0.8\\Device\\StdPeriph_Driver\\src\\stm32f4xx_tim.c 0x00000000   Number         0  stm32f4xx_tim.o ABSOLUTE
    C:\\Keil_v5\\ARM\\PACK\\Keil\\STM32F4xx_DFP\\1.0.8\\Device\\StdPeriph_Driver\\src\\stm32f4xx_usart.c 0x00000000   Number         0  stm32f4xx_usart.o ABSOLUTE
    C:\\Keil_v5\\ARM\\PACK\\Keil\\STM32F4xx_DFP\\1.0.8\\Device\\StdPeriph_Driver\\src\\stm32f4xx_wwdg.c 0x00000000   Number         0  stm32f4xx_wwdg.o ABSOLUTE
    HAL_CM4.c                                0x00000000   Number         0  hal_cm4.o ABSOLUTE
    HAL_CM4.c                                0x00000000   Number         0  hal_cm4.o ABSOLUTE
    RTE\CMSIS\RTX_Conf_CM.c                  0x00000000   Number         0  rtx_conf_cm.o ABSOLUTE
    RTE\Device\STM32F429ZI\startup_stm32f429_439xx.s 0x00000000   Number         0  startup_stm32f429_439xx.o ABSOLUTE
    RTE\Device\STM32F429ZI\system_stm32f4xx.c 0x00000000   Number         0  system_stm32f4xx.o ABSOLUTE
    RTE\\Device\\STM32F429ZI\\system_stm32f4xx.c 0x00000000   Number         0  system_stm32f4xx.o ABSOLUTE
    SVC_Table.s                              0x00000000   Number         0  svc_table.o ABSOLUTE
    dc.s                                     0x00000000   Number         0  dc.o ABSOLUTE
    handlers.s                               0x00000000   Number         0  handlers.o ABSOLUTE
    init.s                                   0x00000000   Number         0  init.o ABSOLUTE
    src\\fput_debug.c                        0x00000000   Number         0  fput_debug.o ABSOLUTE
    src\\main.c                              0x00000000   Number         0  main.o ABSOLUTE
    src\fput_debug.c                         0x00000000   Number         0  fput_debug.o ABSOLUTE
    src\main.c                               0x00000000   Number         0  main.o ABSOLUTE
    RESET                                    0x08000000   Section      428  startup_stm32f429_439xx.o(RESET)
    .ARM.Collect$$$$00000000                 0x080001ac   Section        0  entry.o(.ARM.Collect$$$$00000000)
    .ARM.Collect$$$$00000001                 0x080001ac   Section        4  entry2.o(.ARM.Collect$$$$00000001)
    .ARM.Collect$$$$00000004                 0x080001b0   Section        4  entry5.o(.ARM.Collect$$$$00000004)
    .ARM.Collect$$$$00000008                 0x080001b4   Section        0  entry7b.o(.ARM.Collect$$$$00000008)
    .ARM.Collect$$$$0000000A                 0x080001b4   Section        0  entry8b.o(.ARM.Collect$$$$0000000A)
    .ARM.Collect$$$$0000000D                 0x080001b4   Section        0  entry10a.o(.ARM.Collect$$$$0000000D)
    .ARM.Collect$$$$0000000F                 0x080001b4   Section        0  entry11a.o(.ARM.Collect$$$$0000000F)
    .ARM.Collect$$$$000000FF                 0x080001b4   Section        0  rtx_conf_cm.o(.ARM.Collect$$$$000000FF)
    .ARM.Collect$$$$00002712                 0x080001cc   Section        4  entry2.o(.ARM.Collect$$$$00002712)
    __lit__00000000                          0x080001cc   Data           4  entry2.o(.ARM.Collect$$$$00002712)
    .emb_text                                0x080001d0   Section      384  hal_cm4.o(.emb_text)
    $v0                                      0x080001d0   Number         0  hal_cm4.o(.emb_text)
    .text                                    0x08000350   Section        0  main.o(.text)
    InitMainTimer                            0x08000371   Thumb Code   130  main.o(.text)
    .text                                    0x08000424   Section        0  cc2500.o(.text)
    RegisterToStatus                         0x08000425   Thumb Code    44  cc2500.o(.text)
    CSN_HI                                   0x08000451   Thumb Code    16  cc2500.o(.text)
    SendByte                                 0x08000461   Thumb Code    58  cc2500.o(.text)
    WaitForChipReady                         0x0800049b   Thumb Code    22  cc2500.o(.text)
    CSN_LO                                   0x080004b1   Thumb Code    20  cc2500.o(.text)
    LowLevelInit                             0x080004f1   Thumb Code   374  cc2500.o(.text)
    SingleTransfer                           0x08000677   Thumb Code    40  cc2500.o(.text)
    BurstTransfer                            0x08000a1f   Thumb Code    66  cc2500.o(.text)
    .text                                    0x08000d24   Section        0  wireless.o(.text)
    InitInterrupt                            0x08000d4b   Thumb Code    76  wireless.o(.text)
    InitInterruptGPIO                        0x08000d97   Thumb Code    46  wireless.o(.text)
    WaitForIdle                              0x08000eb7   Thumb Code    22  wireless.o(.text)
    WaitForPacketEvent                       0x08000ecd   Thumb Code    26  wireless.o(.text)
    TuneInterruptForTX                       0x08000ee7   Thumb Code    20  wireless.o(.text)
    TuneInterruptForRX                       0x08000fd5   Thumb Code    20  wireless.o(.text)
    .text                                    0x080010e4   Section        0  slavestation.o(.text)
    .text                                    0x08001124   Section        0  rtx_conf_cm.o(.text)
    .text                                    0x08001144   Section        0  misc.o(.text)
    .text                                    0x08001224   Section        0  stm32f4xx_exti.o(.text)
    .text                                    0x08001334   Section        0  stm32f4xx_gpio.o(.text)
    .text                                    0x080015c8   Section        0  stm32f4xx_rcc.o(.text)
    .text                                    0x08001c00   Section        0  stm32f4xx_spi.o(.text)
    .text                                    0x08002050   Section        0  stm32f4xx_syscfg.o(.text)
    .text                                    0x080020e4   Section        0  stm32f4xx_tim.o(.text)
    TI4_Config                               0x08002883   Thumb Code    80  stm32f4xx_tim.o(.text)
    TI3_Config                               0x080028e5   Thumb Code    72  stm32f4xx_tim.o(.text)
    TI2_Config                               0x08002947   Thumb Code    90  stm32f4xx_tim.o(.text)
    TI1_Config                               0x080029b3   Thumb Code    58  stm32f4xx_tim.o(.text)
    .text                                    0x08002d88   Section       36  startup_stm32f429_439xx.o(.text)
    $v0                                      0x08002d88   Number         0  startup_stm32f429_439xx.o(.text)
    .text                                    0x08002dac   Section        0  system_stm32f4xx.o(.text)
    SetSysClock                              0x08002dad   Thumb Code   272  system_stm32f4xx.o(.text)
    .text                                    0x08002ff0   Section       36  init.o(.text)
    SVC_TABLE                                0x08003014   Section        4  svc_table.o(SVC_TABLE)
    i.__scatterload_copy                     0x08003018   Section       14  handlers.o(i.__scatterload_copy)
    i.__scatterload_null                     0x08003026   Section        2  handlers.o(i.__scatterload_null)
    i.__scatterload_zeroinit                 0x08003028   Section       14  handlers.o(i.__scatterload_zeroinit)
    i._init_box                              0x08003036   Section        0  rt_membox.o(i._init_box)
    i.dbg_init                               0x0800307c   Section        0  hal_cm.o(i.dbg_init)
    i.dbg_task_notify                        0x080030ac   Section        0  hal_cm.o(i.dbg_task_notify)
    i.dbg_task_switch                        0x080030cc   Section        0  hal_cm.o(i.dbg_task_switch)
    i.isrMessagePut                          0x080030dc   Section        0  rt_cmsis.o(i.isrMessagePut)
    isrMessagePut                            0x080030dd   Thumb Code    44  rt_cmsis.o(i.isrMessagePut)
    i.isr_evt_set                            0x08003108   Section        0  rt_event.o(i.isr_evt_set)
    i.isr_mbx_receive                        0x08003130   Section        0  rt_mailbox.o(i.isr_mbx_receive)
    i.isr_mbx_send                           0x08003180   Section        0  rt_mailbox.o(i.isr_mbx_send)
    i.osKernelInitialize                     0x08003190   Section        0  rt_cmsis.o(i.osKernelInitialize)
    i.osKernelStart                          0x080031b4   Section        0  rt_cmsis.o(i.osKernelStart)
    i.osMessageGet                           0x08003220   Section        0  rt_cmsis.o(i.osMessageGet)
    i.osSignalSet                            0x08003264   Section        0  rt_cmsis.o(i.osSignalSet)
    i.osSignalWait                           0x08003298   Section        0  rt_cmsis.o(i.osSignalWait)
    i.osThreadCreate                         0x080032b0   Section        0  rt_cmsis.o(i.osThreadCreate)
    i.osThreadExit                           0x080032e0   Section        0  rt_cmsis.o(i.osThreadExit)
    i.osThreadGetId                          0x080032f8   Section        0  rt_cmsis.o(i.osThreadGetId)
    i.osTimerCall                            0x08003310   Section        0  rt_cmsis.o(i.osTimerCall)
    i.osTimerThread                          0x0800331c   Section        0  rt_cmsis.o(i.osTimerThread)
    i.os_tick_init                           0x08003348   Section        0  rt_system.o(i.os_tick_init)
    i.os_tick_irqack                         0x08003370   Section        0  rt_system.o(i.os_tick_irqack)
    i.rt_alloc_box                           0x08003372   Section        0  rt_membox.o(i.rt_alloc_box)
    i.rt_alloc_mem                           0x0800338c   Section        0  rt_memory.o(i.rt_alloc_mem)
    i.rt_block                               0x080033c8   Section        0  rt_task.o(i.rt_block)
    i.rt_chk_robin                           0x08003400   Section        0  rt_robin.o(i.rt_chk_robin)
    i.rt_dec_dly                             0x08003448   Section        0  rt_list.o(i.rt_dec_dly)
    i.rt_dispatch                            0x080034b8   Section        0  rt_task.o(i.rt_dispatch)
    i.rt_evt_psh                             0x080034fc   Section        0  rt_event.o(i.rt_evt_psh)
    i.rt_evt_set                             0x0800354c   Section        0  rt_event.o(i.rt_evt_set)
    i.rt_evt_wait                            0x080035a8   Section        0  rt_event.o(i.rt_evt_wait)
    i.rt_free_box                            0x080035e4   Section        0  rt_membox.o(i.rt_free_box)
    i.rt_free_mem                            0x08003604   Section        0  rt_memory.o(i.rt_free_mem)
    i.rt_get_first                           0x0800362c   Section        0  rt_list.o(i.rt_get_first)
    i.rt_id2obj                              0x08003654   Section        0  rt_cmsis.o(i.rt_id2obj)
    rt_id2obj                                0x08003655   Thumb Code     8  rt_cmsis.o(i.rt_id2obj)
    i.rt_init_context                        0x0800365c   Section        0  rt_task.o(i.rt_init_context)
    rt_init_context                          0x0800365d   Thumb Code    66  rt_task.o(i.rt_init_context)
    i.rt_init_mem                            0x080036a4   Section        0  rt_memory.o(i.rt_init_mem)
    i.rt_init_robin                          0x080036c0   Section        0  rt_robin.o(i.rt_init_robin)
    i.rt_init_stack                          0x080036d8   Section        0  hal_cm.o(i.rt_init_stack)
    i.rt_mbx_check                           0x08003728   Section        0  rt_mailbox.o(i.rt_mbx_check)
    i.rt_mbx_init                            0x08003730   Section        0  rt_mailbox.o(i.rt_mbx_init)
    i.rt_mbx_psh                             0x0800374c   Section        0  rt_mailbox.o(i.rt_mbx_psh)
    i.rt_mbx_wait                            0x0800383c   Section        0  rt_mailbox.o(i.rt_mbx_wait)
    i.rt_ms2tick                             0x080038ec   Section        0  rt_cmsis.o(i.rt_ms2tick)
    rt_ms2tick                               0x080038ed   Thumb Code    50  rt_cmsis.o(i.rt_ms2tick)
    i.rt_pop_req                             0x08003928   Section        0  rt_system.o(i.rt_pop_req)
    i.rt_psh_req                             0x080039a4   Section        0  rt_system.o(i.rt_psh_req)
    i.rt_psq_enq                             0x080039c4   Section        0  rt_list.o(i.rt_psq_enq)
    i.rt_put_dly                             0x08003a1c   Section        0  rt_list.o(i.rt_put_dly)
    i.rt_put_prio                            0x08003a64   Section        0  rt_list.o(i.rt_put_prio)
    i.rt_put_rdy_first                       0x08003a9c   Section        0  rt_list.o(i.rt_put_rdy_first)
    i.rt_resort_prio                         0x08003ab0   Section        0  rt_list.o(i.rt_resort_prio)
    i.rt_ret_regs                            0x08003ae4   Section        0  hal_cm.o(i.rt_ret_regs)
    rt_ret_regs                              0x08003ae5   Thumb Code    16  hal_cm.o(i.rt_ret_regs)
    i.rt_ret_val                             0x08003af4   Section        0  hal_cm.o(i.rt_ret_val)
    i.rt_ret_val2                            0x08003b00   Section        0  hal_cm.o(i.rt_ret_val2)
    i.rt_rmv_dly                             0x08003b10   Section        0  rt_list.o(i.rt_rmv_dly)
    i.rt_rmv_list                            0x08003b38   Section        0  rt_list.o(i.rt_rmv_list)
    i.rt_sem_psh                             0x08003b68   Section        0  rt_semaphore.o(i.rt_sem_psh)
    i.rt_stk_check                           0x08003b9c   Section        0  rt_system.o(i.rt_stk_check)
    i.rt_switch_req                          0x08003bc0   Section        0  rt_task.o(i.rt_switch_req)
    i.rt_sys_init                            0x08003be8   Section        0  rt_task.o(i.rt_sys_init)
    i.rt_sys_start                           0x08003cf4   Section        0  rt_task.o(i.rt_sys_start)
    i.rt_systick                             0x08003d28   Section        0  rt_system.o(i.rt_systick)
    i.rt_tid2ptcb                            0x08003d68   Section        0  rt_cmsis.o(i.rt_tid2ptcb)
    rt_tid2ptcb                              0x08003d69   Thumb Code    18  rt_cmsis.o(i.rt_tid2ptcb)
    i.rt_timer_insert                        0x08003d7c   Section        0  rt_cmsis.o(i.rt_timer_insert)
    rt_timer_insert                          0x08003d7d   Thumb Code    50  rt_cmsis.o(i.rt_timer_insert)
    i.rt_tsk_create                          0x08003db4   Section        0  rt_task.o(i.rt_tsk_create)
    i.rt_tsk_delete                          0x08003e38   Section        0  rt_task.o(i.rt_tsk_delete)
    i.rt_tsk_prio                            0x08003fac   Section        0  rt_task.o(i.rt_tsk_prio)
    i.rt_tsk_self                            0x08004028   Section        0  rt_task.o(i.rt_tsk_self)
    i.svcKernelInitialize                    0x08004038   Section        0  rt_cmsis.o(i.svcKernelInitialize)
    i.svcKernelStart                         0x080040a8   Section        0  rt_cmsis.o(i.svcKernelStart)
    i.svcMessageCreate                       0x080040f0   Section        0  rt_cmsis.o(i.svcMessageCreate)
    i.svcMessageGet                          0x08004114   Section        0  rt_cmsis.o(i.svcMessageGet)
    i.svcSignalSet                           0x0800414e   Section        0  rt_cmsis.o(i.svcSignalSet)
    i.svcSignalWait                          0x08004174   Section        0  rt_cmsis.o(i.svcSignalWait)
    i.svcThreadCreate                        0x080041c8   Section        0  rt_cmsis.o(i.svcThreadCreate)
    i.svcThreadGetId                         0x08004238   Section        0  rt_cmsis.o(i.svcThreadGetId)
    i.svcThreadTerminate                     0x08004254   Section        0  rt_cmsis.o(i.svcThreadTerminate)
    i.svcTimerCall                           0x0800428c   Section        0  rt_cmsis.o(i.svcTimerCall)
    i.sysTimerTick                           0x080042a4   Section        0  rt_cmsis.o(i.sysTimerTick)
    .constdata                               0x080042f8   Section       16  main.o(.constdata)
    .constdata                               0x08004308   Section       16  cc2500.o(.constdata)
    baudRatePrescalers                       0x08004308   Data          16  cc2500.o(.constdata)
    .constdata                               0x08004318   Section       86  rtx_conf_cm.o(.constdata)
    __tagsym$$used                           0x08004334   Number         0  rtx_conf_cm.o(.constdata)
    __tagsym$$used                           0x08004338   Number         0  rtx_conf_cm.o(.constdata)
    __tagsym$$used                           0x0800433c   Number         0  rtx_conf_cm.o(.constdata)
    __tagsym$$used                           0x08004340   Number         0  rtx_conf_cm.o(.constdata)
    .data                                    0x20000000   Section        5  main.o(.data)
    ticks                                    0x20000000   Data           4  main.o(.data)
    STATION_NUMBER                           0x20000004   Data           1  main.o(.data)
    .data                                    0x20000008   Section       59  cc2500_config_f429.o(.data)
    .data                                    0x20000044   Section        6  wireless.o(.data)
    wless_thread_id                          0x20000044   Data           4  wireless.o(.data)
    expected_trigger_level                   0x20000048   Data           1  wireless.o(.data)
    rssi                                     0x20000049   Data           1  wireless.o(.data)
    .data                                    0x2000004c   Section       32  rtx_conf_cm.o(.data)
    .data                                    0x2000006c   Section       16  stm32f4xx_rcc.o(.data)
    APBAHBPrescTable                         0x2000006c   Data          16  stm32f4xx_rcc.o(.data)
    .data                                    0x2000007c   Section       20  system_stm32f4xx.o(.data)
    .data                                    0x20000090   Section        8  rt_cmsis.o(.data)
    .data                                    0x20000098   Section        8  rt_task.o(.data)
    .data                                    0x200000a0   Section        8  rt_system.o(.data)
    os_lock                                  0x200000a0   Data           1  rt_system.o(.data)
    os_psh_flag                              0x200000a1   Data           1  rt_system.o(.data)
    pend_flags                               0x200000a2   Data           1  rt_system.o(.data)
    .data                                    0x200000a8   Section        4  rt_time.o(.data)
    .data                                    0x200000ac   Section        1  hal_cm.o(.data)
    .data                                    0x200000b0   Section        8  rt_robin.o(.data)
    .bss                                     0x200000b8   Section     7816  rtx_conf_cm.o(.bss)
    .bss                                     0x20001f40   Section       52  rt_task.o(.bss)
    .bss                                     0x20001f74   Section       48  rt_list.o(.bss)
    STACK                                    0x20001fa8   Section     1024  startup_stm32f429_439xx.o(STACK)

    Global Symbols

    Symbol Name                              Value     Ov Type        Size  Object(Section)

    BuildAttributes$$THM_ISAv4$E$P$D$K$B$S$7EM$VFPi3$EXTD16$VFPS$VFMA$PE$A:L22UL41UL21$X:L11$S22US41US21$IEEE1$IW$USESV6$~STKCKD$USESV7$~SHL$OSPACE$EBA8$MICROLIB$REQ8$PRES8$EABIv2 0x00000000   Number         0  anon$$obj.o ABSOLUTE
    __ARM_use_no_argv                        0x00000000   Number         0  main.o ABSOLUTE
    __cpp_initialize__aeabi_                  - Undefined Weak Reference
    __cxa_finalize                            - Undefined Weak Reference
    __decompress                              - Undefined Weak Reference
    _clock_init                               - Undefined Weak Reference
    _microlib_exit                            - Undefined Weak Reference
    __Vectors_Size                           0x000001ac   Number         0  startup_stm32f429_439xx.o ABSOLUTE
    __RL_RTX_VER                             0x00000473   Number         0  rt_system.o ABSOLUTE
    __Vectors                                0x08000000   Data           4  startup_stm32f429_439xx.o(RESET)
    __Vectors_End                            0x080001ac   Data           0  startup_stm32f429_439xx.o(RESET)
    __main                                   0x080001ad   Thumb Code     0  entry.o(.ARM.Collect$$$$00000000)
    _main_stk                                0x080001ad   Thumb Code     0  entry2.o(.ARM.Collect$$$$00000001)
    _main_scatterload                        0x080001b1   Thumb Code     0  entry5.o(.ARM.Collect$$$$00000004)
    __main_after_scatterload                 0x080001b5   Thumb Code     0  entry5.o(.ARM.Collect$$$$00000004)
    __rt_final_cpp                           0x080001b5   Thumb Code     0  entry10a.o(.ARM.Collect$$$$0000000D)
    __rt_final_exit                          0x080001b5   Thumb Code     0  entry11a.o(.ARM.Collect$$$$0000000F)
    _main_clock                              0x080001b5   Thumb Code     0  entry7b.o(.ARM.Collect$$$$00000008)
    _main_cpp_init                           0x080001b5   Thumb Code     0  entry8b.o(.ARM.Collect$$$$0000000A)
    _main_init                               0x080001b5   Thumb Code    18  rtx_conf_cm.o(.ARM.Collect$$$$000000FF)
    rt_set_PSP                               0x080001d1   Thumb Code     6  hal_cm4.o(.emb_text)
    rt_get_PSP                               0x080001d7   Thumb Code     6  hal_cm4.o(.emb_text)
    os_set_env                               0x080001dd   Thumb Code    24  hal_cm4.o(.emb_text)
    _alloc_box                               0x080001f9   Thumb Code    28  hal_cm4.o(.emb_text)
    _free_box                                0x08000219   Thumb Code    28  hal_cm4.o(.emb_text)
    SVC_Handler                              0x08000239   Thumb Code   148  hal_cm4.o(.emb_text)
    PendSV_Handler                           0x080002d9   Thumb Code    96  hal_cm4.o(.emb_text)
    SysTick_Handler                          0x0800033d   Thumb Code     8  hal_cm4.o(.emb_text)
    OS_Tick_Handler                          0x08000345   Thumb Code    12  hal_cm4.o(.emb_text)
    TIM3_IRQHandler                          0x08000351   Thumb Code    32  main.o(.text)
    main                                     0x080003f3   Thumb Code    28  main.o(.text)
    CC2500_SendCommandStrobe                 0x080004c5   Thumb Code    44  cc2500.o(.text)
    CC2500_Init                              0x08000667   Thumb Code    16  cc2500.o(.text)
    CC2500_WriteConfigRegister               0x0800069f   Thumb Code    46  cc2500.o(.text)
    CC2500_WriteConfig                       0x080006cd   Thumb Code   556  cc2500.o(.text)
    CC2500_StructInit                        0x080008f9   Thumb Code   206  cc2500.o(.text)
    CC2500_ReadConfigRegister                0x080009c7   Thumb Code    48  cc2500.o(.text)
    CC2500_ReadStatusRegister                0x080009f7   Thumb Code    40  cc2500.o(.text)
    CC2500_WritePATABLE                      0x08000a61   Thumb Code    40  cc2500.o(.text)
    CC2500_ReadPATABLE                       0x08000a89   Thumb Code    40  cc2500.o(.text)
    CC2500_WriteTxFIFO                       0x08000ab1   Thumb Code    42  cc2500.o(.text)
    CC2500_ReadRxFIFO                        0x08000adb   Thumb Code    42  cc2500.o(.text)
    CC2500_ReadConfiguration                 0x08000b05   Thumb Code   544  cc2500.o(.text)
    EXTI9_5_IRQHandler                       0x08000d25   Thumb Code    38  wireless.o(.text)
    WLESS_Init                               0x08000dc5   Thumb Code   242  wireless.o(.text)
    WLESS_SendPacketBurst                    0x08000efb   Thumb Code   140  wireless.o(.text)
    WLESS_SendPacket                         0x08000f87   Thumb Code    78  wireless.o(.text)
    WLESS_ReceivePacket                      0x08000fe9   Thumb Code   150  wireless.o(.text)
    WLESS_ReceivePacketVerified              0x0800107f   Thumb Code    36  wireless.o(.text)
    WLESS_GetLatestRSSI                      0x080010a3   Thumb Code     8  wireless.o(.text)
    WLESS_GetLatestDecibelRSSI               0x080010ab   Thumb Code    42  wireless.o(.text)
    ROLES_SlaveStationThread                 0x080010e5   Thumb Code    60  slavestation.o(.text)
    os_idle_demon                            0x08001125   Thumb Code     4  rtx_conf_cm.o(.text)
    os_error                                 0x08001129   Thumb Code    26  rtx_conf_cm.o(.text)
    NVIC_PriorityGroupConfig                 0x08001145   Thumb Code    10  misc.o(.text)
    NVIC_Init                                0x0800114f   Thumb Code   106  misc.o(.text)
    NVIC_SetVectorTable                      0x080011b9   Thumb Code    14  misc.o(.text)
    NVIC_SystemLPConfig                      0x080011c7   Thumb Code    34  misc.o(.text)
    SysTick_CLKSourceConfig                  0x080011e9   Thumb Code    40  misc.o(.text)
    EXTI_DeInit                              0x08001225   Thumb Code    28  stm32f4xx_exti.o(.text)
    EXTI_Init                                0x08001241   Thumb Code   142  stm32f4xx_exti.o(.text)
    EXTI_StructInit                          0x080012cf   Thumb Code    16  stm32f4xx_exti.o(.text)
    EXTI_GenerateSWInterrupt                 0x080012df   Thumb Code    16  stm32f4xx_exti.o(.text)
    EXTI_GetFlagStatus                       0x080012ef   Thumb Code    22  stm32f4xx_exti.o(.text)
    EXTI_ClearFlag                           0x08001305   Thumb Code     8  stm32f4xx_exti.o(.text)
    EXTI_GetITStatus                         0x0800130d   Thumb Code    22  stm32f4xx_exti.o(.text)
    EXTI_ClearITPendingBit                   0x08001323   Thumb Code     8  stm32f4xx_exti.o(.text)
    GPIO_DeInit                              0x08001335   Thumb Code   268  stm32f4xx_gpio.o(.text)
    GPIO_Init                                0x08001441   Thumb Code   144  stm32f4xx_gpio.o(.text)
    GPIO_StructInit                          0x080014d1   Thumb Code    18  stm32f4xx_gpio.o(.text)
    GPIO_PinLockConfig                       0x080014e3   Thumb Code    34  stm32f4xx_gpio.o(.text)
    GPIO_ReadInputDataBit                    0x08001505   Thumb Code    18  stm32f4xx_gpio.o(.text)
    GPIO_ReadInputData                       0x08001517   Thumb Code     8  stm32f4xx_gpio.o(.text)
    GPIO_ReadOutputDataBit                   0x0800151f   Thumb Code    18  stm32f4xx_gpio.o(.text)
    GPIO_ReadOutputData                      0x08001531   Thumb Code     8  stm32f4xx_gpio.o(.text)
    GPIO_SetBits                             0x08001539   Thumb Code     4  stm32f4xx_gpio.o(.text)
    GPIO_ResetBits                           0x0800153d   Thumb Code     4  stm32f4xx_gpio.o(.text)
    GPIO_WriteBit                            0x08001541   Thumb Code    10  stm32f4xx_gpio.o(.text)
    GPIO_Write                               0x0800154b   Thumb Code     4  stm32f4xx_gpio.o(.text)
    GPIO_ToggleBits                          0x0800154f   Thumb Code     8  stm32f4xx_gpio.o(.text)
    GPIO_PinAFConfig                         0x08001557   Thumb Code    70  stm32f4xx_gpio.o(.text)
    RCC_DeInit                               0x080015c9   Thumb Code    82  stm32f4xx_rcc.o(.text)
    RCC_HSEConfig                            0x0800161b   Thumb Code    14  stm32f4xx_rcc.o(.text)
    RCC_GetFlagStatus                        0x08001629   Thumb Code    60  stm32f4xx_rcc.o(.text)
    RCC_WaitForHSEStartUp                    0x08001665   Thumb Code    56  stm32f4xx_rcc.o(.text)
    RCC_AdjustHSICalibrationValue            0x0800169d   Thumb Code    20  stm32f4xx_rcc.o(.text)
    RCC_HSICmd                               0x080016b1   Thumb Code     6  stm32f4xx_rcc.o(.text)
    RCC_LSEConfig                            0x080016b7   Thumb Code    46  stm32f4xx_rcc.o(.text)
    RCC_LSICmd                               0x080016e5   Thumb Code     6  stm32f4xx_rcc.o(.text)
    RCC_PLLConfig                            0x080016eb   Thumb Code    32  stm32f4xx_rcc.o(.text)
    RCC_PLLCmd                               0x0800170b   Thumb Code     6  stm32f4xx_rcc.o(.text)
    RCC_PLLI2SConfig                         0x08001711   Thumb Code    20  stm32f4xx_rcc.o(.text)
    RCC_PLLI2SCmd                            0x08001725   Thumb Code     6  stm32f4xx_rcc.o(.text)
    RCC_PLLSAIConfig                         0x0800172b   Thumb Code    20  stm32f4xx_rcc.o(.text)
    RCC_PLLSAICmd                            0x0800173f   Thumb Code     6  stm32f4xx_rcc.o(.text)
    RCC_ClockSecuritySystemCmd               0x08001745   Thumb Code     6  stm32f4xx_rcc.o(.text)
    RCC_MCO1Config                           0x0800174b   Thumb Code    28  stm32f4xx_rcc.o(.text)
    RCC_MCO2Config                           0x08001767   Thumb Code    28  stm32f4xx_rcc.o(.text)
    RCC_SYSCLKConfig                         0x08001783   Thumb Code    20  stm32f4xx_rcc.o(.text)
    RCC_GetSYSCLKSource                      0x08001797   Thumb Code    12  stm32f4xx_rcc.o(.text)
    RCC_HCLKConfig                           0x080017a3   Thumb Code    20  stm32f4xx_rcc.o(.text)
    RCC_PCLK1Config                          0x080017b7   Thumb Code    20  stm32f4xx_rcc.o(.text)
    RCC_PCLK2Config                          0x080017cb   Thumb Code    22  stm32f4xx_rcc.o(.text)
    RCC_GetClocksFreq                        0x080017e1   Thumb Code   222  stm32f4xx_rcc.o(.text)
    RCC_RTCCLKConfig                         0x080018bf   Thumb Code    54  stm32f4xx_rcc.o(.text)
    RCC_RTCCLKCmd                            0x080018f5   Thumb Code     8  stm32f4xx_rcc.o(.text)
    RCC_BackupResetCmd                       0x080018fd   Thumb Code     8  stm32f4xx_rcc.o(.text)
    RCC_I2SCLKConfig                         0x08001905   Thumb Code     6  stm32f4xx_rcc.o(.text)
    RCC_SAIPLLI2SClkDivConfig                0x0800190b   Thumb Code    26  stm32f4xx_rcc.o(.text)
    RCC_SAIPLLSAIClkDivConfig                0x08001925   Thumb Code    28  stm32f4xx_rcc.o(.text)
    RCC_SAIBlockACLKConfig                   0x08001941   Thumb Code    20  stm32f4xx_rcc.o(.text)
    RCC_SAIBlockBCLKConfig                   0x08001955   Thumb Code    20  stm32f4xx_rcc.o(.text)
    RCC_LTDCCLKDivConfig                     0x08001969   Thumb Code    20  stm32f4xx_rcc.o(.text)
    RCC_TIMCLKPresConfig                     0x0800197d   Thumb Code     6  stm32f4xx_rcc.o(.text)
    RCC_AHB1PeriphClockCmd                   0x08001983   Thumb Code    82  stm32f4xx_rcc.o(.text)
    RCC_AHB2PeriphClockCmd                   0x080019d5   Thumb Code    26  stm32f4xx_rcc.o(.text)
    RCC_AHB3PeriphClockCmd                   0x080019ef   Thumb Code    34  stm32f4xx_rcc.o(.text)
    RCC_APB1PeriphClockCmd                   0x08001a11   Thumb Code    34  stm32f4xx_rcc.o(.text)
    RCC_APB2PeriphClockCmd                   0x08001a33   Thumb Code    34  stm32f4xx_rcc.o(.text)
    RCC_AHB1PeriphResetCmd                   0x08001a55   Thumb Code    34  stm32f4xx_rcc.o(.text)
    RCC_AHB2PeriphResetCmd                   0x08001a77   Thumb Code    34  stm32f4xx_rcc.o(.text)
    RCC_AHB3PeriphResetCmd                   0x08001a99   Thumb Code    34  stm32f4xx_rcc.o(.text)
    RCC_APB1PeriphResetCmd                   0x08001abb   Thumb Code    34  stm32f4xx_rcc.o(.text)
    RCC_APB2PeriphResetCmd                   0x08001add   Thumb Code    34  stm32f4xx_rcc.o(.text)
    RCC_AHB1PeriphClockLPModeCmd             0x08001aff   Thumb Code    34  stm32f4xx_rcc.o(.text)
    RCC_AHB2PeriphClockLPModeCmd             0x08001b21   Thumb Code    34  stm32f4xx_rcc.o(.text)
    RCC_AHB3PeriphClockLPModeCmd             0x08001b43   Thumb Code    34  stm32f4xx_rcc.o(.text)
    RCC_APB1PeriphClockLPModeCmd             0x08001b65   Thumb Code    34  stm32f4xx_rcc.o(.text)
    RCC_APB2PeriphClockLPModeCmd             0x08001b87   Thumb Code    34  stm32f4xx_rcc.o(.text)
    RCC_ITConfig                             0x08001ba9   Thumb Code    34  stm32f4xx_rcc.o(.text)
    RCC_ClearFlag                            0x08001bcb   Thumb Code    18  stm32f4xx_rcc.o(.text)
    RCC_GetITStatus                          0x08001bdd   Thumb Code    22  stm32f4xx_rcc.o(.text)
    RCC_ClearITPendingBit                    0x08001bf3   Thumb Code     8  stm32f4xx_rcc.o(.text)
    SPI_I2S_DeInit                           0x08001c01   Thumb Code   152  stm32f4xx_spi.o(.text)
    SPI_Init                                 0x08001c99   Thumb Code    60  stm32f4xx_spi.o(.text)
    I2S_Init                                 0x08001cd5   Thumb Code   350  stm32f4xx_spi.o(.text)
    SPI_StructInit                           0x08001e33   Thumb Code    24  stm32f4xx_spi.o(.text)
    I2S_StructInit                           0x08001e4b   Thumb Code    20  stm32f4xx_spi.o(.text)
    SPI_Cmd                                  0x08001e5f   Thumb Code    24  stm32f4xx_spi.o(.text)
    I2S_Cmd                                  0x08001e77   Thumb Code    24  stm32f4xx_spi.o(.text)
    SPI_DataSizeConfig                       0x08001e8f   Thumb Code    18  stm32f4xx_spi.o(.text)
    SPI_BiDirectionalLineConfig              0x08001ea1   Thumb Code    28  stm32f4xx_spi.o(.text)
    SPI_NSSInternalSoftwareConfig            0x08001ebd   Thumb Code    30  stm32f4xx_spi.o(.text)
    SPI_SSOutputCmd                          0x08001edb   Thumb Code    24  stm32f4xx_spi.o(.text)
    SPI_TIModeCmd                            0x08001ef3   Thumb Code    24  stm32f4xx_spi.o(.text)
    I2S_FullDuplexConfig                     0x08001f0b   Thumb Code    80  stm32f4xx_spi.o(.text)
    SPI_I2S_ReceiveData                      0x08001f5b   Thumb Code     6  stm32f4xx_spi.o(.text)
    SPI_I2S_SendData                         0x08001f61   Thumb Code     4  stm32f4xx_spi.o(.text)
    SPI_CalculateCRC                         0x08001f65   Thumb Code    24  stm32f4xx_spi.o(.text)
    SPI_TransmitCRC                          0x08001f7d   Thumb Code    10  stm32f4xx_spi.o(.text)
    SPI_GetCRC                               0x08001f87   Thumb Code    16  stm32f4xx_spi.o(.text)
    SPI_GetCRCPolynomial                     0x08001f97   Thumb Code     6  stm32f4xx_spi.o(.text)
    SPI_I2S_DMACmd                           0x08001f9d   Thumb Code    18  stm32f4xx_spi.o(.text)
    SPI_I2S_ITConfig                         0x08001faf   Thumb Code    32  stm32f4xx_spi.o(.text)
    SPI_I2S_GetFlagStatus                    0x08001fcf   Thumb Code    50  stm32f4xx_spi.o(.text)
    SPI_I2S_ClearFlag                        0x08002001   Thumb Code     6  stm32f4xx_spi.o(.text)
    SPI_I2S_GetITStatus                      0x08002007   Thumb Code    52  stm32f4xx_spi.o(.text)
    SPI_I2S_ClearITPendingBit                0x0800203b   Thumb Code    20  stm32f4xx_spi.o(.text)
    SYSCFG_DeInit                            0x08002051   Thumb Code    22  stm32f4xx_syscfg.o(.text)
    SYSCFG_MemoryRemapConfig                 0x08002067   Thumb Code     6  stm32f4xx_syscfg.o(.text)
    SYSCFG_MemorySwappingBank                0x0800206d   Thumb Code     6  stm32f4xx_syscfg.o(.text)
    SYSCFG_EXTILineConfig                    0x08002073   Thumb Code    66  stm32f4xx_syscfg.o(.text)
    SYSCFG_ETH_MediaInterfaceConfig          0x080020b5   Thumb Code     8  stm32f4xx_syscfg.o(.text)
    SYSCFG_CompensationCellCmd               0x080020bd   Thumb Code     6  stm32f4xx_syscfg.o(.text)
    SYSCFG_GetCompensationCellStatus         0x080020c3   Thumb Code    22  stm32f4xx_syscfg.o(.text)
    TIM_DeInit                               0x080020e5   Thumb Code   346  stm32f4xx_tim.o(.text)
    TIM_TimeBaseInit                         0x0800223f   Thumb Code   104  stm32f4xx_tim.o(.text)
    TIM_TimeBaseStructInit                   0x080022a7   Thumb Code    18  stm32f4xx_tim.o(.text)
    TIM_PrescalerConfig                      0x080022b9   Thumb Code     6  stm32f4xx_tim.o(.text)
    TIM_CounterModeConfig                    0x080022bf   Thumb Code    18  stm32f4xx_tim.o(.text)
    TIM_SetCounter                           0x080022d1   Thumb Code     4  stm32f4xx_tim.o(.text)
    TIM_SetAutoreload                        0x080022d5   Thumb Code     4  stm32f4xx_tim.o(.text)
    TIM_GetCounter                           0x080022d9   Thumb Code     6  stm32f4xx_tim.o(.text)
    TIM_GetPrescaler                         0x080022df   Thumb Code     6  stm32f4xx_tim.o(.text)
    TIM_UpdateDisableConfig                  0x080022e5   Thumb Code    24  stm32f4xx_tim.o(.text)
    TIM_UpdateRequestConfig                  0x080022fd   Thumb Code    24  stm32f4xx_tim.o(.text)
    TIM_ARRPreloadConfig                     0x08002315   Thumb Code    24  stm32f4xx_tim.o(.text)
    TIM_SelectOnePulseMode                   0x0800232d   Thumb Code    18  stm32f4xx_tim.o(.text)
    TIM_SetClockDivision                     0x0800233f   Thumb Code    18  stm32f4xx_tim.o(.text)
    TIM_Cmd                                  0x08002351   Thumb Code    24  stm32f4xx_tim.o(.text)
    TIM_OC1Init                              0x08002369   Thumb Code   114  stm32f4xx_tim.o(.text)
    TIM_OC2Init                              0x080023db   Thumb Code   154  stm32f4xx_tim.o(.text)
    TIM_OC3Init                              0x08002475   Thumb Code   204  stm32f4xx_tim.o(.text)
    TIM_OC4Init                              0x08002541   Thumb Code   112  stm32f4xx_tim.o(.text)
    TIM_OCStructInit                         0x080025b1   Thumb Code    20  stm32f4xx_tim.o(.text)
    TIM_SelectOCxM                           0x080025c5   Thumb Code    86  stm32f4xx_tim.o(.text)
    TIM_SetCompare1                          0x0800261b   Thumb Code     4  stm32f4xx_tim.o(.text)
    TIM_SetCompare2                          0x0800261f   Thumb Code     4  stm32f4xx_tim.o(.text)
    TIM_SetCompare3                          0x08002623   Thumb Code     4  stm32f4xx_tim.o(.text)
    TIM_SetCompare4                          0x08002627   Thumb Code     4  stm32f4xx_tim.o(.text)
    TIM_ForcedOC1Config                      0x0800262b   Thumb Code    18  stm32f4xx_tim.o(.text)
    TIM_ForcedOC2Config                      0x0800263d   Thumb Code    26  stm32f4xx_tim.o(.text)
    TIM_ForcedOC3Config                      0x08002657   Thumb Code    18  stm32f4xx_tim.o(.text)
    TIM_ForcedOC4Config                      0x08002669   Thumb Code    26  stm32f4xx_tim.o(.text)
    TIM_OC1PreloadConfig                     0x08002683   Thumb Code    18  stm32f4xx_tim.o(.text)
    TIM_OC2PreloadConfig                     0x08002695   Thumb Code    26  stm32f4xx_tim.o(.text)
    TIM_OC3PreloadConfig                     0x080026af   Thumb Code    18  stm32f4xx_tim.o(.text)
    TIM_OC4PreloadConfig                     0x080026c1   Thumb Code    26  stm32f4xx_tim.o(.text)
    TIM_OC1FastConfig                        0x080026db   Thumb Code    18  stm32f4xx_tim.o(.text)
    TIM_OC2FastConfig                        0x080026ed   Thumb Code    26  stm32f4xx_tim.o(.text)
    TIM_OC3FastConfig                        0x08002707   Thumb Code    18  stm32f4xx_tim.o(.text)
    TIM_OC4FastConfig                        0x08002719   Thumb Code    26  stm32f4xx_tim.o(.text)
    TIM_ClearOC1Ref                          0x08002733   Thumb Code    18  stm32f4xx_tim.o(.text)
    TIM_ClearOC2Ref                          0x08002745   Thumb Code    24  stm32f4xx_tim.o(.text)
    TIM_ClearOC3Ref                          0x0800275d   Thumb Code    18  stm32f4xx_tim.o(.text)
    TIM_ClearOC4Ref                          0x0800276f   Thumb Code    24  stm32f4xx_tim.o(.text)
    TIM_OC1PolarityConfig                    0x08002787   Thumb Code    18  stm32f4xx_tim.o(.text)
    TIM_OC1NPolarityConfig                   0x08002799   Thumb Code    18  stm32f4xx_tim.o(.text)
    TIM_OC2PolarityConfig                    0x080027ab   Thumb Code    26  stm32f4xx_tim.o(.text)
    TIM_OC2NPolarityConfig                   0x080027c5   Thumb Code    26  stm32f4xx_tim.o(.text)
    TIM_OC3PolarityConfig                    0x080027df   Thumb Code    26  stm32f4xx_tim.o(.text)
    TIM_OC3NPolarityConfig                   0x080027f9   Thumb Code    26  stm32f4xx_tim.o(.text)
    TIM_OC4PolarityConfig                    0x08002813   Thumb Code    26  stm32f4xx_tim.o(.text)
    TIM_CCxCmd                               0x0800282d   Thumb Code    30  stm32f4xx_tim.o(.text)
    TIM_CCxNCmd                              0x0800284b   Thumb Code    30  stm32f4xx_tim.o(.text)
    TIM_SetIC4Prescaler                      0x08002869   Thumb Code    26  stm32f4xx_tim.o(.text)
    TIM_SetIC3Prescaler                      0x080028d3   Thumb Code    18  stm32f4xx_tim.o(.text)
    TIM_SetIC2Prescaler                      0x0800292d   Thumb Code    26  stm32f4xx_tim.o(.text)
    TIM_SetIC1Prescaler                      0x080029a1   Thumb Code    18  stm32f4xx_tim.o(.text)
    TIM_ICInit                               0x080029ed   Thumb Code   110  stm32f4xx_tim.o(.text)
    TIM_ICStructInit                         0x08002a5b   Thumb Code    18  stm32f4xx_tim.o(.text)
    TIM_PWMIConfig                           0x08002a6d   Thumb Code   124  stm32f4xx_tim.o(.text)
    TIM_GetCapture1                          0x08002ae9   Thumb Code     6  stm32f4xx_tim.o(.text)
    TIM_GetCapture2                          0x08002aef   Thumb Code     6  stm32f4xx_tim.o(.text)
    TIM_GetCapture3                          0x08002af5   Thumb Code     6  stm32f4xx_tim.o(.text)
    TIM_GetCapture4                          0x08002afb   Thumb Code     6  stm32f4xx_tim.o(.text)
    TIM_BDTRConfig                           0x08002b01   Thumb Code    32  stm32f4xx_tim.o(.text)
    TIM_BDTRStructInit                       0x08002b21   Thumb Code    18  stm32f4xx_tim.o(.text)
    TIM_CtrlPWMOutputs                       0x08002b33   Thumb Code    30  stm32f4xx_tim.o(.text)
    TIM_SelectCOM                            0x08002b51   Thumb Code    24  stm32f4xx_tim.o(.text)
    TIM_CCPreloadControl                     0x08002b69   Thumb Code    24  stm32f4xx_tim.o(.text)
    TIM_ITConfig                             0x08002b81   Thumb Code    18  stm32f4xx_tim.o(.text)
    TIM_GenerateEvent                        0x08002b93   Thumb Code     4  stm32f4xx_tim.o(.text)
    TIM_GetFlagStatus                        0x08002b97   Thumb Code    18  stm32f4xx_tim.o(.text)
    TIM_ClearFlag                            0x08002ba9   Thumb Code     6  stm32f4xx_tim.o(.text)
    TIM_GetITStatus                          0x08002baf   Thumb Code    34  stm32f4xx_tim.o(.text)
    TIM_ClearITPendingBit                    0x08002bd1   Thumb Code     6  stm32f4xx_tim.o(.text)
    TIM_DMAConfig                            0x08002bd7   Thumb Code    10  stm32f4xx_tim.o(.text)
    TIM_DMACmd                               0x08002be1   Thumb Code    18  stm32f4xx_tim.o(.text)
    TIM_SelectCCDMA                          0x08002bf3   Thumb Code    24  stm32f4xx_tim.o(.text)
    TIM_InternalClockConfig                  0x08002c0b   Thumb Code    12  stm32f4xx_tim.o(.text)
    TIM_SelectInputTrigger                   0x08002c17   Thumb Code    18  stm32f4xx_tim.o(.text)
    TIM_ITRxExternalClockConfig              0x08002c29   Thumb Code    24  stm32f4xx_tim.o(.text)
    TIM_TIxExternalClockConfig               0x08002c41   Thumb Code    62  stm32f4xx_tim.o(.text)
    TIM_ETRConfig                            0x08002c7f   Thumb Code    28  stm32f4xx_tim.o(.text)
    TIM_ETRClockMode1Config                  0x08002c9b   Thumb Code    54  stm32f4xx_tim.o(.text)
    TIM_ETRClockMode2Config                  0x08002cd1   Thumb Code    32  stm32f4xx_tim.o(.text)
    TIM_SelectOutputTrigger                  0x08002cf1   Thumb Code    18  stm32f4xx_tim.o(.text)
    TIM_SelectSlaveMode                      0x08002d03   Thumb Code    18  stm32f4xx_tim.o(.text)
    TIM_SelectMasterSlaveMode                0x08002d15   Thumb Code    18  stm32f4xx_tim.o(.text)
    TIM_EncoderInterfaceConfig               0x08002d27   Thumb Code    66  stm32f4xx_tim.o(.text)
    TIM_SelectHallSensor                     0x08002d69   Thumb Code    24  stm32f4xx_tim.o(.text)
    TIM_RemapConfig                          0x08002d81   Thumb Code     6  stm32f4xx_tim.o(.text)
    Reset_Handler                            0x08002d89   Thumb Code     8  startup_stm32f429_439xx.o(.text)
    NMI_Handler                              0x08002d91   Thumb Code     2  startup_stm32f429_439xx.o(.text)
    HardFault_Handler                        0x08002d93   Thumb Code     2  startup_stm32f429_439xx.o(.text)
    MemManage_Handler                        0x08002d95   Thumb Code     2  startup_stm32f429_439xx.o(.text)
    BusFault_Handler                         0x08002d97   Thumb Code     2  startup_stm32f429_439xx.o(.text)
    UsageFault_Handler                       0x08002d99   Thumb Code     2  startup_stm32f429_439xx.o(.text)
    DebugMon_Handler                         0x08002d9d   Thumb Code     2  startup_stm32f429_439xx.o(.text)
    ADC_IRQHandler                           0x08002da3   Thumb Code     0  startup_stm32f429_439xx.o(.text)
    CAN1_RX0_IRQHandler                      0x08002da3   Thumb Code     0  startup_stm32f429_439xx.o(.text)
    CAN1_RX1_IRQHandler                      0x08002da3   Thumb Code     0  startup_stm32f429_439xx.o(.text)
    CAN1_SCE_IRQHandler                      0x08002da3   Thumb Code     0  startup_stm32f429_439xx.o(.text)
    CAN1_TX_IRQHandler                       0x08002da3   Thumb Code     0  startup_stm32f429_439xx.o(.text)
    CAN2_RX0_IRQHandler                      0x08002da3   Thumb Code     0  startup_stm32f429_439xx.o(.text)
    CAN2_RX1_IRQHandler                      0x08002da3   Thumb Code     0  startup_stm32f429_439xx.o(.text)
    CAN2_SCE_IRQHandler                      0x08002da3   Thumb Code     0  startup_stm32f429_439xx.o(.text)
    CAN2_TX_IRQHandler                       0x08002da3   Thumb Code     0  startup_stm32f429_439xx.o(.text)
    CRYP_IRQHandler                          0x08002da3   Thumb Code     0  startup_stm32f429_439xx.o(.text)
    DCMI_IRQHandler                          0x08002da3   Thumb Code     0  startup_stm32f429_439xx.o(.text)
    DMA1_Stream0_IRQHandler                  0x08002da3   Thumb Code     0  startup_stm32f429_439xx.o(.text)
    DMA1_Stream1_IRQHandler                  0x08002da3   Thumb Code     0  startup_stm32f429_439xx.o(.text)
    DMA1_Stream2_IRQHandler                  0x08002da3   Thumb Code     0  startup_stm32f429_439xx.o(.text)
    DMA1_Stream3_IRQHandler                  0x08002da3   Thumb Code     0  startup_stm32f429_439xx.o(.text)
    DMA1_Stream4_IRQHandler                  0x08002da3   Thumb Code     0  startup_stm32f429_439xx.o(.text)
    DMA1_Stream5_IRQHandler                  0x08002da3   Thumb Code     0  startup_stm32f429_439xx.o(.text)
    DMA1_Stream6_IRQHandler                  0x08002da3   Thumb Code     0  startup_stm32f429_439xx.o(.text)
    DMA1_Stream7_IRQHandler                  0x08002da3   Thumb Code     0  startup_stm32f429_439xx.o(.text)
    DMA2D_IRQHandler                         0x08002da3   Thumb Code     0  startup_stm32f429_439xx.o(.text)
    DMA2_Stream0_IRQHandler                  0x08002da3   Thumb Code     0  startup_stm32f429_439xx.o(.text)
    DMA2_Stream1_IRQHandler                  0x08002da3   Thumb Code     0  startup_stm32f429_439xx.o(.text)
    DMA2_Stream2_IRQHandler                  0x08002da3   Thumb Code     0  startup_stm32f429_439xx.o(.text)
    DMA2_Stream3_IRQHandler                  0x08002da3   Thumb Code     0  startup_stm32f429_439xx.o(.text)
    DMA2_Stream4_IRQHandler                  0x08002da3   Thumb Code     0  startup_stm32f429_439xx.o(.text)
    DMA2_Stream5_IRQHandler                  0x08002da3   Thumb Code     0  startup_stm32f429_439xx.o(.text)
    DMA2_Stream6_IRQHandler                  0x08002da3   Thumb Code     0  startup_stm32f429_439xx.o(.text)
    DMA2_Stream7_IRQHandler                  0x08002da3   Thumb Code     0  startup_stm32f429_439xx.o(.text)
    ETH_IRQHandler                           0x08002da3   Thumb Code     0  startup_stm32f429_439xx.o(.text)
    ETH_WKUP_IRQHandler                      0x08002da3   Thumb Code     0  startup_stm32f429_439xx.o(.text)
    EXTI0_IRQHandler                         0x08002da3   Thumb Code     0  startup_stm32f429_439xx.o(.text)
    EXTI15_10_IRQHandler                     0x08002da3   Thumb Code     0  startup_stm32f429_439xx.o(.text)
    EXTI1_IRQHandler                         0x08002da3   Thumb Code     0  startup_stm32f429_439xx.o(.text)
    EXTI2_IRQHandler                         0x08002da3   Thumb Code     0  startup_stm32f429_439xx.o(.text)
    EXTI3_IRQHandler                         0x08002da3   Thumb Code     0  startup_stm32f429_439xx.o(.text)
    EXTI4_IRQHandler                         0x08002da3   Thumb Code     0  startup_stm32f429_439xx.o(.text)
    FLASH_IRQHandler                         0x08002da3   Thumb Code     0  startup_stm32f429_439xx.o(.text)
    FMC_IRQHandler                           0x08002da3   Thumb Code     0  startup_stm32f429_439xx.o(.text)
    FPU_IRQHandler                           0x08002da3   Thumb Code     0  startup_stm32f429_439xx.o(.text)
    HASH_RNG_IRQHandler                      0x08002da3   Thumb Code     0  startup_stm32f429_439xx.o(.text)
    I2C1_ER_IRQHandler                       0x08002da3   Thumb Code     0  startup_stm32f429_439xx.o(.text)
    I2C1_EV_IRQHandler                       0x08002da3   Thumb Code     0  startup_stm32f429_439xx.o(.text)
    I2C2_ER_IRQHandler                       0x08002da3   Thumb Code     0  startup_stm32f429_439xx.o(.text)
    I2C2_EV_IRQHandler                       0x08002da3   Thumb Code     0  startup_stm32f429_439xx.o(.text)
    I2C3_ER_IRQHandler                       0x08002da3   Thumb Code     0  startup_stm32f429_439xx.o(.text)
    I2C3_EV_IRQHandler                       0x08002da3   Thumb Code     0  startup_stm32f429_439xx.o(.text)
    LTDC_ER_IRQHandler                       0x08002da3   Thumb Code     0  startup_stm32f429_439xx.o(.text)
    LTDC_IRQHandler                          0x08002da3   Thumb Code     0  startup_stm32f429_439xx.o(.text)
    OTG_FS_IRQHandler                        0x08002da3   Thumb Code     0  startup_stm32f429_439xx.o(.text)
    OTG_FS_WKUP_IRQHandler                   0x08002da3   Thumb Code     0  startup_stm32f429_439xx.o(.text)
    OTG_HS_EP1_IN_IRQHandler                 0x08002da3   Thumb Code     0  startup_stm32f429_439xx.o(.text)
    OTG_HS_EP1_OUT_IRQHandler                0x08002da3   Thumb Code     0  startup_stm32f429_439xx.o(.text)
    OTG_HS_IRQHandler                        0x08002da3   Thumb Code     0  startup_stm32f429_439xx.o(.text)
    OTG_HS_WKUP_IRQHandler                   0x08002da3   Thumb Code     0  startup_stm32f429_439xx.o(.text)
    PVD_IRQHandler                           0x08002da3   Thumb Code     0  startup_stm32f429_439xx.o(.text)
    RCC_IRQHandler                           0x08002da3   Thumb Code     0  startup_stm32f429_439xx.o(.text)
    RTC_Alarm_IRQHandler                     0x08002da3   Thumb Code     0  startup_stm32f429_439xx.o(.text)
    RTC_WKUP_IRQHandler                      0x08002da3   Thumb Code     0  startup_stm32f429_439xx.o(.text)
    SAI1_IRQHandler                          0x08002da3   Thumb Code     0  startup_stm32f429_439xx.o(.text)
    SDIO_IRQHandler                          0x08002da3   Thumb Code     0  startup_stm32f429_439xx.o(.text)
    SPI1_IRQHandler                          0x08002da3   Thumb Code     0  startup_stm32f429_439xx.o(.text)
    SPI2_IRQHandler                          0x08002da3   Thumb Code     0  startup_stm32f429_439xx.o(.text)
    SPI3_IRQHandler                          0x08002da3   Thumb Code     0  startup_stm32f429_439xx.o(.text)
    SPI4_IRQHandler                          0x08002da3   Thumb Code     0  startup_stm32f429_439xx.o(.text)
    SPI5_IRQHandler                          0x08002da3   Thumb Code     0  startup_stm32f429_439xx.o(.text)
    SPI6_IRQHandler                          0x08002da3   Thumb Code     0  startup_stm32f429_439xx.o(.text)
    TAMP_STAMP_IRQHandler                    0x08002da3   Thumb Code     0  startup_stm32f429_439xx.o(.text)
    TIM1_BRK_TIM9_IRQHandler                 0x08002da3   Thumb Code     0  startup_stm32f429_439xx.o(.text)
    TIM1_CC_IRQHandler                       0x08002da3   Thumb Code     0  startup_stm32f429_439xx.o(.text)
    TIM1_TRG_COM_TIM11_IRQHandler            0x08002da3   Thumb Code     0  startup_stm32f429_439xx.o(.text)
    TIM1_UP_TIM10_IRQHandler                 0x08002da3   Thumb Code     0  startup_stm32f429_439xx.o(.text)
    TIM2_IRQHandler                          0x08002da3   Thumb Code     0  startup_stm32f429_439xx.o(.text)
    TIM4_IRQHandler                          0x08002da3   Thumb Code     0  startup_stm32f429_439xx.o(.text)
    TIM5_IRQHandler                          0x08002da3   Thumb Code     0  startup_stm32f429_439xx.o(.text)
    TIM6_DAC_IRQHandler                      0x08002da3   Thumb Code     0  startup_stm32f429_439xx.o(.text)
    TIM7_IRQHandler                          0x08002da3   Thumb Code     0  startup_stm32f429_439xx.o(.text)
    TIM8_BRK_TIM12_IRQHandler                0x08002da3   Thumb Code     0  startup_stm32f429_439xx.o(.text)
    TIM8_CC_IRQHandler                       0x08002da3   Thumb Code     0  startup_stm32f429_439xx.o(.text)
    TIM8_TRG_COM_TIM14_IRQHandler            0x08002da3   Thumb Code     0  startup_stm32f429_439xx.o(.text)
    TIM8_UP_TIM13_IRQHandler                 0x08002da3   Thumb Code     0  startup_stm32f429_439xx.o(.text)
    UART4_IRQHandler                         0x08002da3   Thumb Code     0  startup_stm32f429_439xx.o(.text)
    UART5_IRQHandler                         0x08002da3   Thumb Code     0  startup_stm32f429_439xx.o(.text)
    UART7_IRQHandler                         0x08002da3   Thumb Code     0  startup_stm32f429_439xx.o(.text)
    UART8_IRQHandler                         0x08002da3   Thumb Code     0  startup_stm32f429_439xx.o(.text)
    USART1_IRQHandler                        0x08002da3   Thumb Code     0  startup_stm32f429_439xx.o(.text)
    USART2_IRQHandler                        0x08002da3   Thumb Code     0  startup_stm32f429_439xx.o(.text)
    USART3_IRQHandler                        0x08002da3   Thumb Code     0  startup_stm32f429_439xx.o(.text)
    USART6_IRQHandler                        0x08002da3   Thumb Code     0  startup_stm32f429_439xx.o(.text)
    WWDG_IRQHandler                          0x08002da3   Thumb Code     0  startup_stm32f429_439xx.o(.text)
    SystemInit                               0x08002ebd   Thumb Code    88  system_stm32f4xx.o(.text)
    SystemCoreClockUpdate                    0x08002f15   Thumb Code   174  system_stm32f4xx.o(.text)
    __scatterload                            0x08002ff1   Thumb Code    28  init.o(.text)
    __scatterload_rt2                        0x08002ff1   Thumb Code     0  init.o(.text)
    SVC_Count                                0x08003014   Data           4  svc_table.o(SVC_TABLE)
    SVC_Table                                0x08003018   Data           0  svc_table.o(SVC_TABLE)
    __scatterload_copy                       0x08003019   Thumb Code    14  handlers.o(i.__scatterload_copy)
    __scatterload_null                       0x08003027   Thumb Code     2  handlers.o(i.__scatterload_null)
    __scatterload_zeroinit                   0x08003029   Thumb Code    14  handlers.o(i.__scatterload_zeroinit)
    _init_box                                0x08003037   Thumb Code    70  rt_membox.o(i._init_box)
    dbg_init                                 0x0800307d   Thumb Code    34  hal_cm.o(i.dbg_init)
    dbg_task_notify                          0x080030ad   Thumb Code    32  hal_cm.o(i.dbg_task_notify)
    dbg_task_switch                          0x080030cd   Thumb Code    16  hal_cm.o(i.dbg_task_switch)
    isr_evt_set                              0x08003109   Thumb Code    34  rt_event.o(i.isr_evt_set)
    isr_mbx_receive                          0x08003131   Thumb Code    80  rt_mailbox.o(i.isr_mbx_receive)
    isr_mbx_send                             0x08003181   Thumb Code    14  rt_mailbox.o(i.isr_mbx_send)
    osKernelInitialize                       0x08003191   Thumb Code    30  rt_cmsis.o(i.osKernelInitialize)
    osKernelStart                            0x080031b5   Thumb Code    98  rt_cmsis.o(i.osKernelStart)
    osMessageGet                             0x08003221   Thumb Code    62  rt_cmsis.o(i.osMessageGet)
    osSignalSet                              0x08003265   Thumb Code    48  rt_cmsis.o(i.osSignalSet)
    osSignalWait                             0x08003299   Thumb Code    18  rt_cmsis.o(i.osSignalWait)
    osThreadCreate                           0x080032b1   Thumb Code    38  rt_cmsis.o(i.osThreadCreate)
    osThreadExit                             0x080032e1   Thumb Code    14  rt_cmsis.o(i.osThreadExit)
    osThreadGetId                            0x080032f9   Thumb Code    18  rt_cmsis.o(i.osThreadGetId)
    osTimerCall                              0x08003311   Thumb Code     8  rt_cmsis.o(i.osTimerCall)
    osTimerThread                            0x0800331d   Thumb Code    38  rt_cmsis.o(i.osTimerThread)
    os_tick_init                             0x08003349   Thumb Code    32  rt_system.o(i.os_tick_init)
    os_tick_irqack                           0x08003371   Thumb Code     2  rt_system.o(i.os_tick_irqack)
    rt_alloc_box                             0x08003373   Thumb Code    26  rt_membox.o(i.rt_alloc_box)
    rt_alloc_mem                             0x0800338d   Thumb Code    60  rt_memory.o(i.rt_alloc_mem)
    rt_block                                 0x080033c9   Thumb Code    48  rt_task.o(i.rt_block)
    rt_chk_robin                             0x08003401   Thumb Code    60  rt_robin.o(i.rt_chk_robin)
    rt_dec_dly                               0x08003449   Thumb Code   102  rt_list.o(i.rt_dec_dly)
    rt_dispatch                              0x080034b9   Thumb Code    60  rt_task.o(i.rt_dispatch)
    rt_evt_psh                               0x080034fd   Thumb Code    76  rt_event.o(i.rt_evt_psh)
    rt_evt_set                               0x0800354d   Thumb Code    88  rt_event.o(i.rt_evt_set)
    rt_evt_wait                              0x080035a9   Thumb Code    56  rt_event.o(i.rt_evt_wait)
    rt_free_box                              0x080035e5   Thumb Code    32  rt_membox.o(i.rt_free_box)
    rt_free_mem                              0x08003605   Thumb Code    40  rt_memory.o(i.rt_free_mem)
    rt_get_first                             0x0800362d   Thumb Code    40  rt_list.o(i.rt_get_first)
    rt_init_mem                              0x080036a5   Thumb Code    26  rt_memory.o(i.rt_init_mem)
    rt_init_robin                            0x080036c1   Thumb Code    14  rt_robin.o(i.rt_init_robin)
    rt_init_stack                            0x080036d9   Thumb Code    70  hal_cm.o(i.rt_init_stack)
    rt_mbx_check                             0x08003729   Thumb Code     8  rt_mailbox.o(i.rt_mbx_check)
    rt_mbx_init                              0x08003731   Thumb Code    28  rt_mailbox.o(i.rt_mbx_init)
    rt_mbx_psh                               0x0800374d   Thumb Code   234  rt_mailbox.o(i.rt_mbx_psh)
    rt_mbx_wait                              0x0800383d   Thumb Code   172  rt_mailbox.o(i.rt_mbx_wait)
    rt_pop_req                               0x08003929   Thumb Code   110  rt_system.o(i.rt_pop_req)
    rt_psh_req                               0x080039a5   Thumb Code    22  rt_system.o(i.rt_psh_req)
    rt_psq_enq                               0x080039c5   Thumb Code    82  rt_list.o(i.rt_psq_enq)
    rt_put_dly                               0x08003a1d   Thumb Code    68  rt_list.o(i.rt_put_dly)
    rt_put_prio                              0x08003a65   Thumb Code    54  rt_list.o(i.rt_put_prio)
    rt_put_rdy_first                         0x08003a9d   Thumb Code    14  rt_list.o(i.rt_put_rdy_first)
    rt_resort_prio                           0x08003ab1   Thumb Code    46  rt_list.o(i.rt_resort_prio)
    rt_ret_val                               0x08003af5   Thumb Code    12  hal_cm.o(i.rt_ret_val)
    rt_ret_val2                              0x08003b01   Thumb Code    16  hal_cm.o(i.rt_ret_val2)
    rt_rmv_dly                               0x08003b11   Thumb Code    40  rt_list.o(i.rt_rmv_dly)
    rt_rmv_list                              0x08003b39   Thumb Code    44  rt_list.o(i.rt_rmv_list)
    rt_sem_psh                               0x08003b69   Thumb Code    48  rt_semaphore.o(i.rt_sem_psh)
    rt_stk_check                             0x08003b9d   Thumb Code    28  rt_system.o(i.rt_stk_check)
    rt_switch_req                            0x08003bc1   Thumb Code    30  rt_task.o(i.rt_switch_req)
    rt_sys_init                              0x08003be9   Thumb Code   200  rt_task.o(i.rt_sys_init)
    rt_sys_start                             0x08003cf5   Thumb Code    44  rt_task.o(i.rt_sys_start)
    rt_systick                               0x08003d29   Thumb Code    50  rt_system.o(i.rt_systick)
    rt_tsk_create                            0x08003db5   Thumb Code   116  rt_task.o(i.rt_tsk_create)
    rt_tsk_delete                            0x08003e39   Thumb Code   342  rt_task.o(i.rt_tsk_delete)
    rt_tsk_prio                              0x08003fad   Thumb Code   108  rt_task.o(i.rt_tsk_prio)
    rt_tsk_self                              0x08004029   Thumb Code    12  rt_task.o(i.rt_tsk_self)
    svcKernelInitialize                      0x08004039   Thumb Code    80  rt_cmsis.o(i.svcKernelInitialize)
    svcKernelStart                           0x080040a9   Thumb Code    62  rt_cmsis.o(i.svcKernelStart)
    svcMessageCreate                         0x080040f1   Thumb Code    36  rt_cmsis.o(i.svcMessageCreate)
    svcMessageGet                            0x08004115   Thumb Code    58  rt_cmsis.o(i.svcMessageGet)
    svcSignalSet                             0x0800414f   Thumb Code    36  rt_cmsis.o(i.svcSignalSet)
    svcSignalWait                            0x08004175   Thumb Code    80  rt_cmsis.o(i.svcSignalWait)
    svcThreadCreate                          0x080041c9   Thumb Code   100  rt_cmsis.o(i.svcThreadCreate)
    svcThreadGetId                           0x08004239   Thumb Code    22  rt_cmsis.o(i.svcThreadGetId)
    svcThreadTerminate                       0x08004255   Thumb Code    50  rt_cmsis.o(i.svcThreadTerminate)
    svcTimerCall                             0x0800428d   Thumb Code    24  rt_cmsis.o(i.svcTimerCall)
    sysTimerTick                             0x080042a5   Thumb Code    76  rt_cmsis.o(i.sysTimerTick)
    os_thread_def_ROLES_SlaveStationThread   0x080042f8   Data          16  main.o(.constdata)
    os_maxtaskrun                            0x08004318   Data           2  rtx_conf_cm.o(.constdata)
    os_stackinfo                             0x0800431c   Data           4  rtx_conf_cm.o(.constdata)
    os_rrobin                                0x08004320   Data           4  rtx_conf_cm.o(.constdata)
    os_tickfreq                              0x08004324   Data           4  rtx_conf_cm.o(.constdata)
    os_tickus_i                              0x08004328   Data           2  rtx_conf_cm.o(.constdata)
    os_tickus_f                              0x0800432a   Data           2  rtx_conf_cm.o(.constdata)
    os_trv                                   0x0800432c   Data           4  rtx_conf_cm.o(.constdata)
    os_flags                                 0x08004330   Data           1  rtx_conf_cm.o(.constdata)
    CMSIS_RTOS_API_Version                   0x08004334   Data           4  rtx_conf_cm.o(.constdata)
    CMSIS_RTOS_RTX_Version                   0x08004338   Data           4  rtx_conf_cm.o(.constdata)
    os_clockrate                             0x0800433c   Data           4  rtx_conf_cm.o(.constdata)
    os_timernum                              0x08004340   Data           4  rtx_conf_cm.o(.constdata)
    mp_tcb_size                              0x08004344   Data           2  rtx_conf_cm.o(.constdata)
    mp_stk_size                              0x08004348   Data           4  rtx_conf_cm.o(.constdata)
    os_stack_sz                              0x0800434c   Data           4  rtx_conf_cm.o(.constdata)
    os_fifo_size                             0x08004350   Data           1  rtx_conf_cm.o(.constdata)
    os_thread_def_osTimerThread              0x08004354   Data          16  rtx_conf_cm.o(.constdata)
    os_messageQ_def_osTimerMessageQ          0x08004364   Data           8  rtx_conf_cm.o(.constdata)
    mp_tmr_size                              0x0800436c   Data           2  rtx_conf_cm.o(.constdata)
    Region$$Table$$Base                      0x08004370   Number         0  anon$$obj.o(Region$$Table)
    Region$$Table$$Limit                     0x08004390   Number         0  anon$$obj.o(Region$$Table)
    CC2500_SPI                               0x20000008   Data           4  cc2500_config_f429.o(.data)
    CC2500_SPI_CLK                           0x2000000c   Data           4  cc2500_config_f429.o(.data)
    CC2500_SPI_AF                            0x20000010   Data           1  cc2500_config_f429.o(.data)
    CC2500_SPI_SCLK_GPIO_CLK                 0x20000014   Data           4  cc2500_config_f429.o(.data)
    CC2500_SPI_SCLK_GPIO_PORT                0x20000018   Data           4  cc2500_config_f429.o(.data)
    CC2500_SPI_SCLK_GPIO_PIN                 0x2000001c   Data           2  cc2500_config_f429.o(.data)
    CC2500_SPI_SCLK_AF_PIN_SOURCE            0x2000001e   Data           1  cc2500_config_f429.o(.data)
    CC2500_SPI_CSN_GPIO_CLK                  0x20000020   Data           4  cc2500_config_f429.o(.data)
    CC2500_SPI_CSN_GPIO_PORT                 0x20000024   Data           4  cc2500_config_f429.o(.data)
    CC2500_SPI_CSN_GPIO_PIN                  0x20000028   Data           2  cc2500_config_f429.o(.data)
    CC2500_SPI_CSN_AF_PIN_SOURCE             0x2000002a   Data           1  cc2500_config_f429.o(.data)
    CC2500_SPI_MISO_GPIO_CLK                 0x2000002c   Data           4  cc2500_config_f429.o(.data)
    CC2500_SPI_MISO_GPIO_PORT                0x20000030   Data           4  cc2500_config_f429.o(.data)
    CC2500_SPI_MISO_GPIO_PIN                 0x20000034   Data           2  cc2500_config_f429.o(.data)
    CC2500_SPI_MISO_AF_PIN_SOURCE            0x20000036   Data           1  cc2500_config_f429.o(.data)
    CC2500_SPI_MOSI_GPIO_CLK                 0x20000038   Data           4  cc2500_config_f429.o(.data)
    CC2500_SPI_MOSI_GPIO_PORT                0x2000003c   Data           4  cc2500_config_f429.o(.data)
    CC2500_SPI_MOSI_GPIO_PIN                 0x20000040   Data           2  cc2500_config_f429.o(.data)
    CC2500_SPI_MOSI_AF_PIN_SOURCE            0x20000042   Data           1  cc2500_config_f429.o(.data)
    osThreadId_osTimerThread                 0x2000004c   Data           4  rtx_conf_cm.o(.data)
    osMessageQId_osTimerMessageQ             0x20000050   Data           4  rtx_conf_cm.o(.data)
    os_tmr                                   0x20000054   Data           4  rtx_conf_cm.o(.data)
    m_tmr                                    0x20000058   Data           4  rtx_conf_cm.o(.data)
    os_thread_def_main                       0x2000005c   Data          16  rtx_conf_cm.o(.data)
    SystemCoreClock                          0x2000007c   Data           4  system_stm32f4xx.o(.data)
    AHBPrescTable                            0x20000080   Data          16  system_stm32f4xx.o(.data)
    os_initialized                           0x20000090   Data           1  rt_cmsis.o(.data)
    os_running                               0x20000091   Data           1  rt_cmsis.o(.data)
    os_timer_head                            0x20000094   Data           4  rt_cmsis.o(.data)
    os_tsk                                   0x20000098   Data           8  rt_task.o(.data)
    os_tick_irqn                             0x200000a4   Data           4  rt_system.o(.data)
    os_time                                  0x200000a8   Data           4  rt_time.o(.data)
    dbg_msg                                  0x200000ac   Data           1  hal_cm.o(.data)
    os_robin                                 0x200000b0   Data           8  rt_robin.o(.data)
    mp_tcb                                   0x200000b8   Data         376  rtx_conf_cm.o(.bss)
    mp_stk                                   0x20000230   Data        6016  rtx_conf_cm.o(.bss)
    os_stack_mem                             0x200019b0   Data        1232  rtx_conf_cm.o(.bss)
    os_fifo                                  0x20001e80   Data         132  rtx_conf_cm.o(.bss)
    os_active_TCB                            0x20001f04   Data          28  rtx_conf_cm.o(.bss)
    os_messageQ_q_osTimerMessageQ            0x20001f20   Data          32  rtx_conf_cm.o(.bss)
    os_idle_TCB                              0x20001f40   Data          52  rt_task.o(.bss)
    os_rdy                                   0x20001f74   Data          24  rt_list.o(.bss)
    os_dly                                   0x20001f8c   Data          24  rt_list.o(.bss)
    __initial_sp                             0x200023a8   Data           0  startup_stm32f429_439xx.o(STACK)



==============================================================================

Memory Map of the image

  Image Entry point : 0x080001ad

  Load Region LR_IROM1 (Base: 0x08000000, Size: 0x00004448, Max: 0x00200000, ABSOLUTE)

    Execution Region ER_IROM1 (Base: 0x08000000, Size: 0x00004390, Max: 0x00200000, ABSOLUTE)

    Base Addr    Size         Type   Attr      Idx    E Section Name        Object

    0x08000000   0x000001ac   Data   RO          995    RESET               startup_stm32f429_439xx.o
    0x080001ac   0x00000000   Code   RO         2217  * .ARM.Collect$$$$00000000  mc_w.l(entry.o)
    0x080001ac   0x00000004   Code   RO         2220    .ARM.Collect$$$$00000001  mc_w.l(entry2.o)
    0x080001b0   0x00000004   Code   RO         2223    .ARM.Collect$$$$00000004  mc_w.l(entry5.o)
    0x080001b4   0x00000000   Code   RO         2225    .ARM.Collect$$$$00000008  mc_w.l(entry7b.o)
    0x080001b4   0x00000000   Code   RO         2227    .ARM.Collect$$$$0000000A  mc_w.l(entry8b.o)
    0x080001b4   0x00000000   Code   RO         2228    .ARM.Collect$$$$0000000D  mc_w.l(entry10a.o)
    0x080001b4   0x00000000   Code   RO         2230    .ARM.Collect$$$$0000000F  mc_w.l(entry11a.o)
    0x080001b4   0x00000018   Code   RO          282    .ARM.Collect$$$$000000FF  rtx_conf_cm.o
    0x080001cc   0x00000004   Code   RO         2221    .ARM.Collect$$$$00002712  mc_w.l(entry2.o)
    0x080001d0   0x00000180   Code   RO         2204    .emb_text           RTX_CM4.lib(hal_cm4.o)
    0x08000350   0x000000d4   Code   RO          146    .text               main.o
    0x08000424   0x00000900   Code   RO          197    .text               cc2500.o
    0x08000d24   0x000003c0   Code   RO          240    .text               wireless.o
    0x080010e4   0x00000040   Code   RO          270    .text               slavestation.o
    0x08001124   0x0000001e   Code   RO          283    .text               rtx_conf_cm.o
    0x08001142   0x00000002   PAD
    0x08001144   0x000000e0   Code   RO          313    .text               misc.o
    0x08001224   0x00000110   Code   RO          573    .text               stm32f4xx_exti.o
    0x08001334   0x00000294   Code   RO          633    .text               stm32f4xx_gpio.o
    0x080015c8   0x00000638   Code   RO          793    .text               stm32f4xx_rcc.o
    0x08001c00   0x0000044e   Code   RO          895    .text               stm32f4xx_spi.o
    0x0800204e   0x00000002   PAD
    0x08002050   0x00000094   Code   RO          915    .text               stm32f4xx_syscfg.o
    0x080020e4   0x00000ca2   Code   RO          935    .text               stm32f4xx_tim.o
    0x08002d86   0x00000002   PAD
    0x08002d88   0x00000024   Code   RO          996    .text               startup_stm32f429_439xx.o
    0x08002dac   0x00000244   Code   RO         1002    .text               system_stm32f4xx.o
    0x08002ff0   0x00000024   Code   RO         2232    .text               mc_w.l(init.o)
    0x08003014   0x00000004   Code   RO         2214    SVC_TABLE           RTX_CM4.lib(svc_table.o)
    0x08003018   0x0000000e   Code   RO         2236    i.__scatterload_copy  mc_w.l(handlers.o)
    0x08003026   0x00000002   Code   RO         2237    i.__scatterload_null  mc_w.l(handlers.o)
    0x08003028   0x0000000e   Code   RO         2238    i.__scatterload_zeroinit  mc_w.l(handlers.o)
    0x08003036   0x00000046   Code   RO         2077    i._init_box         RTX_CM4.lib(rt_membox.o)
    0x0800307c   0x00000030   Code   RO         2130    i.dbg_init          RTX_CM4.lib(hal_cm.o)
    0x080030ac   0x00000020   Code   RO         2131    i.dbg_task_notify   RTX_CM4.lib(hal_cm.o)
    0x080030cc   0x00000010   Code   RO         2132    i.dbg_task_switch   RTX_CM4.lib(hal_cm.o)
    0x080030dc   0x0000002c   Code   RO         1028    i.isrMessagePut     RTX_CM4.lib(rt_cmsis.o)
    0x08003108   0x00000028   Code   RO         1805    i.isr_evt_set       RTX_CM4.lib(rt_event.o)
    0x08003130   0x00000050   Code   RO         1923    i.isr_mbx_receive   RTX_CM4.lib(rt_mailbox.o)
    0x08003180   0x0000000e   Code   RO         1924    i.isr_mbx_send      RTX_CM4.lib(rt_mailbox.o)
    0x0800318e   0x00000002   PAD
    0x08003190   0x00000024   Code   RO         1030    i.osKernelInitialize  RTX_CM4.lib(rt_cmsis.o)
    0x080031b4   0x0000006c   Code   RO         1032    i.osKernelStart     RTX_CM4.lib(rt_cmsis.o)
    0x08003220   0x00000044   Code   RO         1041    i.osMessageGet      RTX_CM4.lib(rt_cmsis.o)
    0x08003264   0x00000034   Code   RO         1056    i.osSignalSet       RTX_CM4.lib(rt_cmsis.o)
    0x08003298   0x00000018   Code   RO         1057    i.osSignalWait      RTX_CM4.lib(rt_cmsis.o)
    0x080032b0   0x00000030   Code   RO         1058    i.osThreadCreate    RTX_CM4.lib(rt_cmsis.o)
    0x080032e0   0x00000018   Code   RO         1059    i.osThreadExit      RTX_CM4.lib(rt_cmsis.o)
    0x080032f8   0x00000018   Code   RO         1060    i.osThreadGetId     RTX_CM4.lib(rt_cmsis.o)
    0x08003310   0x0000000c   Code   RO         1065    i.osTimerCall       RTX_CM4.lib(rt_cmsis.o)
    0x0800331c   0x0000002c   Code   RO         1070    i.osTimerThread     RTX_CM4.lib(rt_cmsis.o)
    0x08003348   0x00000028   Code   RO         1715    i.os_tick_init      RTX_CM4.lib(rt_system.o)
    0x08003370   0x00000002   Code   RO         1716    i.os_tick_irqack    RTX_CM4.lib(rt_system.o)
    0x08003372   0x0000001a   Code   RO         2078    i.rt_alloc_box      RTX_CM4.lib(rt_membox.o)
    0x0800338c   0x0000003c   Code   RO         2106    i.rt_alloc_mem      RTX_CM4.lib(rt_memory.o)
    0x080033c8   0x00000038   Code   RO         1630    i.rt_block          RTX_CM4.lib(rt_task.o)
    0x08003400   0x00000048   Code   RO         2183    i.rt_chk_robin      RTX_CM4.lib(rt_robin.o)
    0x08003448   0x00000070   Code   RO         1847    i.rt_dec_dly        RTX_CM4.lib(rt_list.o)
    0x080034b8   0x00000044   Code   RO         1631    i.rt_dispatch       RTX_CM4.lib(rt_task.o)
    0x080034fc   0x00000050   Code   RO         1808    i.rt_evt_psh        RTX_CM4.lib(rt_event.o)
    0x0800354c   0x0000005c   Code   RO         1809    i.rt_evt_set        RTX_CM4.lib(rt_event.o)
    0x080035a8   0x0000003c   Code   RO         1810    i.rt_evt_wait       RTX_CM4.lib(rt_event.o)
    0x080035e4   0x00000020   Code   RO         2079    i.rt_free_box       RTX_CM4.lib(rt_membox.o)
    0x08003604   0x00000028   Code   RO         2107    i.rt_free_mem       RTX_CM4.lib(rt_memory.o)
    0x0800362c   0x00000028   Code   RO         1848    i.rt_get_first      RTX_CM4.lib(rt_list.o)
    0x08003654   0x00000008   Code   RO         1075    i.rt_id2obj         RTX_CM4.lib(rt_cmsis.o)
    0x0800365c   0x00000048   Code   RO         1632    i.rt_init_context   RTX_CM4.lib(rt_task.o)
    0x080036a4   0x0000001a   Code   RO         2108    i.rt_init_mem       RTX_CM4.lib(rt_memory.o)
    0x080036be   0x00000002   PAD
    0x080036c0   0x00000018   Code   RO         2184    i.rt_init_robin     RTX_CM4.lib(rt_robin.o)
    0x080036d8   0x00000050   Code   RO         2133    i.rt_init_stack     RTX_CM4.lib(hal_cm.o)
    0x08003728   0x00000008   Code   RO         1925    i.rt_mbx_check      RTX_CM4.lib(rt_mailbox.o)
    0x08003730   0x0000001c   Code   RO         1926    i.rt_mbx_init       RTX_CM4.lib(rt_mailbox.o)
    0x0800374c   0x000000f0   Code   RO         1927    i.rt_mbx_psh        RTX_CM4.lib(rt_mailbox.o)
    0x0800383c   0x000000b0   Code   RO         1929    i.rt_mbx_wait       RTX_CM4.lib(rt_mailbox.o)
    0x080038ec   0x0000003c   Code   RO         1076    i.rt_ms2tick        RTX_CM4.lib(rt_cmsis.o)
    0x08003928   0x0000007c   Code   RO         1719    i.rt_pop_req        RTX_CM4.lib(rt_system.o)
    0x080039a4   0x00000020   Code   RO         1720    i.rt_psh_req        RTX_CM4.lib(rt_system.o)
    0x080039c4   0x00000058   Code   RO         1850    i.rt_psq_enq        RTX_CM4.lib(rt_list.o)
    0x08003a1c   0x00000048   Code   RO         1851    i.rt_put_dly        RTX_CM4.lib(rt_list.o)
    0x08003a64   0x00000036   Code   RO         1852    i.rt_put_prio       RTX_CM4.lib(rt_list.o)
    0x08003a9a   0x00000002   PAD
    0x08003a9c   0x00000014   Code   RO         1853    i.rt_put_rdy_first  RTX_CM4.lib(rt_list.o)
    0x08003ab0   0x00000034   Code   RO         1854    i.rt_resort_prio    RTX_CM4.lib(rt_list.o)
    0x08003ae4   0x00000010   Code   RO         2134    i.rt_ret_regs       RTX_CM4.lib(hal_cm.o)
    0x08003af4   0x0000000c   Code   RO         2135    i.rt_ret_val        RTX_CM4.lib(hal_cm.o)
    0x08003b00   0x00000010   Code   RO         2136    i.rt_ret_val2       RTX_CM4.lib(hal_cm.o)
    0x08003b10   0x00000028   Code   RO         1855    i.rt_rmv_dly        RTX_CM4.lib(rt_list.o)
    0x08003b38   0x00000030   Code   RO         1856    i.rt_rmv_list       RTX_CM4.lib(rt_list.o)
    0x08003b68   0x00000034   Code   RO         1974    i.rt_sem_psh        RTX_CM4.lib(rt_semaphore.o)
    0x08003b9c   0x00000024   Code   RO         1722    i.rt_stk_check      RTX_CM4.lib(rt_system.o)
    0x08003bc0   0x00000028   Code   RO         1633    i.rt_switch_req     RTX_CM4.lib(rt_task.o)
    0x08003be8   0x0000010c   Code   RO         1634    i.rt_sys_init       RTX_CM4.lib(rt_task.o)
    0x08003cf4   0x00000034   Code   RO         1635    i.rt_sys_start      RTX_CM4.lib(rt_task.o)
    0x08003d28   0x00000040   Code   RO         1724    i.rt_systick        RTX_CM4.lib(rt_system.o)
    0x08003d68   0x00000012   Code   RO         1077    i.rt_tid2ptcb       RTX_CM4.lib(rt_cmsis.o)
    0x08003d7a   0x00000002   PAD
    0x08003d7c   0x00000038   Code   RO         1078    i.rt_timer_insert   RTX_CM4.lib(rt_cmsis.o)
    0x08003db4   0x00000084   Code   RO         1636    i.rt_tsk_create     RTX_CM4.lib(rt_task.o)
    0x08003e38   0x00000174   Code   RO         1637    i.rt_tsk_delete     RTX_CM4.lib(rt_task.o)
    0x08003fac   0x0000007c   Code   RO         1639    i.rt_tsk_prio       RTX_CM4.lib(rt_task.o)
    0x08004028   0x00000010   Code   RO         1640    i.rt_tsk_self       RTX_CM4.lib(rt_task.o)
    0x08004038   0x00000070   Code   RO         1081    i.svcKernelInitialize  RTX_CM4.lib(rt_cmsis.o)
    0x080040a8   0x00000048   Code   RO         1083    i.svcKernelStart    RTX_CM4.lib(rt_cmsis.o)
    0x080040f0   0x00000024   Code   RO         1086    i.svcMessageCreate  RTX_CM4.lib(rt_cmsis.o)
    0x08004114   0x0000003a   Code   RO         1087    i.svcMessageGet     RTX_CM4.lib(rt_cmsis.o)
    0x0800414e   0x00000024   Code   RO         1099    i.svcSignalSet      RTX_CM4.lib(rt_cmsis.o)
    0x08004172   0x00000002   PAD
    0x08004174   0x00000054   Code   RO         1100    i.svcSignalWait     RTX_CM4.lib(rt_cmsis.o)
    0x080041c8   0x00000070   Code   RO         1101    i.svcThreadCreate   RTX_CM4.lib(rt_cmsis.o)
    0x08004238   0x0000001c   Code   RO         1102    i.svcThreadGetId    RTX_CM4.lib(rt_cmsis.o)
    0x08004254   0x00000038   Code   RO         1105    i.svcThreadTerminate  RTX_CM4.lib(rt_cmsis.o)
    0x0800428c   0x00000018   Code   RO         1107    i.svcTimerCall      RTX_CM4.lib(rt_cmsis.o)
    0x080042a4   0x00000054   Code   RO         1116    i.sysTimerTick      RTX_CM4.lib(rt_cmsis.o)
    0x080042f8   0x00000010   Data   RO          147    .constdata          main.o
    0x08004308   0x00000010   Data   RO          198    .constdata          cc2500.o
    0x08004318   0x00000056   Data   RO          285    .constdata          rtx_conf_cm.o
    0x0800436e   0x00000002   PAD
    0x08004370   0x00000020   Data   RO         2234    Region$$Table       anon$$obj.o


    Execution Region RW_IRAM1 (Base: 0x20000000, Size: 0x000023a8, Max: 0x00030000, ABSOLUTE)

    Base Addr    Size         Type   Attr      Idx    E Section Name        Object

    0x20000000   0x00000005   Data   RW          148    .data               main.o
    0x20000005   0x00000003   PAD
    0x20000008   0x0000003b   Data   RW          223    .data               cc2500_config_f429.o
    0x20000043   0x00000001   PAD
    0x20000044   0x00000006   Data   RW          241    .data               wireless.o
    0x2000004a   0x00000002   PAD
    0x2000004c   0x00000020   Data   RW          286    .data               rtx_conf_cm.o
    0x2000006c   0x00000010   Data   RW          794    .data               stm32f4xx_rcc.o
    0x2000007c   0x00000014   Data   RW         1003    .data               system_stm32f4xx.o
    0x20000090   0x00000008   Data   RW         1119    .data               RTX_CM4.lib(rt_cmsis.o)
    0x20000098   0x00000008   Data   RW         1642    .data               RTX_CM4.lib(rt_task.o)
    0x200000a0   0x00000008   Data   RW         1727    .data               RTX_CM4.lib(rt_system.o)
    0x200000a8   0x00000004   Data   RW         2017    .data               RTX_CM4.lib(rt_time.o)
    0x200000ac   0x00000001   Data   RW         2137    .data               RTX_CM4.lib(hal_cm.o)
    0x200000ad   0x00000003   PAD
    0x200000b0   0x00000008   Data   RW         2185    .data               RTX_CM4.lib(rt_robin.o)
    0x200000b8   0x00001e88   Zero   RW          284    .bss                rtx_conf_cm.o
    0x20001f40   0x00000034   Zero   RW         1641    .bss                RTX_CM4.lib(rt_task.o)
    0x20001f74   0x00000030   Zero   RW         1857    .bss                RTX_CM4.lib(rt_list.o)
    0x20001fa4   0x00000004   PAD
    0x20001fa8   0x00000400   Zero   RW          993    STACK               startup_stm32f429_439xx.o


==============================================================================

Image component sizes


      Code (inc. data)   RO Data    RW Data    ZI Data      Debug   Object Name

      2304         88         16          0          0      27982   cc2500.o
         0          0          0         59          0       1870   cc2500_config_f429.o
         0          0          0          0          0     310284   fput_debug.o
       212         22         16          5          0       6426   main.o
       224         20          0          0          0       2025   misc.o
        54          6         86         32       7816       7282   rtx_conf_cm.o
        64          4          0          0          0        699   slavestation.o
        36          8        428          0       1024        852   startup_stm32f429_439xx.o
       272         10          0          0          0       2467   stm32f4xx_exti.o
       660         44          0          0          0       4301   stm32f4xx_gpio.o
      1592         54          0         16          0      13010   stm32f4xx_rcc.o
      1102         32          0          0          0       7069   stm32f4xx_spi.o
       148         12          0          0          0       1917   stm32f4xx_syscfg.o
      3234         60          0          0          0      22504   stm32f4xx_tim.o
       580         46          0         20          0       1951   system_stm32f4xx.o
       960         16          0          6          0       4894   wireless.o

    ----------------------------------------------------------------------
     11448        422        580        144       8840     415533   Object Totals
         0          0         32          0          0          0   (incl. Generated)
         6          0          2          6          0          0   (incl. Padding)

    ----------------------------------------------------------------------

      Code (inc. data)   RO Data    RW Data    ZI Data      Debug   Library Member Name

       220         24          0          1          0       3528   hal_cm.o
       384         28          0          0          0        728   hal_cm4.o
      1328        162          0          8          0      30522   rt_cmsis.o
       272         18          0          0          0       2230   rt_event.o
       526         36          0          0         48       7069   rt_list.o
       546         10          0          0          0       3285   rt_mailbox.o
       128          0          0          0          0       1621   rt_membox.o
       126          0          0          0          0       1935   rt_memory.o
        96         22          0          8          0       1050   rt_robin.o
        52          4          0          0          0        497   rt_semaphore.o
       298         54          0          8          0       5667   rt_system.o
      1200        174          0          8         52       8409   rt_task.o
         0          0          0          4          0        150   rt_time.o
         4          4          0          0          0        132   svc_table.o
         0          0          0          0          0          0   entry.o
         0          0          0          0          0          0   entry10a.o
         0          0          0          0          0          0   entry11a.o
         8          4          0          0          0          0   entry2.o
         4          0          0          0          0          0   entry5.o
         0          0          0          0          0          0   entry7b.o
         0          0          0          0          0          0   entry8b.o
        30          0          0          0          0          0   handlers.o
        36          8          0          0          0         68   init.o

    ----------------------------------------------------------------------
      5268        548          0         40        104      66891   Library Totals
        10          0          0          3          4          0   (incl. Padding)

    ----------------------------------------------------------------------

      Code (inc. data)   RO Data    RW Data    ZI Data      Debug   Library Name

      5180        536          0         37        100      66823   RTX_CM4.lib
        78         12          0          0          0         68   mc_w.l

    ----------------------------------------------------------------------
      5268        548          0         40        104      66891   Library Totals

    ----------------------------------------------------------------------

==============================================================================


      Code (inc. data)   RO Data    RW Data    ZI Data      Debug   

     16716        970        580        184       8944     472228   Grand Totals
     16716        970        580        184       8944     472228   ELF Image Totals
     16716        970        580        184          0          0   ROM Totals

==============================================================================

    Total RO  Size (Code + RO Data)                17296 (  16.89kB)
    Total RW  Size (RW Data + ZI Data)              9128 (   8.91kB)
    Total ROM Size (Code + RO Data + RW Data)      17480 (  17.07kB)

==============================================================================

