<html>
<body>
<pre>
<h1>µVision Build Log</h1>
<h2>Project:</h2>
C:\Users\mgrego29\Downloads\Lab 1 Base Project git\Lab 1 Base Project\Lab 1 Base Project.uvprojx
Project File Date:  09/20/2014

<h2>Output:</h2>
Build target 'Target 1'
compiling main.c...
source\main.c(80): warning:  #550-D: variable "zz" was set but never used
        unsigned short zz;
source\main.c: 1 warning, 0 errors
linking...
Program Size: Code=900 RO-data=424 RW-data=8 ZI-data=1536  
".\object\Lab 1 Base Project.axf" - 0 Error(s), 1 Warning(s).

<h2>Software Packages used:</h2>

Package Vendor: ARM
                http://www.keil.com/pack/ARM.CMSIS.4.1.1.pack
                ARM::CMSIS:CORE:3.30.0
                CMSIS (Cortex Microcontroller Software Interface Standard)
   * Component: CORE Version: 3.30.0

Package Vendor: Keil
                http://www.keil.com/pack/Keil.STM32F4xx_DFP.1.0.8.pack
                Keil::Device:Startup:1.3.1
                STMicroelectronics STM32F4 Series Device Support, Drivers and Examples
   * Component: Startup Version: 1.3.1

<h2>Collection of Component include folders:</h2>
  C:\Users\mgrego29\Downloads\Lab 1 Base Project git\Lab 1 Base Project\RTE
  C:\Users\mgrego29\Downloads\Lab 1 Base Project git\Lab 1 Base Project\RTE\Device\STM32F407VG
  C:\Keil_v5\ARM\PACK\ARM\CMSIS\4.1.1\CMSIS\Include
  C:\Keil_v5\ARM\PACK\Keil\STM32F4xx_DFP\1.0.8\Device\Include

<h2>Collection of Component Files used:</h2>

   * Component: ARM::CMSIS:CORE:3.30.0
      Source file:   CMSIS\UserCodeTemplates\ARM\ITM_Retarget.c

   * Component: Keil::Device:Startup:1.3.1
      Source file:   Device\Source\ARM\STM32F40xxx_41xxx_OPT.s
      Source file:   Device\Source\ARM\STM32F4xx_OTP.s
      Include file:  Device\Include\stm32f4xx.h
      Source file:   Device\Source\ARM\startup_stm32f40_41xxx.s
      Source file:   Device\Source\system_stm32f4xx.c
      Include file:  RTE_Driver\Config\RTE_Device.h
ce file:   Device\Source\ARM\STM32F4xx_OTP.s
      Include file:  Device\Include\stm32f4xx.h
      Source file:   Device\Source\ARM\startup_stm32f40_41xxx.s
      Source file:   Device\Source\system_stm32f4xx.c
      Include file:  RTE_Driver\Config\RTE_Device.h
Target not created
E_Driver\Config\RTE_Device.h
Source\system_stm32f4xx.c
      Include file:  RTE_Driver\Config\RTE_Device.h
Target not created
xx.c
      Include file:  RTE_Driver\Config\RTE_Device.h
Target not created
